 Retrying in 1 seconds
 Retrying in 1 seconds
 Retrying in 1 seconds
 Retrying in 1 seconds
 Retrying in 1 seconds
 Retrying in 1 seconds
 Retrying in 1 seconds
 Retrying in 1 seconds
 Retrying in 1 seconds
 Retrying in 1 seconds
[shaping_diag] success_cum_shaping=287.70 T=146 d_init=95.9 d_final=0.0
 Retrying in 1 seconds
[shaping_diag] success_cum_shaping=287.70 T=196 d_init=95.9 d_final=0.0
 Retrying in 1 seconds
[shaping_diag] success_cum_shaping=287.70 T=154 d_init=95.9 d_final=0.0
 Retrying in 1 seconds
[shaping_diag] success_cum_shaping=287.70 T=212 d_init=95.9 d_final=0.0
 Retrying in 1 seconds
[shaping_diag] success_cum_shaping=287.70 T=231 d_init=95.9 d_final=0.0
 Retrying in 1 seconds
[shaping_diag] success_cum_shaping=287.70 T=265 d_init=95.9 d_final=0.0
 Retrying in 1 seconds
 Retrying in 1 seconds
[shaping_diag] success_cum_shaping=287.70 T=143 d_init=95.9 d_final=0.0
Warning: Vehicle 'other2' performs emergency braking on lane ':center_7_0' with decel=9.00, wished=6.00, severity=1.00, time=9.50.
 Retrying in 1 seconds
[shaping_diag] success_cum_shaping=287.70 T=275 d_init=95.9 d_final=0.0
 Retrying in 1 seconds
[shaping_diag] success_cum_shaping=287.70 T=205 d_init=95.9 d_final=0.0
Warning: Vehicle 'other2' performs emergency braking on lane ':center_7_0' with decel=9.00, wished=5.00, severity=1.00, time=9.10.
Warning: Vehicle 'other2' collision with person 'ped0', lane=':center_13_0', time=9.60, stage=move.
Warning: Vehicle 'other2' performs emergency braking on lane ':center_7_0' with decel=9.00, wished=6.00, severity=1.00, time=8.10.
Warning: Vehicle 'other2' performs emergency braking on lane ':center_7_0' with decel=9.00, wished=4.00, severity=1.00, time=14.90.
Warning: Vehicle 'other' performs emergency braking on lane ':center_7_0' with decel=9.00, wished=4.00, severity=1.00, time=8.90.
Warning: Collision of person 'ped2' and person 'ped1', lane='left_in_0', time=2.40.
Warning: Vehicle 'other2' performs emergency braking on lane ':center_7_0' with decel=9.00, wished=4.00, severity=1.00, time=9.90.
[fusion_aux] step=4096 ret=189.70 coll=0 ttc=8.14 soft_res=1.9147 cbf_res=0.3505 align_kl=0.6159
 Retrying in 1 seconds
 Retrying in 1 seconds
 Retrying in 1 seconds
 Retrying in 1 seconds
 Retrying in 1 seconds
 Retrying in 1 seconds
 Retrying in 1 seconds
 Retrying in 1 seconds
 Retrying in 1 seconds
 Retrying in 1 seconds
 Retrying in 1 seconds
 Retrying in 1 seconds
 Retrying in 1 seconds
 Retrying in 1 seconds
 Retrying in 1 seconds
 Retrying in 1 seconds
 Retrying in 1 seconds
 Retrying in 1 seconds
 Retrying in 1 seconds
 Retrying in 1 seconds
 Retrying in 1 seconds
 Retrying in 1 seconds
 Retrying in 1 seconds
 Retrying in 1 seconds
 Retrying in 1 seconds
 Retrying in 1 seconds
 Retrying in 1 seconds
 Retrying in 1 seconds
 Retrying in 1 seconds
 Retrying in 1 seconds
 Retrying in 1 seconds
 Retrying in 1 seconds
 Retrying in 1 seconds
 Retrying in 1 seconds
 Retrying in 1 seconds
 Retrying in 1 seconds
 Retrying in 1 seconds
 Retrying in 1 seconds
 Retrying in 1 seconds
 Retrying in 1 seconds
 Retrying in 1 seconds
 Retrying in 1 seconds
 Retrying in 1 seconds
 Retrying in 1 seconds
 Retrying in 1 seconds
 Retrying in 1 seconds
 Retrying in 1 seconds
 Retrying in 1 seconds
 Retrying in 1 seconds
 Retrying in 1 seconds
 Retrying in 1 seconds
 Retrying in 1 seconds
 Retrying in 1 seconds
 Retrying in 1 seconds
 Retrying in 1 seconds
 Retrying in 1 seconds
 Retrying in 1 seconds
 Retrying in 1 seconds
 Retrying in 1 seconds
 Retrying in 1 seconds
 Retrying in 1 seconds
 Retrying in 1 seconds
 Retrying in 1 seconds
 Retrying in 1 seconds
 Retrying in 1 seconds
 Retrying in 1 seconds
 Retrying in 1 seconds
 Retrying in 1 seconds
 Retrying in 1 seconds
 Retrying in 1 seconds
 Retrying in 1 seconds
 Retrying in 1 seconds
 Retrying in 1 seconds
 Retrying in 1 seconds
 Retrying in 1 seconds
 Retrying in 1 seconds
 Retrying in 1 seconds
 Retrying in 1 seconds
 Retrying in 1 seconds
 Retrying in 1 seconds
 Retrying in 1 seconds
 Retrying in 1 seconds
 Retrying in 1 seconds
 Retrying in 1 seconds
 Retrying in 1 seconds
 Retrying in 1 seconds
 Retrying in 1 seconds
 Retrying in 1 seconds
 Retrying in 1 seconds
 Retrying in 1 seconds
 Retrying in 1 seconds
[shaping_diag] success_cum_shaping=287.70 T=471 d_init=95.9 d_final=0.0
Warning: Vehicle 'other2' performs emergency braking on lane ':center_7_0' with decel=9.00, wished=6.00, severity=1.00, time=8.80.
 Retrying in 1 seconds
 Retrying in 1 seconds
[shaping_diag] success_cum_shaping=287.70 T=481 d_init=95.9 d_final=0.0
 Retrying in 1 seconds
[shaping_diag] success_cum_shaping=287.70 T=438 d_init=95.9 d_final=0.0
 Retrying in 1 seconds
 Retrying in 1 seconds
[shaping_diag] success_cum_shaping=287.70 T=380 d_init=95.9 d_final=0.0
 Retrying in 1 seconds
 Retrying in 1 seconds
[shaping_diag] success_cum_shaping=287.70 T=476 d_init=95.9 d_final=0.0
 Retrying in 1 seconds
[shaping_diag] success_cum_shaping=287.70 T=417 d_init=95.9 d_final=0.0
 Retrying in 1 seconds
[shaping_diag] success_cum_shaping=287.70 T=479 d_init=95.9 d_final=0.0
Warning: Vehicle 'other2' performs emergency braking on lane ':center_7_0' with decel=9.00, wished=6.00, severity=1.00, time=7.90.
Warning: Vehicle 'other2' performs emergency braking on lane ':center_7_0' with decel=9.00, wished=5.00, severity=1.00, time=9.90.
Warning: Vehicle 'other2' performs emergency braking on lane ':center_13_0' with decel=9.00, wished=4.00, severity=1.00, time=13.70.
Warning: Vehicle 'other3' performs emergency braking on lane ':center_7_0' with decel=9.00, wished=7.00, severity=1.00, time=15.10.
Warning: Vehicle 'other' performs emergency braking on lane ':center_7_0' with decel=9.00, wished=6.00, severity=1.00, time=5.40.
Warning: Vehicle 'other' collision with person 'ped2', lane=':center_13_0', time=11.80, stage=events.
[fusion_aux] step=45056 ret=173.84 coll=0 ttc=5.46 soft_res=2.0834 cbf_res=0.4317 align_kl=0.5375
 Retrying in 1 seconds
 Retrying in 1 seconds
 Retrying in 1 seconds
 Retrying in 1 seconds
 Retrying in 1 seconds
 Retrying in 1 seconds
 Retrying in 1 seconds
 Retrying in 1 seconds
 Retrying in 1 seconds
 Retrying in 1 seconds
 Retrying in 1 seconds
 Retrying in 1 seconds
 Retrying in 1 seconds
 Retrying in 1 seconds
 Retrying in 1 seconds
 Retrying in 1 seconds
 Retrying in 1 seconds
 Retrying in 1 seconds
 Retrying in 1 seconds
 Retrying in 1 seconds
 Retrying in 1 seconds
 Retrying in 1 seconds
 Retrying in 1 seconds
 Retrying in 1 seconds
 Retrying in 1 seconds
 Retrying in 1 seconds
 Retrying in 1 seconds
 Retrying in 1 seconds
 Retrying in 1 seconds
 Retrying in 1 seconds
 Retrying in 1 seconds
 Retrying in 1 seconds
 Retrying in 1 seconds
 Retrying in 1 seconds
 Retrying in 1 seconds
 Retrying in 1 seconds
 Retrying in 1 seconds
 Retrying in 1 seconds
 Retrying in 1 seconds
 Retrying in 1 seconds
 Retrying in 1 seconds
 Retrying in 1 seconds
 Retrying in 1 seconds
 Retrying in 1 seconds
 Retrying in 1 seconds
 Retrying in 1 seconds
 Retrying in 1 seconds
 Retrying in 1 seconds
 Retrying in 1 seconds
 Retrying in 1 seconds
 Retrying in 1 seconds
 Retrying in 1 seconds
 Retrying in 1 seconds
 Retrying in 1 seconds
 Retrying in 1 seconds
 Retrying in 1 seconds
 Retrying in 1 seconds
 Retrying in 1 seconds
 Retrying in 1 seconds
 Retrying in 1 seconds
 Retrying in 1 seconds
 Retrying in 1 seconds
 Retrying in 1 seconds
 Retrying in 1 seconds
 Retrying in 1 seconds
 Retrying in 1 seconds
 Retrying in 1 seconds
 Retrying in 1 seconds
 Retrying in 1 seconds
 Retrying in 1 seconds
 Retrying in 1 seconds
 Retrying in 1 seconds
 Retrying in 1 seconds
 Retrying in 1 seconds
 Retrying in 1 seconds
 Retrying in 1 seconds
 Retrying in 1 seconds
 Retrying in 1 seconds
 Retrying in 1 seconds
 Retrying in 1 seconds
 Retrying in 1 seconds
 Retrying in 1 seconds
 Retrying in 1 seconds
 Retrying in 1 seconds
 Retrying in 1 seconds
 Retrying in 1 seconds
 Retrying in 1 seconds
 Retrying in 1 seconds
 Retrying in 1 seconds
 Retrying in 1 seconds
 Retrying in 1 seconds
[shaping_diag] success_cum_shaping=287.70 T=296 d_init=95.9 d_final=0.0
 Retrying in 1 seconds
[shaping_diag] success_cum_shaping=287.70 T=293 d_init=95.9 d_final=0.0
Warning: Vehicle 'other2' performs emergency braking on lane ':center_7_0' with decel=9.00, wished=6.00, severity=1.00, time=8.70.
 Retrying in 1 seconds
[shaping_diag] success_cum_shaping=287.70 T=253 d_init=95.9 d_final=0.0
 Retrying in 1 seconds
 Retrying in 1 seconds
 Retrying in 1 seconds
 Retrying in 1 seconds
[shaping_diag] success_cum_shaping=287.70 T=301 d_init=95.9 d_final=0.0
 Retrying in 1 seconds
[shaping_diag] success_cum_shaping=287.70 T=319 d_init=95.9 d_final=0.0
 Retrying in 1 seconds
[shaping_diag] success_cum_shaping=287.70 T=247 d_init=95.9 d_final=0.0
 Retrying in 1 seconds
[shaping_diag] success_cum_shaping=287.70 T=275 d_init=95.9 d_final=0.0
Warning: Vehicle 'other2' performs emergency braking on lane ':center_7_0' with decel=9.00, wished=4.00, severity=1.00, time=11.30.
Warning: Vehicle 'other2' performs emergency braking on lane ':center_7_0' with decel=9.00, wished=5.00, severity=1.00, time=8.80.
Warning: Vehicle 'other2' performs emergency braking on lane ':center_7_0' with decel=9.00, wished=7.00, severity=1.00, time=11.30.
Warning: Vehicle 'other2' collision with person 'ped2', lane=':center_13_0', time=12.20, stage=move.
Warning: Vehicle 'other' performs emergency braking on lane ':center_7_0' with decel=9.00, wished=6.00, severity=1.00, time=5.60.
Warning: Vehicle 'other3' performs emergency braking on lane ':center_13_0' with decel=9.00, wished=5.00, severity=1.00, time=8.90.
Warning: Collision of person 'ped0' and person 'ped2', lane='left_in_0', time=1.60.
Warning: Vehicle 'other2' performs emergency braking on lane ':center_7_0' with decel=9.00, wished=7.00, severity=1.00, time=11.00.
Warning: Vehicle 'other3' performs emergency braking on lane ':center_7_0' with decel=9.00, wished=6.00, severity=1.00, time=7.20.
Warning: Vehicle 'other2' performs emergency braking on lane ':center_7_0' with decel=9.00, wished=4.00, severity=1.00, time=11.50.
Warning: Vehicle 'other2' performs emergency braking on lane ':center_7_0' with decel=9.00, wished=6.00, severity=1.00, time=9.60.
[fusion_aux] step=86016 ret=162.76 coll=0 ttc=6.81 soft_res=3326.6089 cbf_res=0.0683 align_kl=0.6031
 Retrying in 1 seconds
 Retrying in 1 seconds
 Retrying in 1 seconds
 Retrying in 1 seconds
 Retrying in 1 seconds
 Retrying in 1 seconds
 Retrying in 1 seconds
 Retrying in 1 seconds
 Retrying in 1 seconds
 Retrying in 1 seconds
 Retrying in 1 seconds
 Retrying in 1 seconds
 Retrying in 1 seconds
 Retrying in 1 seconds
 Retrying in 1 seconds
 Retrying in 1 seconds
 Retrying in 1 seconds
 Retrying in 1 seconds
 Retrying in 1 seconds
 Retrying in 1 seconds
 Retrying in 1 seconds
 Retrying in 1 seconds
 Retrying in 1 seconds
 Retrying in 1 seconds
 Retrying in 1 seconds
 Retrying in 1 seconds
 Retrying in 1 seconds
 Retrying in 1 seconds
 Retrying in 1 seconds
 Retrying in 1 seconds
 Retrying in 1 seconds
 Retrying in 1 seconds
 Retrying in 1 seconds
 Retrying in 1 seconds
 Retrying in 1 seconds
 Retrying in 1 seconds
 Retrying in 1 seconds
 Retrying in 1 seconds
 Retrying in 1 seconds
 Retrying in 1 seconds
 Retrying in 1 seconds
 Retrying in 1 seconds
 Retrying in 1 seconds
 Retrying in 1 seconds
 Retrying in 1 seconds
 Retrying in 1 seconds
 Retrying in 1 seconds
 Retrying in 1 seconds
 Retrying in 1 seconds
 Retrying in 1 seconds
 Retrying in 1 seconds
 Retrying in 1 seconds
 Retrying in 1 seconds
 Retrying in 1 seconds
 Retrying in 1 seconds
 Retrying in 1 seconds
 Retrying in 1 seconds
 Retrying in 1 seconds
 Retrying in 1 seconds
 Retrying in 1 seconds
 Retrying in 1 seconds
 Retrying in 1 seconds
 Retrying in 1 seconds
 Retrying in 1 seconds
 Retrying in 1 seconds
 Retrying in 1 seconds
 Retrying in 1 seconds
 Retrying in 1 seconds
 Retrying in 1 seconds
 Retrying in 1 seconds
 Retrying in 1 seconds
 Retrying in 1 seconds
 Retrying in 1 seconds
 Retrying in 1 seconds
 Retrying in 1 seconds
 Retrying in 1 seconds
 Retrying in 1 seconds
 Retrying in 1 seconds
 Retrying in 1 seconds
 Retrying in 1 seconds
 Retrying in 1 seconds
 Retrying in 1 seconds
 Retrying in 1 seconds
 Retrying in 1 seconds
 Retrying in 1 seconds
 Retrying in 1 seconds
 Retrying in 1 seconds
 Retrying in 1 seconds
 Retrying in 1 seconds
 Retrying in 1 seconds
 Retrying in 1 seconds
 Retrying in 1 seconds
 Retrying in 1 seconds
 Retrying in 1 seconds
 Retrying in 1 seconds
 Retrying in 1 seconds
 Retrying in 1 seconds
 Retrying in 1 seconds
 Retrying in 1 seconds
 Retrying in 1 seconds
[fusion_aux] step=126976 ret=134.50 coll=0 ttc=8.05 soft_res=100.3679 cbf_res=0.0000 align_kl=0.6047
 Retrying in 1 seconds
 Retrying in 1 seconds
 Retrying in 1 seconds
 Retrying in 1 seconds
 Retrying in 1 seconds
 Retrying in 1 seconds
 Retrying in 1 seconds
 Retrying in 1 seconds
 Retrying in 1 seconds
 Retrying in 1 seconds
 Retrying in 1 seconds
 Retrying in 1 seconds
 Retrying in 1 seconds
 Retrying in 1 seconds
 Retrying in 1 seconds
[shaping_diag] success_cum_shaping=287.70 T=392 d_init=95.9 d_final=0.0
Warning: Vehicle 'other3' performs emergency braking on lane ':center_7_0' with decel=9.00, wished=6.00, severity=1.00, time=8.90.
Warning: Vehicle 'other3' collision with person 'ped0', lane=':center_13_0', time=9.60, stage=move.
Warning: Vehicle 'other' performs emergency braking on lane ':center_7_0' with decel=9.00, wished=4.00, severity=1.00, time=8.30.
Warning: Vehicle 'other3' performs emergency braking on lane ':center_7_0' with decel=9.00, wished=3.00, severity=1.00, time=9.40.
Warning: Collision of person 'ped2' and person 'ped1', lane='left_in_0', time=2.90.
Warning: Vehicle 'other' performs emergency braking on lane ':center_7_0' with decel=9.00, wished=6.00, severity=1.00, time=7.00.
Warning: Vehicle 'other3' performs emergency braking on lane ':center_7_0' with decel=9.00, wished=3.00, severity=1.00, time=9.50.
Warning: Vehicle 'other2' performs emergency braking on lane ':center_7_0' with decel=9.00, wished=7.00, severity=1.00, time=11.40.
Warning: Vehicle 'other3' performs emergency braking on lane ':center_7_0' with decel=9.00, wished=5.00, severity=1.00, time=8.80.
Warning: Vehicle 'other3' performs emergency braking on lane ':center_7_0' with decel=9.00, wished=5.00, severity=1.00, time=8.60.
Warning: Vehicle 'other3' performs emergency braking on lane ':center_7_0' with decel=9.00, wished=4.00, severity=1.00, time=12.30.
Warning: Vehicle 'other' performs emergency braking on lane ':center_7_0' with decel=9.00, wished=3.00, severity=1.00, time=9.50.
Warning: Collision of person 'ped0' and person 'ped2', lane='right_out_0', time=1.60.
Warning: Vehicle 'other2' performs emergency braking on lane ':center_7_0' with decel=9.00, wished=6.00, severity=1.00, time=8.60.
Warning: Vehicle 'other2' performs emergency braking on lane ':center_7_0' with decel=9.00, wished=7.00, severity=1.00, time=8.80.
Warning: Vehicle 'other3' performs emergency braking on lane ':center_7_0' with decel=9.00, wished=3.00, severity=1.00, time=9.60.
Warning: Vehicle 'other3' performs emergency braking on lane ':center_7_0' with decel=9.00, wished=6.00, severity=1.00, time=11.60.
Warning: Vehicle 'other3' collision with person 'ped0', lane=':center_13_0', time=12.90, stage=move.
Warning: Collision of person 'ped0' and person 'ped2', lane='left_in_0', time=1.60.
Warning: Vehicle 'other3' performs emergency braking on lane ':center_7_0' with decel=9.00, wished=4.00, severity=1.00, time=9.10.
 Retrying in 1 seconds
 Retrying in 1 seconds
 Retrying in 1 seconds
 Retrying in 1 seconds
 Retrying in 1 seconds
 Retrying in 1 seconds
 Retrying in 1 seconds
 Retrying in 1 seconds
 Retrying in 1 seconds
 Retrying in 1 seconds
 Retrying in 1 seconds
 Retrying in 1 seconds
 Retrying in 1 seconds
 Retrying in 1 seconds
 Retrying in 1 seconds
 Retrying in 1 seconds
 Retrying in 1 seconds
 Retrying in 1 seconds
 Retrying in 1 seconds
 Retrying in 1 seconds
 Retrying in 1 seconds
 Retrying in 1 seconds
 Retrying in 1 seconds
 Retrying in 1 seconds
 Retrying in 1 seconds
 Retrying in 1 seconds
 Retrying in 1 seconds
 Retrying in 1 seconds
 Retrying in 1 seconds
 Retrying in 1 seconds
 Retrying in 1 seconds
 Retrying in 1 seconds
 Retrying in 1 seconds
 Retrying in 1 seconds
 Retrying in 1 seconds
 Retrying in 1 seconds
 Retrying in 1 seconds
 Retrying in 1 seconds
 Retrying in 1 seconds
 Retrying in 1 seconds
 Retrying in 1 seconds
 Retrying in 1 seconds
 Retrying in 1 seconds
 Retrying in 1 seconds
 Retrying in 1 seconds
 Retrying in 1 seconds
 Retrying in 1 seconds
 Retrying in 1 seconds
 Retrying in 1 seconds
 Retrying in 1 seconds
 Retrying in 1 seconds
 Retrying in 1 seconds
 Retrying in 1 seconds
 Retrying in 1 seconds
 Retrying in 1 seconds
 Retrying in 1 seconds
 Retrying in 1 seconds
 Retrying in 1 seconds
 Retrying in 1 seconds
 Retrying in 1 seconds
 Retrying in 1 seconds
 Retrying in 1 seconds
 Retrying in 1 seconds
 Retrying in 1 seconds
 Retrying in 1 seconds
 Retrying in 1 seconds
 Retrying in 1 seconds
 Retrying in 1 seconds
 Retrying in 1 seconds
 Retrying in 1 seconds
 Retrying in 1 seconds
 Retrying in 1 seconds
 Retrying in 1 seconds
 Retrying in 1 seconds
 Retrying in 1 seconds
 Retrying in 1 seconds
 Retrying in 1 seconds
 Retrying in 1 seconds
 Retrying in 1 seconds
 Retrying in 1 seconds
 Retrying in 1 seconds
 Retrying in 1 seconds
 Retrying in 1 seconds
 Retrying in 1 seconds
 Retrying in 1 seconds
[fusion_aux] step=167936 ret=113.36 coll=0 ttc=14.34 soft_res=24.1817 cbf_res=0.6755 align_kl=0.6367
 Retrying in 1 seconds
 Retrying in 1 seconds
 Retrying in 1 seconds
 Retrying in 1 seconds
 Retrying in 1 seconds
 Retrying in 1 seconds
 Retrying in 1 seconds
 Retrying in 1 seconds
 Retrying in 1 seconds
 Retrying in 1 seconds
 Retrying in 1 seconds
 Retrying in 1 seconds
 Retrying in 1 seconds
 Retrying in 1 seconds
 Retrying in 1 seconds
 Retrying in 1 seconds
 Retrying in 1 seconds
 Retrying in 1 seconds
 Retrying in 1 seconds
 Retrying in 1 seconds
 Retrying in 1 seconds
 Retrying in 1 seconds
 Retrying in 1 seconds
 Retrying in 1 seconds
 Retrying in 1 seconds
 Retrying in 1 seconds
 Retrying in 1 seconds
 Retrying in 1 seconds
 Retrying in 1 seconds
 Retrying in 1 seconds
 Retrying in 1 seconds
 Retrying in 1 seconds
 Retrying in 1 seconds
 Retrying in 1 seconds
 Retrying in 1 seconds
 Retrying in 1 seconds
 Retrying in 1 seconds
 Retrying in 1 seconds
 Retrying in 1 seconds
 Retrying in 1 seconds
 Retrying in 1 seconds
 Retrying in 1 seconds
 Retrying in 1 seconds
 Retrying in 1 seconds
 Retrying in 1 seconds
 Retrying in 1 seconds
 Retrying in 1 seconds
 Retrying in 1 seconds
 Retrying in 1 seconds
 Retrying in 1 seconds
 Retrying in 1 seconds
 Retrying in 1 seconds
 Retrying in 1 seconds
 Retrying in 1 seconds
 Retrying in 1 seconds
 Retrying in 1 seconds
 Retrying in 1 seconds
 Retrying in 1 seconds
 Retrying in 1 seconds
 Retrying in 1 seconds
 Retrying in 1 seconds
 Retrying in 1 seconds
 Retrying in 1 seconds
 Retrying in 1 seconds
 Retrying in 1 seconds
 Retrying in 1 seconds
 Retrying in 1 seconds
 Retrying in 1 seconds
 Retrying in 1 seconds
 Retrying in 1 seconds
 Retrying in 1 seconds
 Retrying in 1 seconds
 Retrying in 1 seconds
 Retrying in 1 seconds
 Retrying in 1 seconds
 Retrying in 1 seconds
 Retrying in 1 seconds
 Retrying in 1 seconds
 Retrying in 1 seconds
 Retrying in 1 seconds
 Retrying in 1 seconds
 Retrying in 1 seconds
 Retrying in 1 seconds
 Retrying in 1 seconds
 Retrying in 1 seconds
 Retrying in 1 seconds
 Retrying in 1 seconds
 Retrying in 1 seconds
 Retrying in 1 seconds
 Retrying in 1 seconds
 Retrying in 1 seconds
 Retrying in 1 seconds
 Retrying in 1 seconds
 Retrying in 1 seconds
 Retrying in 1 seconds
 Retrying in 1 seconds
 Retrying in 1 seconds
 Retrying in 1 seconds
 Retrying in 1 seconds
 Retrying in 1 seconds
[fusion_aux] step=208896 ret=91.21 coll=0 ttc=62.40 soft_res=2.0269 cbf_res=0.1040 align_kl=0.6866
 Retrying in 1 seconds
 Retrying in 1 seconds
 Retrying in 1 seconds
 Retrying in 1 seconds
 Retrying in 1 seconds
 Retrying in 1 seconds
 Retrying in 1 seconds
 Retrying in 1 seconds
 Retrying in 1 seconds
 Retrying in 1 seconds
 Retrying in 1 seconds
 Retrying in 1 seconds
 Retrying in 1 seconds
 Retrying in 1 seconds
 Retrying in 1 seconds
 Retrying in 1 seconds
 Retrying in 1 seconds
 Retrying in 1 seconds
 Retrying in 1 seconds
 Retrying in 1 seconds
 Retrying in 1 seconds
 Retrying in 1 seconds
 Retrying in 1 seconds
 Retrying in 1 seconds
 Retrying in 1 seconds
 Retrying in 1 seconds
 Retrying in 1 seconds
 Retrying in 1 seconds
 Retrying in 1 seconds
 Retrying in 1 seconds
 Retrying in 1 seconds
 Retrying in 1 seconds
 Retrying in 1 seconds
 Retrying in 1 seconds
 Retrying in 1 seconds
 Retrying in 1 seconds
 Retrying in 1 seconds
 Retrying in 1 seconds
 Retrying in 1 seconds
 Retrying in 1 seconds
 Retrying in 1 seconds
 Retrying in 1 seconds
 Retrying in 1 seconds
 Retrying in 1 seconds
 Retrying in 1 seconds
 Retrying in 1 seconds
 Retrying in 1 seconds
 Retrying in 1 seconds
 Retrying in 1 seconds
 Retrying in 1 seconds
 Retrying in 1 seconds
 Retrying in 1 seconds
 Retrying in 1 seconds
 Retrying in 1 seconds
 Retrying in 1 seconds
 Retrying in 1 seconds
 Retrying in 1 seconds
 Retrying in 1 seconds
 Retrying in 1 seconds
 Retrying in 1 seconds
 Retrying in 1 seconds
 Retrying in 1 seconds
 Retrying in 1 seconds
 Retrying in 1 seconds
 Retrying in 1 seconds
 Retrying in 1 seconds
 Retrying in 1 seconds
 Retrying in 1 seconds
 Retrying in 1 seconds
 Retrying in 1 seconds
 Retrying in 1 seconds
 Retrying in 1 seconds
 Retrying in 1 seconds
 Retrying in 1 seconds
 Retrying in 1 seconds
 Retrying in 1 seconds
 Retrying in 1 seconds
 Retrying in 1 seconds
 Retrying in 1 seconds
 Retrying in 1 seconds
 Retrying in 1 seconds
 Retrying in 1 seconds
 Retrying in 1 seconds
 Retrying in 1 seconds
 Retrying in 1 seconds
 Retrying in 1 seconds
 Retrying in 1 seconds
 Retrying in 1 seconds
 Retrying in 1 seconds
 Retrying in 1 seconds
 Retrying in 1 seconds
 Retrying in 1 seconds
 Retrying in 1 seconds
 Retrying in 1 seconds
 Retrying in 1 seconds
 Retrying in 1 seconds
 Retrying in 1 seconds
 Retrying in 1 seconds
 Retrying in 1 seconds
 Retrying in 1 seconds
[fusion_aux] step=249856 ret=76.61 coll=0 ttc=9.31 soft_res=2.5352 cbf_res=0.0000 align_kl=0.5797
 Retrying in 1 seconds
 Retrying in 1 seconds
 Retrying in 1 seconds
 Retrying in 1 seconds
 Retrying in 1 seconds
 Retrying in 1 seconds
 Retrying in 1 seconds
 Retrying in 1 seconds
 Retrying in 1 seconds
 Retrying in 1 seconds
 Retrying in 1 seconds
 Retrying in 1 seconds
 Retrying in 1 seconds
 Retrying in 1 seconds
 Retrying in 1 seconds
 Retrying in 1 seconds
 Retrying in 1 seconds
 Retrying in 1 seconds
 Retrying in 1 seconds
 Retrying in 1 seconds
 Retrying in 1 seconds
 Retrying in 1 seconds
 Retrying in 1 seconds
 Retrying in 1 seconds
 Retrying in 1 seconds
 Retrying in 1 seconds
 Retrying in 1 seconds
 Retrying in 1 seconds
 Retrying in 1 seconds
 Retrying in 1 seconds
 Retrying in 1 seconds
 Retrying in 1 seconds
 Retrying in 1 seconds
 Retrying in 1 seconds
 Retrying in 1 seconds
 Retrying in 1 seconds
 Retrying in 1 seconds
 Retrying in 1 seconds
 Retrying in 1 seconds
 Retrying in 1 seconds
 Retrying in 1 seconds
 Retrying in 1 seconds
 Retrying in 1 seconds
 Retrying in 1 seconds
 Retrying in 1 seconds
 Retrying in 1 seconds
 Retrying in 1 seconds
 Retrying in 1 seconds
 Retrying in 1 seconds
 Retrying in 1 seconds
 Retrying in 1 seconds
 Retrying in 1 seconds
 Retrying in 1 seconds
 Retrying in 1 seconds
 Retrying in 1 seconds
 Retrying in 1 seconds
 Retrying in 1 seconds
 Retrying in 1 seconds
 Retrying in 1 secondsWarning: Vehicle 'other' performs emergency braking on lane ':center_7_0' with decel=9.00, wished=3.00, severity=1.00, time=9.20.
Warning: Vehicle 'other3' performs emergency braking on lane ':center_7_0' with decel=9.00, wished=5.00, severity=1.00, time=9.70.
Warning: Vehicle 'other2' performs emergency braking on lane ':center_7_0' with decel=9.00, wished=6.00, severity=1.00, time=10.00.

 Retrying in 1 seconds
 Retrying in 1 seconds
 Retrying in 1 seconds
 Retrying in 1 seconds
 Retrying in 1 seconds
 Retrying in 1 seconds
 Retrying in 1 seconds
 Retrying in 1 seconds
 Retrying in 1 seconds
 Retrying in 1 seconds
 Retrying in 1 seconds
 Retrying in 1 seconds
 Retrying in 1 seconds
 Retrying in 1 seconds
 Retrying in 1 seconds
 Retrying in 1 seconds
 Retrying in 1 seconds
 Retrying in 1 seconds
 Retrying in 1 seconds
 Retrying in 1 seconds
 Retrying in 1 seconds
 Retrying in 1 seconds
 Retrying in 1 seconds
 Retrying in 1 seconds
 Retrying in 1 seconds
 Retrying in 1 seconds
 Retrying in 1 seconds
 Retrying in 1 seconds
 Retrying in 1 seconds
 Retrying in 1 seconds
 Retrying in 1 seconds
 Retrying in 1 seconds
 Retrying in 1 seconds
 Retrying in 1 seconds
 Retrying in 1 seconds
 Retrying in 1 seconds
 Retrying in 1 seconds
[shaping_diag] success_cum_shaping=287.70 T=203 d_init=95.9 d_final=0.0
Warning: Vehicle 'other3' performs emergency braking on lane ':center_7_0' with decel=9.00, wished=4.00, severity=1.00, time=12.30.
Warning: Vehicle 'other2' performs emergency braking on lane ':center_7_0' with decel=9.00, wished=5.00, severity=1.00, time=11.00.
Warning: Vehicle 'other2' performs emergency braking on lane ':center_7_0' with decel=9.00, wished=5.00, severity=1.00, time=8.90.
Warning: Vehicle 'other3' performs emergency braking on lane ':center_7_0' with decel=9.00, wished=3.00, severity=1.00, time=11.90.
Warning: Vehicle 'other3' collision with person 'ped0', lane=':center_13_0', time=12.40, stage=move.
Warning: Vehicle 'other2' performs emergency braking on lane ':center_7_0' with decel=9.00, wished=6.00, severity=1.00, time=9.30.
Warning: Vehicle 'other2' performs emergency braking on lane ':center_7_0' with decel=9.00, wished=6.00, severity=1.00, time=11.00.
Warning: Vehicle 'other3' performs emergency braking on lane ':center_7_0' with decel=9.00, wished=5.00, severity=1.00, time=8.30.
Warning: Vehicle 'other2' performs emergency braking on lane ':center_7_0' with decel=9.00, wished=6.00, severity=1.00, time=10.40.
 Retrying in 1 seconds
 Retrying in 1 seconds
 Retrying in 1 seconds
 Retrying in 1 seconds
[fusion_aux] step=290816 ret=66.15 coll=0 ttc=8.66 soft_res=2.6025 cbf_res=0.1700 align_kl=0.5926
 Retrying in 1 seconds
 Retrying in 1 seconds
 Retrying in 1 seconds
 Retrying in 1 seconds
 Retrying in 1 seconds
 Retrying in 1 seconds
 Retrying in 1 seconds
 Retrying in 1 seconds
 Retrying in 1 seconds
 Retrying in 1 seconds
 Retrying in 1 seconds
 Retrying in 1 seconds
 Retrying in 1 seconds
 Retrying in 1 seconds
 Retrying in 1 seconds
 Retrying in 1 seconds
 Retrying in 1 seconds
 Retrying in 1 seconds
 Retrying in 1 seconds
 Retrying in 1 seconds
 Retrying in 1 seconds
 Retrying in 1 seconds
 Retrying in 1 seconds
 Retrying in 1 seconds
 Retrying in 1 seconds
 Retrying in 1 seconds
 Retrying in 1 seconds
 Retrying in 1 seconds
 Retrying in 1 seconds
 Retrying in 1 seconds
 Retrying in 1 seconds
 Retrying in 1 seconds
 Retrying in 1 seconds
 Retrying in 1 seconds
 Retrying in 1 seconds
 Retrying in 1 seconds
 Retrying in 1 seconds
 Retrying in 1 seconds
 Retrying in 1 seconds
 Retrying in 1 seconds
 Retrying in 1 seconds
 Retrying in 1 seconds
 Retrying in 1 seconds
 Retrying in 1 seconds
 Retrying in 1 seconds
 Retrying in 1 seconds
 Retrying in 1 seconds
 Retrying in 1 seconds
 Retrying in 1 seconds
 Retrying in 1 seconds
 Retrying in 1 seconds
 Retrying in 1 seconds
 Retrying in 1 seconds
 Retrying in 1 seconds
 Retrying in 1 seconds
 Retrying in 1 seconds
 Retrying in 1 seconds
 Retrying in 1 seconds
 Retrying in 1 seconds
 Retrying in 1 seconds
 Retrying in 1 seconds
 Retrying in 1 seconds
 Retrying in 1 seconds
 Retrying in 1 seconds
 Retrying in 1 seconds
 Retrying in 1 seconds
 Retrying in 1 seconds
 Retrying in 1 seconds
 Retrying in 1 seconds
 Retrying in 1 seconds
 Retrying in 1 seconds
 Retrying in 1 seconds
 Retrying in 1 seconds
 Retrying in 1 seconds
 Retrying in 1 seconds
 Retrying in 1 seconds
 Retrying in 1 seconds
 Retrying in 1 seconds
 Retrying in 1 seconds
 Retrying in 1 seconds
 Retrying in 1 seconds
 Retrying in 1 seconds
 Retrying in 1 seconds
 Retrying in 1 seconds
 Retrying in 1 seconds
 Retrying in 1 seconds
 Retrying in 1 seconds
 Retrying in 1 seconds
 Retrying in 1 seconds
 Retrying in 1 seconds
 Retrying in 1 seconds
 Retrying in 1 seconds
 Retrying in 1 seconds
[shaping_diag] success_cum_shaping=287.70 T=333 d_init=95.9 d_final=0.0
 Retrying in 1 seconds
 Retrying in 1 seconds
[shaping_diag] success_cum_shaping=287.70 T=381 d_init=95.9 d_final=0.0
Warning: Vehicle 'other3' performs emergency braking on lane ':center_7_0' with decel=9.00, wished=4.00, severity=1.00, time=9.30.
 Retrying in 1 seconds
 Retrying in 1 seconds
 Retrying in 1 seconds
 Retrying in 1 seconds
 Retrying in 1 seconds
[fusion_aux] step=331776 ret=62.43 coll=0 ttc=8.29 soft_res=2.1181 cbf_res=0.0000 align_kl=0.5928
 Retrying in 1 seconds
 Retrying in 1 seconds
 Retrying in 1 seconds
 Retrying in 1 seconds
 Retrying in 1 seconds
 Retrying in 1 seconds
 Retrying in 1 seconds
 Retrying in 1 seconds
 Retrying in 1 seconds
 Retrying in 1 seconds
 Retrying in 1 seconds
 Retrying in 1 seconds
 Retrying in 1 seconds
[shaping_diag] success_cum_shaping=287.70 T=320 d_init=95.9 d_final=0.0
Warning: Vehicle 'other3' performs emergency braking on lane ':center_7_0' with decel=9.00, wished=5.00, severity=1.00, time=8.20.
Warning: Vehicle 'other2' performs emergency braking on lane ':center_7_0' with decel=9.00, wished=5.00, severity=1.00, time=14.10.
Warning: Vehicle 'other2' performs emergency braking on lane ':center_7_0' with decel=9.00, wished=4.00, severity=1.00, time=11.30.
Warning: Vehicle 'other2' collision with person 'ped2', lane=':center_13_0', time=12.30, stage=move.
Warning: Vehicle 'other2' performs emergency braking on lane ':center_7_0' with decel=9.00, wished=7.00, severity=1.00, time=11.00.
Warning: Vehicle 'other2' performs emergency braking on lane ':center_7_0' with decel=9.00, wished=3.00, severity=1.00, time=11.90.
Warning: Vehicle 'other2' performs emergency braking on lane ':center_7_0' with decel=9.00, wished=5.00, severity=1.00, time=9.30.
Warning: Collision of person 'ped2' and person 'ped1', lane='right_out_0', time=3.00.
Warning: Collision of person 'ped2' and person 'ped1', lane='right_out_0', time=3.10.
Warning: Vehicle 'other3' performs emergency braking on lane ':center_7_0' with decel=9.00, wished=5.00, severity=1.00, time=9.00.
Warning: Vehicle 'other2' performs emergency braking on lane ':center_7_0' with decel=9.00, wished=6.00, severity=1.00, time=8.70.
Warning: Vehicle 'other2' performs emergency braking on lane ':center_7_0' with decel=9.00, wished=6.00, severity=1.00, time=11.00.
 Retrying in 1 seconds
 Retrying in 1 seconds
 Retrying in 1 seconds
 Retrying in 1 seconds
 Retrying in 1 seconds
 Retrying in 1 seconds
 Retrying in 1 seconds
 Retrying in 1 seconds
 Retrying in 1 seconds
 Retrying in 1 seconds
 Retrying in 1 seconds
 Retrying in 1 seconds
 Retrying in 1 seconds
 Retrying in 1 seconds
 Retrying in 1 seconds
 Retrying in 1 seconds
 Retrying in 1 seconds
 Retrying in 1 seconds
 Retrying in 1 seconds
 Retrying in 1 seconds
 Retrying in 1 seconds
 Retrying in 1 seconds
 Retrying in 1 seconds
 Retrying in 1 seconds
 Retrying in 1 seconds
 Retrying in 1 seconds
 Retrying in 1 seconds
 Retrying in 1 seconds
 Retrying in 1 seconds
 Retrying in 1 seconds
 Retrying in 1 seconds
 Retrying in 1 seconds
 Retrying in 1 seconds
 Retrying in 1 seconds
 Retrying in 1 seconds
 Retrying in 1 seconds
 Retrying in 1 seconds
 Retrying in 1 seconds
 Retrying in 1 seconds
 Retrying in 1 seconds
 Retrying in 1 seconds
 Retrying in 1 seconds
 Retrying in 1 seconds
 Retrying in 1 seconds
 Retrying in 1 seconds
 Retrying in 1 seconds
 Retrying in 1 seconds
 Retrying in 1 seconds
 Retrying in 1 seconds
 Retrying in 1 seconds
 Retrying in 1 seconds
 Retrying in 1 seconds
 Retrying in 1 seconds
 Retrying in 1 seconds
 Retrying in 1 seconds
 Retrying in 1 seconds
 Retrying in 1 seconds
 Retrying in 1 seconds
 Retrying in 1 seconds
 Retrying in 1 seconds
 Retrying in 1 seconds
 Retrying in 1 seconds
 Retrying in 1 seconds
 Retrying in 1 seconds
 Retrying in 1 seconds
 Retrying in 1 seconds
 Retrying in 1 seconds
 Retrying in 1 seconds
 Retrying in 1 seconds
 Retrying in 1 seconds
 Retrying in 1 seconds
 Retrying in 1 seconds
 Retrying in 1 seconds
 Retrying in 1 seconds
 Retrying in 1 seconds
 Retrying in 1 seconds
 Retrying in 1 seconds
 Retrying in 1 seconds
 Retrying in 1 seconds
 Retrying in 1 seconds
 Retrying in 1 seconds
 Retrying in 1 seconds
 Retrying in 1 seconds
[shaping_diag] success_cum_shaping=287.70 T=449 d_init=95.9 d_final=0.0
 Retrying in 1 seconds
[shaping_diag] success_cum_shaping=287.70 T=358 d_init=95.9 d_final=0.0
 Retrying in 1 seconds
 Retrying in 1 seconds
[shaping_diag] success_cum_shaping=287.70 T=469 d_init=95.9 d_final=0.0
Warning: Vehicle 'other3' performs emergency braking on lane ':center_13_0' with decel=9.00, wished=5.00, severity=1.00, time=9.20.
Warning: Vehicle 'other' performs emergency braking on lane ':center_7_0' with decel=9.00, wished=4.00, severity=1.00, time=7.90.
Warning: Vehicle 'other' performs emergency braking on lane ':center_7_0' with decel=9.00, wished=5.00, severity=1.00, time=5.80.
Warning: Vehicle 'other2' performs emergency braking on lane ':center_7_0' with decel=9.00, wished=5.00, severity=1.00, time=8.50.
Warning: Vehicle 'other' performs emergency braking on lane ':center_7_0' with decel=9.00, wished=5.00, severity=1.00, time=5.90.
