 Retrying in 1 seconds
 Retrying in 1 seconds
 Retrying in 1 seconds
 Retrying in 1 seconds
 Retrying in 1 seconds
 Retrying in 1 seconds
 Retrying in 1 seconds
 Retrying in 1 seconds
 Retrying in 1 seconds
 Retrying in 1 seconds
 Retrying in 1 seconds
 Retrying in 1 seconds
 Retrying in 1 seconds
 Retrying in 1 seconds
 Retrying in 1 seconds
 Retrying in 1 seconds
 Retrying in 1 seconds
 Retrying in 1 seconds
 Retrying in 1 seconds
[cbf_aux] step=4096 ret=-63.59 coll=0 ttc=10.55 cbf_res=0.0000
 Retrying in 1 seconds
 Retrying in 1 seconds
 Retrying in 1 seconds
 Retrying in 1 seconds
 Retrying in 1 seconds
 Retrying in 1 seconds
 Retrying in 1 seconds
 Retrying in 1 seconds
 Retrying in 1 seconds
 Retrying in 1 seconds
 Retrying in 1 seconds
 Retrying in 1 seconds
 Retrying in 1 seconds
 Retrying in 1 seconds
 Retrying in 1 seconds
 Retrying in 1 seconds
 Retrying in 1 seconds
 Retrying in 1 seconds
 Retrying in 1 seconds
 Retrying in 1 seconds
 Retrying in 1 seconds
 Retrying in 1 seconds
 Retrying in 1 seconds
 Retrying in 1 seconds
 Retrying in 1 seconds
 Retrying in 1 seconds
 Retrying in 1 seconds
 Retrying in 1 seconds
 Retrying in 1 seconds
 Retrying in 1 seconds
 Retrying in 1 seconds
 Retrying in 1 seconds
 Retrying in 1 seconds
 Retrying in 1 seconds
 Retrying in 1 seconds
 Retrying in 1 seconds
 Retrying in 1 seconds
 Retrying in 1 seconds
 Retrying in 1 seconds
 Retrying in 1 seconds
 Retrying in 1 seconds
 Retrying in 1 seconds
 Retrying in 1 seconds
 Retrying in 1 seconds
 Retrying in 1 seconds
 Retrying in 1 seconds
 Retrying in 1 seconds
 Retrying in 1 seconds
 Retrying in 1 seconds
 Retrying in 1 seconds
 Retrying in 1 seconds
 Retrying in 1 seconds
[shaping_diag] success_cum_shaping=313.35 T=500 d_init=104.4 d_final=0.0
 Retrying in 1 seconds
 Retrying in 1 seconds
 Retrying in 1 seconds
 Retrying in 1 seconds
 Retrying in 1 seconds
 Retrying in 1 seconds
 Retrying in 1 seconds
 Retrying in 1 seconds
 Retrying in 1 seconds
[shaping_diag] success_cum_shaping=313.35 T=392 d_init=104.4 d_final=0.0
 Retrying in 1 seconds
 Retrying in 1 seconds
 Retrying in 1 seconds
 Retrying in 1 seconds
 Retrying in 1 seconds
 Retrying in 1 seconds
 Retrying in 1 seconds
 Retrying in 1 seconds
 Retrying in 1 seconds
[shaping_diag] success_cum_shaping=313.35 T=498 d_init=104.4 d_final=0.0
 Retrying in 1 seconds
 Retrying in 1 seconds
 Retrying in 1 seconds
 Retrying in 1 seconds
[shaping_diag] success_cum_shaping=313.35 T=473 d_init=104.4 d_final=0.0
 Retrying in 1 seconds
[shaping_diag] success_cum_shaping=313.35 T=444 d_init=104.4 d_final=0.0
 Retrying in 1 seconds
 Retrying in 1 seconds
[shaping_diag] success_cum_shaping=313.35 T=438 d_init=104.4 d_final=0.0
 Retrying in 1 seconds
 Retrying in 1 seconds
[shaping_diag] success_cum_shaping=313.35 T=453 d_init=104.4 d_final=0.0
 Retrying in 1 seconds
 Retrying in 1 seconds
 Retrying in 1 seconds
 Retrying in 1 seconds
 Retrying in 1 seconds
 Retrying in 1 seconds
 Retrying in 1 seconds
[shaping_diag] success_cum_shaping=313.35 T=415 d_init=104.4 d_final=0.0
 Retrying in 1 seconds
 Retrying in 1 seconds
 Retrying in 1 seconds
 Retrying in 1 seconds
 Retrying in 1 seconds
[shaping_diag] success_cum_shaping=313.35 T=486 d_init=104.4 d_final=0.0
Warning: Vehicle 'other' performs emergency braking on lane ':center_8_0' with decel=9.00, wished=4.00, severity=1.00, time=7.70.
 Retrying in 1 seconds
[shaping_diag] success_cum_shaping=313.35 T=119 d_init=104.4 d_final=0.0
 Retrying in 1 seconds
[shaping_diag] success_cum_shaping=313.35 T=126 d_init=104.4 d_final=0.0
 Retrying in 1 seconds
 Retrying in 1 seconds
[shaping_diag] success_cum_shaping=313.35 T=128 d_init=104.4 d_final=0.0
 Retrying in 1 seconds
 Retrying in 1 seconds
 Retrying in 1 seconds
 Retrying in 1 seconds
 Retrying in 1 seconds
[shaping_diag] success_cum_shaping=313.35 T=124 d_init=104.4 d_final=0.0
[cbf_aux] step=45056 ret=104.32 coll=0 ttc=10.27 cbf_res=0.0000
 Retrying in 1 seconds
[shaping_diag] success_cum_shaping=313.35 T=339 d_init=104.4 d_final=0.0
 Retrying in 1 seconds
[shaping_diag] success_cum_shaping=313.35 T=450 d_init=104.4 d_final=0.0
 Retrying in 1 seconds
[shaping_diag] success_cum_shaping=313.35 T=401 d_init=104.4 d_final=0.0
 Retrying in 1 seconds
[shaping_diag] success_cum_shaping=313.35 T=326 d_init=104.4 d_final=0.0
 Retrying in 1 seconds
[shaping_diag] success_cum_shaping=313.35 T=372 d_init=104.4 d_final=0.0
 Retrying in 1 seconds
[shaping_diag] success_cum_shaping=313.35 T=349 d_init=104.4 d_final=0.0
 Retrying in 1 seconds
[shaping_diag] success_cum_shaping=313.35 T=397 d_init=104.4 d_final=0.0
 Retrying in 1 seconds
 Retrying in 1 seconds
 Retrying in 1 seconds
[shaping_diag] success_cum_shaping=313.35 T=387 d_init=104.4 d_final=0.0
 Retrying in 1 seconds
 Retrying in 1 seconds
[shaping_diag] success_cum_shaping=313.35 T=367 d_init=104.4 d_final=0.0
 Retrying in 1 seconds
[shaping_diag] success_cum_shaping=313.35 T=452 d_init=104.4 d_final=0.0
 Retrying in 1 seconds
[shaping_diag] success_cum_shaping=313.35 T=375 d_init=104.4 d_final=0.0
 Retrying in 1 seconds
[shaping_diag] success_cum_shaping=313.35 T=426 d_init=104.4 d_final=0.0
 Retrying in 1 seconds
[shaping_diag] success_cum_shaping=313.35 T=304 d_init=104.4 d_final=0.0
 Retrying in 1 seconds
[shaping_diag] success_cum_shaping=313.35 T=338 d_init=104.4 d_final=0.0
 Retrying in 1 seconds
[shaping_diag] success_cum_shaping=313.35 T=363 d_init=104.4 d_final=0.0
 Retrying in 1 seconds
[shaping_diag] success_cum_shaping=313.35 T=296 d_init=104.4 d_final=0.0
 Retrying in 1 seconds
[shaping_diag] success_cum_shaping=313.35 T=450 d_init=104.4 d_final=0.0
 Retrying in 1 seconds
[shaping_diag] success_cum_shaping=313.35 T=308 d_init=104.4 d_final=0.0
 Retrying in 1 seconds
[shaping_diag] success_cum_shaping=313.35 T=362 d_init=104.4 d_final=0.0
 Retrying in 1 seconds
 Retrying in 1 seconds
[shaping_diag] success_cum_shaping=313.35 T=323 d_init=104.4 d_final=0.0
 Retrying in 1 seconds
[shaping_diag] success_cum_shaping=313.35 T=344 d_init=104.4 d_final=0.0
 Retrying in 1 seconds
[shaping_diag] success_cum_shaping=313.35 T=322 d_init=104.4 d_final=0.0
 Retrying in 1 seconds
[shaping_diag] success_cum_shaping=313.35 T=363 d_init=104.4 d_final=0.0
 Retrying in 1 seconds
[shaping_diag] success_cum_shaping=313.35 T=316 d_init=104.4 d_final=0.0
 Retrying in 1 seconds
[shaping_diag] success_cum_shaping=313.35 T=346 d_init=104.4 d_final=0.0
 Retrying in 1 seconds
[shaping_diag] success_cum_shaping=313.35 T=330 d_init=104.4 d_final=0.0
 Retrying in 1 seconds
[shaping_diag] success_cum_shaping=313.35 T=284 d_init=104.4 d_final=0.0
 Retrying in 1 seconds
[shaping_diag] success_cum_shaping=313.35 T=348 d_init=104.4 d_final=0.0
 Retrying in 1 seconds
[shaping_diag] success_cum_shaping=313.35 T=334 d_init=104.4 d_final=0.0
 Retrying in 1 seconds
[shaping_diag] success_cum_shaping=313.35 T=363 d_init=104.4 d_final=0.0
 Retrying in 1 seconds
[shaping_diag] success_cum_shaping=313.35 T=353 d_init=104.4 d_final=0.0
 Retrying in 1 seconds
 Retrying in 1 seconds
[shaping_diag] success_cum_shaping=313.35 T=298 d_init=104.4 d_final=0.0
 Retrying in 1 seconds
[shaping_diag] success_cum_shaping=313.35 T=293 d_init=104.4 d_final=0.0
 Retrying in 1 seconds
[shaping_diag] success_cum_shaping=313.35 T=313 d_init=104.4 d_final=0.0
 Retrying in 1 seconds
[shaping_diag] success_cum_shaping=313.35 T=271 d_init=104.4 d_final=0.0
 Retrying in 1 seconds
[shaping_diag] success_cum_shaping=313.35 T=326 d_init=104.4 d_final=0.0
 Retrying in 1 seconds
[shaping_diag] success_cum_shaping=313.35 T=290 d_init=104.4 d_final=0.0
 Retrying in 1 seconds
[shaping_diag] success_cum_shaping=313.35 T=278 d_init=104.4 d_final=0.0
 Retrying in 1 seconds
[shaping_diag] success_cum_shaping=313.35 T=296 d_init=104.4 d_final=0.0
 Retrying in 1 seconds
[shaping_diag] success_cum_shaping=313.35 T=307 d_init=104.4 d_final=0.0
 Retrying in 1 seconds
[shaping_diag] success_cum_shaping=313.35 T=312 d_init=104.4 d_final=0.0
 Retrying in 1 seconds
[shaping_diag] success_cum_shaping=313.35 T=301 d_init=104.4 d_final=0.0
 Retrying in 1 seconds
[shaping_diag] success_cum_shaping=313.35 T=328 d_init=104.4 d_final=0.0
 Retrying in 1 seconds
[shaping_diag] success_cum_shaping=313.35 T=305 d_init=104.4 d_final=0.0
 Retrying in 1 seconds
 Retrying in 1 seconds
[shaping_diag] success_cum_shaping=313.35 T=265 d_init=104.4 d_final=0.0
 Retrying in 1 seconds
[shaping_diag] success_cum_shaping=313.35 T=297 d_init=104.4 d_final=0.0
 Retrying in 1 seconds
[shaping_diag] success_cum_shaping=313.35 T=276 d_init=104.4 d_final=0.0
 Retrying in 1 seconds
[shaping_diag] success_cum_shaping=313.35 T=318 d_init=104.4 d_final=0.0
 Retrying in 1 seconds
[shaping_diag] success_cum_shaping=313.35 T=277 d_init=104.4 d_final=0.0
 Retrying in 1 seconds
[shaping_diag] success_cum_shaping=313.35 T=291 d_init=104.4 d_final=0.0
 Retrying in 1 seconds
[shaping_diag] success_cum_shaping=313.35 T=279 d_init=104.4 d_final=0.0
 Retrying in 1 seconds
[shaping_diag] success_cum_shaping=313.35 T=298 d_init=104.4 d_final=0.0
 Retrying in 1 seconds
[shaping_diag] success_cum_shaping=313.35 T=359 d_init=104.4 d_final=0.0
 Retrying in 1 seconds
[shaping_diag] success_cum_shaping=313.35 T=365 d_init=104.4 d_final=0.0
 Retrying in 1 seconds
[shaping_diag] success_cum_shaping=313.35 T=245 d_init=104.4 d_final=0.0
 Retrying in 1 seconds
[shaping_diag] success_cum_shaping=313.35 T=271 d_init=104.4 d_final=0.0
 Retrying in 1 seconds
[shaping_diag] success_cum_shaping=313.35 T=289 d_init=104.4 d_final=0.0
 Retrying in 1 seconds
 Retrying in 1 seconds
[shaping_diag] success_cum_shaping=313.35 T=231 d_init=104.4 d_final=0.0
 Retrying in 1 seconds
[shaping_diag] success_cum_shaping=313.35 T=253 d_init=104.4 d_final=0.0
 Retrying in 1 seconds
[shaping_diag] success_cum_shaping=313.35 T=283 d_init=104.4 d_final=0.0
 Retrying in 1 seconds
[shaping_diag] success_cum_shaping=313.35 T=315 d_init=104.4 d_final=0.0
 Retrying in 1 seconds
[shaping_diag] success_cum_shaping=313.35 T=300 d_init=104.4 d_final=0.0
 Retrying in 1 seconds
[shaping_diag] success_cum_shaping=313.35 T=236 d_init=104.4 d_final=0.0
 Retrying in 1 seconds
[shaping_diag] success_cum_shaping=313.35 T=231 d_init=104.4 d_final=0.0
 Retrying in 1 seconds
[shaping_diag] success_cum_shaping=313.35 T=274 d_init=104.4 d_final=0.0
 Retrying in 1 seconds
[shaping_diag] success_cum_shaping=313.35 T=279 d_init=104.4 d_final=0.0
 Retrying in 1 seconds
[shaping_diag] success_cum_shaping=313.35 T=261 d_init=104.4 d_final=0.0
 Retrying in 1 seconds
[shaping_diag] success_cum_shaping=313.35 T=295 d_init=104.4 d_final=0.0
 Retrying in 1 seconds
[shaping_diag] success_cum_shaping=313.35 T=283 d_init=104.4 d_final=0.0
 Retrying in 1 seconds
[shaping_diag] success_cum_shaping=313.35 T=326 d_init=104.4 d_final=0.0
 Retrying in 1 seconds
[shaping_diag] success_cum_shaping=313.35 T=294 d_init=104.4 d_final=0.0
 Retrying in 1 seconds
 Retrying in 1 seconds
[shaping_diag] success_cum_shaping=313.35 T=255 d_init=104.4 d_final=0.0
 Retrying in 1 seconds
[shaping_diag] success_cum_shaping=313.35 T=240 d_init=104.4 d_final=0.0
 Retrying in 1 seconds
[shaping_diag] success_cum_shaping=313.35 T=265 d_init=104.4 d_final=0.0
 Retrying in 1 seconds
[shaping_diag] success_cum_shaping=313.35 T=289 d_init=104.4 d_final=0.0
 Retrying in 1 seconds
[shaping_diag] success_cum_shaping=313.35 T=285 d_init=104.4 d_final=0.0
 Retrying in 1 seconds
[shaping_diag] success_cum_shaping=313.35 T=237 d_init=104.4 d_final=0.0
 Retrying in 1 seconds
[shaping_diag] success_cum_shaping=313.35 T=303 d_init=104.4 d_final=0.0
 Retrying in 1 seconds
[shaping_diag] success_cum_shaping=313.35 T=237 d_init=104.4 d_final=0.0
 Retrying in 1 seconds
[shaping_diag] success_cum_shaping=313.35 T=294 d_init=104.4 d_final=0.0
 Retrying in 1 seconds
[shaping_diag] success_cum_shaping=313.35 T=263 d_init=104.4 d_final=0.0
 Retrying in 1 seconds
[shaping_diag] success_cum_shaping=313.35 T=251 d_init=104.4 d_final=0.0
 Retrying in 1 seconds
[shaping_diag] success_cum_shaping=313.35 T=296 d_init=104.4 d_final=0.0
 Retrying in 1 seconds
[shaping_diag] success_cum_shaping=313.35 T=289 d_init=104.4 d_final=0.0
 Retrying in 1 seconds
[shaping_diag] success_cum_shaping=313.35 T=292 d_init=104.4 d_final=0.0
 Retrying in 1 seconds
[shaping_diag] success_cum_shaping=313.35 T=269 d_init=104.4 d_final=0.0
 Retrying in 1 seconds
 Retrying in 1 seconds
[shaping_diag] success_cum_shaping=313.35 T=252 d_init=104.4 d_final=0.0
 Retrying in 1 seconds
[shaping_diag] success_cum_shaping=313.35 T=220 d_init=104.4 d_final=0.0
 Retrying in 1 seconds
[shaping_diag] success_cum_shaping=313.35 T=215 d_init=104.4 d_final=0.0
 Retrying in 1 seconds
[shaping_diag] success_cum_shaping=313.35 T=298 d_init=104.4 d_final=0.0
 Retrying in 1 seconds
[shaping_diag] success_cum_shaping=313.35 T=297 d_init=104.4 d_final=0.0
 Retrying in 1 seconds
[shaping_diag] success_cum_shaping=313.35 T=315 d_init=104.4 d_final=0.0
 Retrying in 1 seconds
[shaping_diag] success_cum_shaping=313.35 T=248 d_init=104.4 d_final=0.0
 Retrying in 1 seconds
[shaping_diag] success_cum_shaping=313.35 T=226 d_init=104.4 d_final=0.0
 Retrying in 1 seconds
[shaping_diag] success_cum_shaping=313.35 T=216 d_init=104.4 d_final=0.0
 Retrying in 1 seconds
[shaping_diag] success_cum_shaping=313.35 T=275 d_init=104.4 d_final=0.0
 Retrying in 1 seconds
[shaping_diag] success_cum_shaping=313.35 T=265 d_init=104.4 d_final=0.0
 Retrying in 1 seconds
[shaping_diag] success_cum_shaping=313.35 T=247 d_init=104.4 d_final=0.0
 Retrying in 1 seconds
[shaping_diag] success_cum_shaping=313.35 T=267 d_init=104.4 d_final=0.0
 Retrying in 1 seconds
[shaping_diag] success_cum_shaping=313.35 T=217 d_init=104.4 d_final=0.0
 Retrying in 1 seconds
[shaping_diag] success_cum_shaping=313.35 T=272 d_init=104.4 d_final=0.0
 Retrying in 1 seconds
 Retrying in 1 seconds
[shaping_diag] success_cum_shaping=313.35 T=229 d_init=104.4 d_final=0.0
 Retrying in 1 seconds
[shaping_diag] success_cum_shaping=313.35 T=205 d_init=104.4 d_final=0.0
 Retrying in 1 seconds
[shaping_diag] success_cum_shaping=313.35 T=223 d_init=104.4 d_final=0.0
 Retrying in 1 seconds
[shaping_diag] success_cum_shaping=313.35 T=217 d_init=104.4 d_final=0.0
 Retrying in 1 seconds
[shaping_diag] success_cum_shaping=313.35 T=206 d_init=104.4 d_final=0.0
 Retrying in 1 seconds
[shaping_diag] success_cum_shaping=313.35 T=239 d_init=104.4 d_final=0.0
 Retrying in 1 seconds
[shaping_diag] success_cum_shaping=313.35 T=255 d_init=104.4 d_final=0.0
 Retrying in 1 seconds
[shaping_diag] success_cum_shaping=313.35 T=236 d_init=104.4 d_final=0.0
 Retrying in 1 seconds
[shaping_diag] success_cum_shaping=313.35 T=238 d_init=104.4 d_final=0.0
 Retrying in 1 seconds
[shaping_diag] success_cum_shaping=313.35 T=253 d_init=104.4 d_final=0.0
 Retrying in 1 seconds
[shaping_diag] success_cum_shaping=313.35 T=259 d_init=104.4 d_final=0.0
 Retrying in 1 seconds
[shaping_diag] success_cum_shaping=313.35 T=224 d_init=104.4 d_final=0.0
 Retrying in 1 seconds
[shaping_diag] success_cum_shaping=313.35 T=247 d_init=104.4 d_final=0.0
 Retrying in 1 seconds
[shaping_diag] success_cum_shaping=313.35 T=247 d_init=104.4 d_final=0.0
 Retrying in 1 seconds
[shaping_diag] success_cum_shaping=313.35 T=242 d_init=104.4 d_final=0.0
Error: tcpip::Socket::recvAndCheck @ recv: peer shutdown
Quitting (on error).
