Warning: Vehicle 'other' performs emergency braking on lane ':center_7_0' with decel=9.00, wished=3.00, severity=1.00, time=8.80.
 Retrying in 1 seconds
 Retrying in 1 seconds
 Retrying in 1 seconds
 Retrying in 1 seconds
 Retrying in 1 seconds
 Retrying in 1 seconds
 Retrying in 1 seconds
 Retrying in 1 seconds
 Retrying in 1 seconds
 Retrying in 1 seconds
[shaping_diag] success_cum_shaping=287.70 T=474 d_init=95.9 d_final=0.0
Warning: Vehicle 'other3' performs emergency braking on lane ':center_7_0' with decel=9.00, wished=6.00, severity=1.00, time=10.00.
Warning: Vehicle 'other' performs emergency braking on lane ':center_7_0' with decel=9.00, wished=4.00, severity=1.00, time=8.30.
Warning: Vehicle 'other2' performs emergency braking on lane ':center_7_0' with decel=9.00, wished=7.00, severity=1.00, time=9.40.
Warning: Vehicle 'other2' performs emergency braking on lane ':center_7_0' with decel=9.00, wished=3.00, severity=1.00, time=11.60.
Warning: Vehicle 'other' performs emergency braking on lane ':center_7_0' with decel=9.00, wished=6.00, severity=1.00, time=9.40.
 Retrying in 1 seconds
 Retrying in 1 seconds
 Retrying in 1 seconds
 Retrying in 1 seconds
 Retrying in 1 seconds
 Retrying in 1 seconds
 Retrying in 1 seconds
 Retrying in 1 seconds
 Retrying in 1 seconds
[drppo] step=4096 ret=0.39 coll=0 ttc=13.37
 Retrying in 1 seconds
 Retrying in 1 seconds
 Retrying in 1 seconds
 Retrying in 1 seconds
 Retrying in 1 seconds
 Retrying in 1 seconds
 Retrying in 1 seconds
 Retrying in 1 seconds
 Retrying in 1 seconds
 Retrying in 1 seconds
 Retrying in 1 seconds
 Retrying in 1 seconds
 Retrying in 1 seconds
 Retrying in 1 seconds
 Retrying in 1 seconds
 Retrying in 1 seconds
 Retrying in 1 seconds
 Retrying in 1 seconds
 Retrying in 1 seconds
 Retrying in 1 seconds
 Retrying in 1 seconds
 Retrying in 1 seconds
 Retrying in 1 seconds
 Retrying in 1 seconds
 Retrying in 1 seconds
 Retrying in 1 seconds
 Retrying in 1 seconds
 Retrying in 1 seconds
 Retrying in 1 seconds
 Retrying in 1 seconds
 Retrying in 1 seconds
 Retrying in 1 seconds
 Retrying in 1 seconds
 Retrying in 1 seconds
 Retrying in 1 seconds
 Retrying in 1 seconds
 Retrying in 1 seconds
 Retrying in 1 seconds
 Retrying in 1 seconds
 Retrying in 1 seconds
 Retrying in 1 seconds
 Retrying in 1 seconds
 Retrying in 1 seconds
 Retrying in 1 seconds
 Retrying in 1 seconds
 Retrying in 1 seconds
 Retrying in 1 seconds
 Retrying in 1 seconds
 Retrying in 1 seconds
 Retrying in 1 seconds
 Retrying in 1 seconds
 Retrying in 1 seconds
 Retrying in 1 seconds
 Retrying in 1 seconds
 Retrying in 1 seconds
 Retrying in 1 seconds
 Retrying in 1 seconds
[shaping_diag] success_cum_shaping=287.70 T=430 d_init=95.9 d_final=0.0
Warning: Vehicle 'other' performs emergency braking on lane ':center_7_0' with decel=9.00, wished=4.00, severity=1.00, time=9.00.
 Retrying in 1 seconds
 Retrying in 1 seconds
 Retrying in 1 seconds
 Retrying in 1 seconds
 Retrying in 1 seconds
 Retrying in 1 seconds
 Retrying in 1 seconds
[shaping_diag] success_cum_shaping=287.70 T=422 d_init=95.9 d_final=0.0
Warning: Vehicle 'other2' performs emergency braking on lane ':center_13_0' with decel=9.00, wished=7.00, severity=1.00, time=9.80.
Warning: Vehicle 'other' performs emergency braking on lane ':center_7_0' with decel=9.00, wished=6.00, severity=1.00, time=11.80.
Warning: Collision of person 'ped0' and person 'ped2', lane='left_in_0', time=2.10.
Warning: Collision of person 'ped0' and person 'ped2', lane='left_in_0', time=2.20.
Warning: Collision of person 'ped0' and person 'ped2', lane='left_in_0', time=2.30.
Warning: Vehicle 'other3' performs emergency braking on lane ':center_7_0' with decel=9.00, wished=3.00, severity=1.00, time=9.40.
 Retrying in 1 seconds
 Retrying in 1 seconds
 Retrying in 1 seconds
 Retrying in 1 seconds
 Retrying in 1 seconds
 Retrying in 1 seconds
 Retrying in 1 seconds
 Retrying in 1 seconds
 Retrying in 1 seconds
 Retrying in 1 seconds
 Retrying in 1 seconds
 Retrying in 1 seconds
 Retrying in 1 seconds
 Retrying in 1 seconds
 Retrying in 1 seconds
 Retrying in 1 seconds
 Retrying in 1 seconds
 Retrying in 1 seconds
 Retrying in 1 seconds
 Retrying in 1 seconds
 Retrying in 1 seconds
 Retrying in 1 seconds
 Retrying in 1 seconds
 Retrying in 1 seconds
 Retrying in 1 seconds
 Retrying in 1 seconds
 Retrying in 1 seconds
 Retrying in 1 seconds
 Retrying in 1 seconds
 Retrying in 1 seconds
 Retrying in 1 seconds
 Retrying in 1 seconds
[shaping_diag] success_cum_shaping=287.70 T=408 d_init=95.9 d_final=0.0
 Retrying in 1 seconds
 Retrying in 1 seconds
 Retrying in 1 seconds
[shaping_diag] success_cum_shaping=287.70 T=462 d_init=95.9 d_final=0.0
Warning: Vehicle 'other' performs emergency braking on lane ':center_7_0' with decel=9.00, wished=4.00, severity=1.00, time=9.30.
Warning: Vehicle 'other2' performs emergency braking on lane ':center_7_0' with decel=9.00, wished=6.00, severity=1.00, time=8.10.
Warning: Vehicle 'other' performs emergency braking on lane ':center_7_0' with decel=9.00, wished=5.00, severity=1.00, time=10.30.
Warning: Vehicle 'other2' performs emergency braking on lane ':center_7_0' with decel=9.00, wished=6.00, severity=1.00, time=7.80.
Warning: Vehicle 'other2' performs emergency braking on lane ':center_7_0' with decel=9.00, wished=6.00, severity=1.00, time=9.10.
Warning: Vehicle 'other2' performs emergency braking on lane ':center_7_0' with decel=9.00, wished=7.00, severity=1.00, time=14.00.
Warning: Vehicle 'other3' performs emergency braking on lane ':center_7_0' with decel=9.00, wished=5.00, severity=1.00, time=12.50.
Warning: Vehicle 'other2' performs emergency braking on lane ':center_7_0' with decel=9.00, wished=4.00, severity=1.00, time=12.40.
Warning: Vehicle 'other2' performs emergency braking on lane ':center_7_0' with decel=9.00, wished=4.00, severity=1.00, time=13.00.
Warning: Vehicle 'other2' performs emergency braking on lane ':center_7_0' with decel=9.00, wished=7.00, severity=1.00, time=10.90.
 Retrying in 1 seconds
[drppo] step=45056 ret=-5.60 coll=0 ttc=8.33
 Retrying in 1 seconds
 Retrying in 1 seconds
 Retrying in 1 seconds
 Retrying in 1 seconds
 Retrying in 1 seconds
 Retrying in 1 seconds
 Retrying in 1 seconds
 Retrying in 1 seconds
 Retrying in 1 seconds
 Retrying in 1 seconds
 Retrying in 1 seconds
 Retrying in 1 seconds
 Retrying in 1 seconds
 Retrying in 1 seconds
 Retrying in 1 seconds
 Retrying in 1 seconds
 Retrying in 1 seconds
 Retrying in 1 seconds
 Retrying in 1 seconds
 Retrying in 1 seconds
 Retrying in 1 seconds
 Retrying in 1 seconds
 Retrying in 1 seconds
 Retrying in 1 seconds
 Retrying in 1 seconds
 Retrying in 1 seconds
 Retrying in 1 seconds
 Retrying in 1 seconds
 Retrying in 1 seconds
 Retrying in 1 seconds
 Retrying in 1 seconds
 Retrying in 1 seconds
 Retrying in 1 seconds
 Retrying in 1 seconds
 Retrying in 1 seconds
 Retrying in 1 seconds
 Retrying in 1 seconds
 Retrying in 1 seconds
 Retrying in 1 seconds
 Retrying in 1 seconds
 Retrying in 1 seconds
 Retrying in 1 seconds
 Retrying in 1 seconds
 Retrying in 1 seconds
 Retrying in 1 seconds
 Retrying in 1 seconds
 Retrying in 1 seconds
 Retrying in 1 seconds
 Retrying in 1 seconds
 Retrying in 1 seconds
 Retrying in 1 seconds
 Retrying in 1 seconds
 Retrying in 1 seconds
 Retrying in 1 seconds
 Retrying in 1 seconds
 Retrying in 1 seconds
 Retrying in 1 seconds
 Retrying in 1 seconds
 Retrying in 1 seconds
 Retrying in 1 seconds
 Retrying in 1 seconds
 Retrying in 1 seconds
 Retrying in 1 seconds
 Retrying in 1 seconds
 Retrying in 1 seconds
 Retrying in 1 seconds
 Retrying in 1 seconds
 Retrying in 1 seconds
 Retrying in 1 seconds
 Retrying in 1 seconds
 Retrying in 1 seconds
 Retrying in 1 seconds
 Retrying in 1 seconds
 Retrying in 1 seconds
 Retrying in 1 seconds
 Retrying in 1 seconds
 Retrying in 1 seconds
 Retrying in 1 seconds
 Retrying in 1 seconds
 Retrying in 1 seconds
 Retrying in 1 seconds
 Retrying in 1 seconds
 Retrying in 1 seconds
 Retrying in 1 seconds
 Retrying in 1 seconds
 Retrying in 1 seconds
 Retrying in 1 seconds
 Retrying in 1 seconds
 Retrying in 1 seconds
 Retrying in 1 seconds
 Retrying in 1 seconds
 Retrying in 1 seconds
 Retrying in 1 seconds
 Retrying in 1 seconds
 Retrying in 1 seconds
 Retrying in 1 seconds
 Retrying in 1 seconds
 Retrying in 1 seconds
[shaping_diag] success_cum_shaping=287.70 T=419 d_init=95.9 d_final=0.0
Warning: Collision of person 'ped2' and person 'ped1', lane='right_out_0', time=2.70.
Warning: Vehicle 'other3' performs emergency braking on lane ':center_7_0' with decel=9.00, wished=4.00, severity=1.00, time=9.20.
Warning: Vehicle 'other3' performs emergency braking on lane ':center_7_0' with decel=9.00, wished=4.00, severity=1.00, time=11.80.
Warning: Vehicle 'other2' performs emergency braking on lane ':center_7_0' with decel=9.00, wished=7.00, severity=1.00, time=9.20.
Warning: Vehicle 'other2' collision with person 'ped0', lane=':center_13_0', time=9.90, stage=move.
Warning: Collision of person 'ped0' and person 'ped2', lane='right_out_0', time=2.10.
Warning: Vehicle 'other2' performs emergency braking on lane ':center_7_0' with decel=9.00, wished=6.00, severity=1.00, time=13.60.
Warning: Vehicle 'other2' performs emergency braking on lane ':center_7_0' with decel=9.00, wished=4.00, severity=1.00, time=15.50.
Warning: Collision of person 'ped0' and person 'ped2', lane='left_in_0', time=1.70.
Warning: Collision of person 'ped0' and person 'ped2', lane='right_out_0', time=1.70.
Warning: Vehicle 'other2' performs emergency braking on lane ':center_7_0' with decel=9.00, wished=6.00, severity=1.00, time=9.20.
Warning: Vehicle 'other' performs emergency braking on lane ':center_7_0' with decel=9.00, wished=5.00, severity=1.00, time=5.50.
Warning: Vehicle 'other2' performs emergency braking on lane ':center_7_0' with decel=9.00, wished=6.00, severity=1.00, time=9.70.
Warning: Collision of person 'ped0' and person 'ped2', lane='left_in_0', time=1.40.
Warning: Vehicle 'other2' performs emergency braking on lane ':center_7_0' with decel=9.00, wished=5.00, severity=1.00, time=9.00.
Warning: Vehicle 'other2' collision with person 'ped0', lane=':center_13_0', time=9.50, stage=move.
Warning: Vehicle 'other2' performs emergency braking on lane ':center_7_0' with decel=9.00, wished=4.00, severity=1.00, time=10.50.
Warning: Vehicle 'other2' collision with person 'ped0', lane=':center_13_0', time=11.30, stage=move.
Warning: Vehicle 'other3' performs emergency braking on lane ':center_7_0' with decel=9.00, wished=4.00, severity=1.00, time=9.50.
Warning: Vehicle 'other3' collision with person 'ped0', lane=':center_13_0', time=10.70, stage=move.
Warning: Vehicle 'other2' performs emergency braking on lane ':center_7_0' with decel=9.00, wished=5.00, severity=1.00, time=8.70.
Warning: Vehicle 'other2' performs emergency braking on lane ':center_7_0' with decel=9.00, wished=4.00, severity=1.00, time=11.40.
Warning: Vehicle 'other2' performs emergency braking on lane ':center_7_0' with decel=9.00, wished=7.00, severity=1.00, time=11.40.
Warning: Vehicle 'other2' collision with person 'ped0', lane=':center_13_0', time=12.70, stage=move.
Warning: Vehicle 'other3' performs emergency braking on lane ':center_13_0' with decel=9.00, wished=7.00, severity=1.00, time=7.80.
Warning: Vehicle 'other2' performs emergency braking on lane ':center_7_0' with decel=9.00, wished=4.00, severity=1.00, time=11.30.
Warning: Vehicle 'other' performs emergency braking on lane ':center_7_0' with decel=9.00, wished=5.00, severity=1.00, time=6.60.
Warning: Vehicle 'other2' performs emergency braking on lane ':center_7_0' with decel=9.00, wished=3.00, severity=1.00, time=12.30.
Warning: Vehicle 'other2' collision with person 'ped2', lane=':center_13_0', time=13.00, stage=move.
Warning: Vehicle 'other3' performs emergency braking on lane ':center_7_0' with decel=9.00, wished=4.00, severity=1.00, time=9.00.
 Retrying in 1 seconds
 Retrying in 1 seconds
[drppo] step=86016 ret=13.62 coll=0 ttc=10.21
 Retrying in 1 seconds
 Retrying in 1 seconds
 Retrying in 1 seconds
 Retrying in 1 seconds
 Retrying in 1 seconds
 Retrying in 1 seconds
 Retrying in 1 seconds
 Retrying in 1 seconds
 Retrying in 1 seconds
 Retrying in 1 seconds
 Retrying in 1 seconds
 Retrying in 1 seconds
 Retrying in 1 seconds
 Retrying in 1 seconds
 Retrying in 1 seconds
 Retrying in 1 seconds
 Retrying in 1 seconds
 Retrying in 1 seconds
 Retrying in 1 seconds
 Retrying in 1 seconds
 Retrying in 1 seconds
 Retrying in 1 seconds
 Retrying in 1 seconds
 Retrying in 1 seconds
 Retrying in 1 seconds
 Retrying in 1 seconds
 Retrying in 1 seconds
 Retrying in 1 seconds
 Retrying in 1 seconds
 Retrying in 1 seconds
 Retrying in 1 seconds
 Retrying in 1 seconds
 Retrying in 1 seconds
 Retrying in 1 seconds
 Retrying in 1 seconds
 Retrying in 1 seconds
 Retrying in 1 seconds
 Retrying in 1 seconds
 Retrying in 1 seconds
 Retrying in 1 seconds
 Retrying in 1 seconds
 Retrying in 1 seconds
 Retrying in 1 seconds
 Retrying in 1 seconds
 Retrying in 1 seconds
 Retrying in 1 seconds
 Retrying in 1 seconds
 Retrying in 1 seconds
 Retrying in 1 seconds
 Retrying in 1 seconds
 Retrying in 1 seconds
 Retrying in 1 seconds
 Retrying in 1 seconds
 Retrying in 1 seconds
 Retrying in 1 seconds
 Retrying in 1 seconds
 Retrying in 1 seconds
 Retrying in 1 seconds
 Retrying in 1 seconds
 Retrying in 1 seconds
 Retrying in 1 seconds
 Retrying in 1 seconds
 Retrying in 1 seconds
 Retrying in 1 seconds
 Retrying in 1 seconds
 Retrying in 1 seconds
 Retrying in 1 seconds
 Retrying in 1 seconds
 Retrying in 1 seconds
 Retrying in 1 seconds
 Retrying in 1 seconds
 Retrying in 1 seconds
 Retrying in 1 seconds
 Retrying in 1 seconds
 Retrying in 1 seconds
 Retrying in 1 seconds
 Retrying in 1 seconds
 Retrying in 1 seconds
 Retrying in 1 seconds
 Retrying in 1 seconds
 Retrying in 1 seconds
 Retrying in 1 seconds
 Retrying in 1 seconds
 Retrying in 1 seconds
 Retrying in 1 seconds
 Retrying in 1 seconds
 Retrying in 1 seconds
 Retrying in 1 seconds
 Retrying in 1 seconds
 Retrying in 1 seconds
 Retrying in 1 seconds
 Retrying in 1 seconds
 Retrying in 1 seconds
 Retrying in 1 seconds
 Retrying in 1 seconds
 Retrying in 1 seconds
 Retrying in 1 seconds
 Retrying in 1 seconds
 Retrying in 1 seconds
 Retrying in 1 seconds
[drppo] step=126976 ret=22.50 coll=0 ttc=9.16
 Retrying in 1 seconds
 Retrying in 1 seconds
 Retrying in 1 seconds
 Retrying in 1 seconds
 Retrying in 1 seconds
 Retrying in 1 seconds
 Retrying in 1 seconds
 Retrying in 1 seconds
 Retrying in 1 seconds
 Retrying in 1 seconds
 Retrying in 1 seconds
 Retrying in 1 seconds
 Retrying in 1 seconds
 Retrying in 1 seconds
 Retrying in 1 seconds
 Retrying in 1 seconds
 Retrying in 1 seconds
 Retrying in 1 seconds
 Retrying in 1 seconds
 Retrying in 1 seconds
 Retrying in 1 seconds
 Retrying in 1 seconds
 Retrying in 1 seconds
 Retrying in 1 seconds
 Retrying in 1 seconds
 Retrying in 1 seconds
 Retrying in 1 seconds
 Retrying in 1 seconds
 Retrying in 1 seconds
 Retrying in 1 seconds
 Retrying in 1 seconds
 Retrying in 1 seconds
 Retrying in 1 seconds
 Retrying in 1 seconds
 Retrying in 1 seconds
 Retrying in 1 seconds
 Retrying in 1 seconds
 Retrying in 1 seconds
 Retrying in 1 seconds
 Retrying in 1 seconds
 Retrying in 1 seconds
 Retrying in 1 seconds
 Retrying in 1 seconds
 Retrying in 1 seconds
 Retrying in 1 seconds
 Retrying in 1 seconds
 Retrying in 1 seconds
 Retrying in 1 seconds
 Retrying in 1 seconds
 Retrying in 1 seconds
 Retrying in 1 seconds
 Retrying in 1 seconds
 Retrying in 1 seconds
 Retrying in 1 seconds
 Retrying in 1 seconds
 Retrying in 1 seconds
 Retrying in 1 seconds
 Retrying in 1 seconds
 Retrying in 1 seconds
 Retrying in 1 seconds
 Retrying in 1 seconds
 Retrying in 1 seconds
 Retrying in 1 seconds
 Retrying in 1 seconds
 Retrying in 1 seconds
 Retrying in 1 seconds
 Retrying in 1 seconds
 Retrying in 1 seconds
 Retrying in 1 seconds
 Retrying in 1 seconds
 Retrying in 1 seconds
 Retrying in 1 seconds
 Retrying in 1 seconds
 Retrying in 1 seconds
 Retrying in 1 seconds
 Retrying in 1 seconds
 Retrying in 1 seconds
 Retrying in 1 seconds
 Retrying in 1 seconds
 Retrying in 1 seconds
 Retrying in 1 seconds
 Retrying in 1 seconds
 Retrying in 1 seconds
 Retrying in 1 seconds
 Retrying in 1 seconds
 Retrying in 1 seconds
 Retrying in 1 seconds
 Retrying in 1 seconds
 Retrying in 1 seconds
 Retrying in 1 seconds
 Retrying in 1 seconds
 Retrying in 1 seconds
 Retrying in 1 seconds
 Retrying in 1 seconds
 Retrying in 1 seconds
 Retrying in 1 seconds
 Retrying in 1 seconds
 Retrying in 1 seconds
 Retrying in 1 seconds
 Retrying in 1 seconds
[drppo] step=167936 ret=20.73 coll=0 ttc=10.00
 Retrying in 1 seconds
 Retrying in 1 seconds
 Retrying in 1 seconds
 Retrying in 1 seconds
 Retrying in 1 seconds
 Retrying in 1 seconds
 Retrying in 1 seconds
 Retrying in 1 seconds
 Retrying in 1 seconds
 Retrying in 1 seconds
 Retrying in 1 seconds
 Retrying in 1 seconds
 Retrying in 1 seconds
 Retrying in 1 seconds
 Retrying in 1 seconds
 Retrying in 1 seconds
 Retrying in 1 seconds
 Retrying in 1 seconds
 Retrying in 1 seconds
 Retrying in 1 seconds
 Retrying in 1 seconds
 Retrying in 1 seconds
 Retrying in 1 seconds
 Retrying in 1 seconds
 Retrying in 1 seconds
 Retrying in 1 seconds
 Retrying in 1 seconds
 Retrying in 1 seconds
 Retrying in 1 seconds
 Retrying in 1 seconds
 Retrying in 1 seconds
 Retrying in 1 seconds
 Retrying in 1 seconds
 Retrying in 1 seconds
 Retrying in 1 seconds
 Retrying in 1 seconds
 Retrying in 1 seconds
 Retrying in 1 seconds
 Retrying in 1 seconds
 Retrying in 1 seconds
 Retrying in 1 seconds
 Retrying in 1 seconds
 Retrying in 1 seconds
 Retrying in 1 seconds
 Retrying in 1 seconds
 Retrying in 1 seconds
 Retrying in 1 seconds
 Retrying in 1 seconds
 Retrying in 1 seconds
 Retrying in 1 seconds
 Retrying in 1 seconds
 Retrying in 1 seconds
 Retrying in 1 seconds
 Retrying in 1 seconds
 Retrying in 1 seconds
 Retrying in 1 seconds
 Retrying in 1 seconds
 Retrying in 1 seconds
 Retrying in 1 seconds
 Retrying in 1 seconds
 Retrying in 1 seconds
 Retrying in 1 seconds
 Retrying in 1 seconds
 Retrying in 1 seconds
 Retrying in 1 seconds
 Retrying in 1 seconds
 Retrying in 1 seconds
 Retrying in 1 seconds
 Retrying in 1 seconds
 Retrying in 1 seconds
 Retrying in 1 seconds
 Retrying in 1 seconds
 Retrying in 1 seconds
 Retrying in 1 seconds
 Retrying in 1 seconds
 Retrying in 1 seconds
 Retrying in 1 seconds
 Retrying in 1 seconds
 Retrying in 1 seconds
 Retrying in 1 seconds
 Retrying in 1 seconds
 Retrying in 1 seconds
 Retrying in 1 seconds
 Retrying in 1 seconds
 Retrying in 1 seconds
 Retrying in 1 seconds
 Retrying in 1 seconds
 Retrying in 1 seconds
 Retrying in 1 seconds
 Retrying in 1 seconds
 Retrying in 1 seconds
 Retrying in 1 seconds
 Retrying in 1 seconds
 Retrying in 1 seconds
 Retrying in 1 seconds
 Retrying in 1 seconds
 Retrying in 1 seconds
 Retrying in 1 seconds
 Retrying in 1 seconds
 Retrying in 1 seconds
[drppo] step=208896 ret=22.22 coll=0 ttc=12.60
 Retrying in 1 seconds
 Retrying in 1 seconds
 Retrying in 1 seconds
 Retrying in 1 seconds
 Retrying in 1 seconds
 Retrying in 1 seconds
 Retrying in 1 seconds
 Retrying in 1 seconds
 Retrying in 1 seconds
 Retrying in 1 seconds
 Retrying in 1 seconds
 Retrying in 1 seconds
 Retrying in 1 seconds
 Retrying in 1 seconds
 Retrying in 1 seconds
 Retrying in 1 seconds
 Retrying in 1 seconds
 Retrying in 1 seconds
 Retrying in 1 seconds
 Retrying in 1 seconds
 Retrying in 1 seconds
 Retrying in 1 seconds
 Retrying in 1 seconds
 Retrying in 1 seconds
 Retrying in 1 seconds
 Retrying in 1 seconds
 Retrying in 1 seconds
 Retrying in 1 seconds
 Retrying in 1 seconds
 Retrying in 1 seconds
 Retrying in 1 seconds
 Retrying in 1 seconds
 Retrying in 1 seconds
 Retrying in 1 seconds
 Retrying in 1 seconds
 Retrying in 1 seconds
 Retrying in 1 seconds
 Retrying in 1 seconds
 Retrying in 1 seconds
 Retrying in 1 seconds
 Retrying in 1 seconds
 Retrying in 1 seconds
 Retrying in 1 seconds
 Retrying in 1 seconds
 Retrying in 1 seconds
 Retrying in 1 seconds
 Retrying in 1 secondsWarning: Vehicle 'other3' performs emergency braking on lane ':center_7_0' with decel=9.00, wished=7.00, severity=1.00, time=11.10.
Warning: Vehicle 'other3' collision with person 'ped0', lane=':center_13_0', time=11.70, stage=move.
Warning: Vehicle 'other3' performs emergency braking on lane ':center_7_0' with decel=9.00, wished=3.00, severity=1.00, time=14.10.
Warning: Vehicle 'other3' performs emergency braking on lane ':center_7_0' with decel=9.00, wished=5.00, severity=1.00, time=8.10.
Warning: Vehicle 'other2' performs emergency braking on lane ':center_7_0' with decel=9.00, wished=4.00, severity=1.00, time=10.40.
Warning: Vehicle 'other2' collision with person 'ped0', lane=':center_13_0', time=11.30, stage=move.
Warning: Vehicle 'other3' performs emergency braking on lane ':center_7_0' with decel=9.00, wished=3.00, severity=1.00, time=10.50.
Warning: Vehicle 'other2' performs emergency braking on lane ':center_7_0' with decel=9.00, wished=7.00, severity=1.00, time=9.10.
Warning: Vehicle 'other2' performs emergency braking on lane ':center_7_0' with decel=9.00, wished=4.00, severity=1.00, time=10.70.
Warning: Vehicle 'other2' performs emergency braking on lane ':center_7_0' with decel=9.00, wished=5.00, severity=1.00, time=10.20.

 Retrying in 1 seconds
 Retrying in 1 seconds
 Retrying in 1 seconds
 Retrying in 1 seconds
 Retrying in 1 seconds
 Retrying in 1 seconds
 Retrying in 1 seconds
 Retrying in 1 seconds
 Retrying in 1 seconds
 Retrying in 1 seconds
 Retrying in 1 seconds
 Retrying in 1 seconds
 Retrying in 1 seconds
 Retrying in 1 seconds
 Retrying in 1 seconds
 Retrying in 1 seconds
 Retrying in 1 seconds
 Retrying in 1 seconds
 Retrying in 1 seconds
 Retrying in 1 seconds
 Retrying in 1 seconds
 Retrying in 1 seconds
 Retrying in 1 seconds
 Retrying in 1 seconds
 Retrying in 1 seconds
 Retrying in 1 seconds
 Retrying in 1 seconds
 Retrying in 1 seconds
 Retrying in 1 seconds
 Retrying in 1 seconds
 Retrying in 1 seconds
 Retrying in 1 seconds
 Retrying in 1 seconds
 Retrying in 1 seconds
 Retrying in 1 seconds
 Retrying in 1 seconds
 Retrying in 1 seconds
 Retrying in 1 seconds
 Retrying in 1 seconds
 Retrying in 1 seconds
 Retrying in 1 seconds
 Retrying in 1 seconds
 Retrying in 1 seconds
 Retrying in 1 seconds
 Retrying in 1 seconds
 Retrying in 1 seconds
 Retrying in 1 seconds
 Retrying in 1 seconds
 Retrying in 1 seconds
 Retrying in 1 seconds
 Retrying in 1 seconds
 Retrying in 1 seconds
 Retrying in 1 seconds
[drppo] step=249856 ret=17.23 coll=0 ttc=7.74
 Retrying in 1 seconds
 Retrying in 1 seconds
 Retrying in 1 seconds
 Retrying in 1 seconds
 Retrying in 1 seconds
 Retrying in 1 seconds
 Retrying in 1 seconds
 Retrying in 1 seconds
 Retrying in 1 seconds
 Retrying in 1 seconds
 Retrying in 1 seconds
 Retrying in 1 seconds
 Retrying in 1 seconds
 Retrying in 1 seconds
 Retrying in 1 seconds
 Retrying in 1 seconds
 Retrying in 1 seconds
 Retrying in 1 seconds
 Retrying in 1 seconds
 Retrying in 1 seconds
 Retrying in 1 seconds
 Retrying in 1 seconds
 Retrying in 1 seconds
 Retrying in 1 seconds
 Retrying in 1 seconds
 Retrying in 1 seconds
 Retrying in 1 seconds
 Retrying in 1 seconds
 Retrying in 1 seconds
 Retrying in 1 seconds
 Retrying in 1 seconds
 Retrying in 1 seconds
 Retrying in 1 seconds
 Retrying in 1 seconds
 Retrying in 1 seconds
 Retrying in 1 seconds
 Retrying in 1 seconds
 Retrying in 1 seconds
 Retrying in 1 seconds
 Retrying in 1 seconds
 Retrying in 1 seconds
[shaping_diag] success_cum_shaping=287.70 T=453 d_init=95.9 d_final=0.0
Warning: Vehicle 'other3' performs emergency braking on lane ':center_7_0' with decel=9.00, wished=6.00, severity=1.00, time=8.70.
 Retrying in 1 seconds
 Retrying in 1 seconds
 Retrying in 1 seconds
 Retrying in 1 seconds
 Retrying in 1 seconds
 Retrying in 1 seconds
 Retrying in 1 seconds
 Retrying in 1 seconds
 Retrying in 1 seconds
 Retrying in 1 seconds
 Retrying in 1 seconds
 Retrying in 1 seconds
 Retrying in 1 seconds
 Retrying in 1 seconds
 Retrying in 1 seconds
 Retrying in 1 seconds
 Retrying in 1 seconds
 Retrying in 1 seconds
 Retrying in 1 seconds
 Retrying in 1 seconds
 Retrying in 1 seconds
 Retrying in 1 seconds
 Retrying in 1 seconds
 Retrying in 1 seconds
 Retrying in 1 seconds
[shaping_diag] success_cum_shaping=287.70 T=398 d_init=95.9 d_final=0.0
Warning: Vehicle 'other3' performs emergency braking on lane ':center_7_0' with decel=9.00, wished=5.00, severity=1.00, time=9.70.
 Retrying in 1 seconds
 Retrying in 1 seconds
 Retrying in 1 seconds
 Retrying in 1 seconds
 Retrying in 1 seconds
 Retrying in 1 seconds
 Retrying in 1 seconds
 Retrying in 1 seconds
 Retrying in 1 seconds
 Retrying in 1 seconds
 Retrying in 1 seconds
 Retrying in 1 seconds
 Retrying in 1 seconds
 Retrying in 1 seconds
 Retrying in 1 seconds
 Retrying in 1 seconds
 Retrying in 1 seconds
 Retrying in 1 seconds
 Retrying in 1 seconds
 Retrying in 1 seconds
 Retrying in 1 seconds
 Retrying in 1 seconds
 Retrying in 1 seconds
 Retrying in 1 seconds
 Retrying in 1 seconds
 Retrying in 1 seconds
 Retrying in 1 seconds
 Retrying in 1 seconds
 Retrying in 1 seconds
 Retrying in 1 seconds
 Retrying in 1 seconds
 Retrying in 1 seconds
 Retrying in 1 seconds
 Retrying in 1 seconds
[drppo] step=290816 ret=19.11 coll=0 ttc=8.54
 Retrying in 1 seconds
 Retrying in 1 seconds
 Retrying in 1 seconds
 Retrying in 1 seconds
 Retrying in 1 seconds
 Retrying in 1 seconds
 Retrying in 1 seconds
 Retrying in 1 seconds
 Retrying in 1 seconds
 Retrying in 1 seconds
 Retrying in 1 seconds
[shaping_diag] success_cum_shaping=287.70 T=491 d_init=95.9 d_final=0.0
Warning: Vehicle 'other2' performs emergency braking on lane ':center_7_0' with decel=9.00, wished=3.00, severity=1.00, time=13.80.
Warning: Vehicle 'other2' collision with person 'ped2', lane=':center_13_0', time=14.50, stage=move.
Warning: Vehicle 'other2' collision with person 'ped0', lane=':center_13_0', time=14.70, stage=move.
Warning: Vehicle 'other2' performs emergency braking on lane ':center_7_0' with decel=9.00, wished=4.00, severity=1.00, time=10.10.
 Retrying in 1 seconds
 Retrying in 1 seconds
 Retrying in 1 seconds
 Retrying in 1 seconds
 Retrying in 1 seconds
 Retrying in 1 seconds
 Retrying in 1 seconds
 Retrying in 1 seconds
 Retrying in 1 seconds
 Retrying in 1 seconds
 Retrying in 1 seconds
 Retrying in 1 seconds
 Retrying in 1 seconds
 Retrying in 1 seconds
 Retrying in 1 seconds
 Retrying in 1 seconds
 Retrying in 1 seconds
 Retrying in 1 seconds
 Retrying in 1 seconds
 Retrying in 1 seconds
 Retrying in 1 seconds
 Retrying in 1 seconds
 Retrying in 1 seconds
 Retrying in 1 seconds
 Retrying in 1 seconds
 Retrying in 1 seconds
 Retrying in 1 seconds
 Retrying in 1 seconds
 Retrying in 1 seconds
 Retrying in 1 seconds
 Retrying in 1 seconds
 Retrying in 1 seconds
 Retrying in 1 seconds
 Retrying in 1 seconds
 Retrying in 1 seconds
 Retrying in 1 seconds
 Retrying in 1 seconds
 Retrying in 1 seconds
 Retrying in 1 seconds
[shaping_diag] success_cum_shaping=287.70 T=342 d_init=95.9 d_final=0.0
Warning: Collision of person 'ped2' and person 'ped1', lane='left_in_0', time=2.30.
Warning: Vehicle 'other2' performs emergency braking on lane ':center_7_0' with decel=9.00, wished=7.00, severity=1.00, time=8.30.
 Retrying in 1 seconds
 Retrying in 1 seconds
 Retrying in 1 seconds
 Retrying in 1 seconds
 Retrying in 1 seconds
 Retrying in 1 seconds
 Retrying in 1 seconds
 Retrying in 1 seconds
 Retrying in 1 seconds
[shaping_diag] success_cum_shaping=287.70 T=479 d_init=95.9 d_final=0.0
Warning: Vehicle 'other3' performs emergency braking on lane ':center_7_0' with decel=9.00, wished=7.00, severity=1.00, time=8.20.
 Retrying in 1 seconds
 Retrying in 1 seconds
 Retrying in 1 seconds
 Retrying in 1 seconds
 Retrying in 1 seconds
 Retrying in 1 seconds
 Retrying in 1 seconds
 Retrying in 1 seconds
 Retrying in 1 seconds
 Retrying in 1 seconds
 Retrying in 1 seconds
 Retrying in 1 seconds
 Retrying in 1 seconds
 Retrying in 1 seconds
 Retrying in 1 seconds
[shaping_diag] success_cum_shaping=287.70 T=449 d_init=95.9 d_final=0.0
Warning: Vehicle 'other' performs emergency braking on lane ':center_7_0' with decel=9.00, wished=3.00, severity=1.00, time=9.10.
Warning: Vehicle 'other' collision with person 'ped0', lane=':center_13_0', time=10.50, stage=move.
Warning: Vehicle 'other2' performs emergency braking on lane ':center_7_0' with decel=9.00, wished=6.00, severity=1.00, time=12.10.
Warning: Vehicle 'other3' performs emergency braking on lane ':center_7_0' with decel=9.00, wished=3.00, severity=1.00, time=9.30.
Warning: Vehicle 'other2' performs emergency braking on lane ':center_7_0' with decel=9.00, wished=4.00, severity=1.00, time=10.40.
 Retrying in 1 seconds
 Retrying in 1 seconds
 Retrying in 1 seconds
 Retrying in 1 seconds
 Retrying in 1 seconds
 Retrying in 1 seconds
 Retrying in 1 seconds
 Retrying in 1 seconds
 Retrying in 1 seconds
 Retrying in 1 seconds
 Retrying in 1 seconds
 Retrying in 1 seconds
 Retrying in 1 seconds
 Retrying in 1 seconds
 Retrying in 1 seconds
 Retrying in 1 seconds
 Retrying in 1 seconds
 Retrying in 1 seconds
 Retrying in 1 seconds
 Retrying in 1 seconds
[shaping_diag] success_cum_shaping=287.70 T=482 d_init=95.9 d_final=0.0
Warning: Vehicle 'other2' performs emergency braking on lane ':center_7_0' with decel=9.00, wished=5.00, severity=1.00, time=8.70.
 Retrying in 1 seconds
 Retrying in 1 seconds
 Retrying in 1 seconds
 Retrying in 1 seconds
 Retrying in 1 seconds
 Retrying in 1 seconds
[drppo] step=331776 ret=19.38 coll=0 ttc=8.52
 Retrying in 1 seconds
 Retrying in 1 seconds
 Retrying in 1 seconds
 Retrying in 1 seconds
 Retrying in 1 seconds
[shaping_diag] success_cum_shaping=287.70 T=500 d_init=95.9 d_final=0.0
Warning: Vehicle 'other3' performs emergency braking on lane ':center_7_0' with decel=9.00, wished=4.00, severity=1.00, time=10.00.
Warning: Collision of person 'ped0' and person 'ped2', lane='right_out_0', time=1.20.
 Retrying in 1 seconds
 Retrying in 1 seconds
 Retrying in 1 seconds
 Retrying in 1 seconds
 Retrying in 1 seconds
 Retrying in 1 seconds
 Retrying in 1 seconds
 Retrying in 1 seconds
 Retrying in 1 seconds
 Retrying in 1 seconds
 Retrying in 1 seconds
 Retrying in 1 seconds
 Retrying in 1 seconds
 Retrying in 1 seconds
 Retrying in 1 seconds
 Retrying in 1 seconds
 Retrying in 1 seconds
 Retrying in 1 seconds
 Retrying in 1 seconds
 Retrying in 1 seconds
 Retrying in 1 seconds
 Retrying in 1 seconds
 Retrying in 1 seconds
 Retrying in 1 seconds
 Retrying in 1 seconds
 Retrying in 1 seconds
 Retrying in 1 seconds
 Retrying in 1 seconds
 Retrying in 1 seconds
 Retrying in 1 seconds
 Retrying in 1 seconds
 Retrying in 1 seconds
 Retrying in 1 seconds
 Retrying in 1 seconds
 Retrying in 1 seconds
 Retrying in 1 seconds
 Retrying in 1 seconds
 Retrying in 1 seconds
 Retrying in 1 seconds
 Retrying in 1 seconds
 Retrying in 1 seconds
 Retrying in 1 seconds
 Retrying in 1 seconds
[shaping_diag] success_cum_shaping=287.70 T=421 d_init=95.9 d_final=0.0
Warning: Vehicle 'other3' performs emergency braking on lane ':center_7_0' with decel=9.00, wished=5.00, severity=1.00, time=8.20.
Warning: Vehicle 'other3' performs emergency braking on lane ':center_7_0' with decel=9.00, wished=7.00, severity=1.00, time=9.60.
Warning: Vehicle 'other2' performs emergency braking on lane ':center_7_0' with decel=9.00, wished=4.00, severity=1.00, time=13.30.
Warning: Vehicle 'other2' performs emergency braking on lane ':center_7_0' with decel=9.00, wished=6.00, severity=1.00, time=8.80.
Warning: Vehicle 'other3' performs emergency braking on lane ':center_7_0' with decel=9.00, wished=5.00, severity=1.00, time=8.60.
 Retrying in 1 seconds
 Retrying in 1 seconds
 Retrying in 1 seconds
 Retrying in 1 seconds
 Retrying in 1 seconds
 Retrying in 1 seconds
 Retrying in 1 seconds
 Retrying in 1 seconds
 Retrying in 1 seconds
 Retrying in 1 seconds
 Retrying in 1 seconds
 Retrying in 1 seconds
 Retrying in 1 seconds
 Retrying in 1 seconds
 Retrying in 1 seconds
 Retrying in 1 seconds
 Retrying in 1 seconds
 Retrying in 1 seconds
 Retrying in 1 seconds
 Retrying in 1 seconds
 Retrying in 1 seconds
 Retrying in 1 seconds
 Retrying in 1 seconds
 Retrying in 1 seconds
 Retrying in 1 seconds
 Retrying in 1 seconds
 Retrying in 1 seconds
 Retrying in 1 seconds
 Retrying in 1 seconds
 Retrying in 1 seconds
 Retrying in 1 seconds
 Retrying in 1 seconds
[shaping_diag] success_cum_shaping=287.70 T=461 d_init=95.9 d_final=0.0
Warning: Collision of person 'ped2' and person 'ped1', lane='right_out_0', time=2.40.
Warning: Collision of person 'ped2' and person 'ped1', lane='right_out_0', time=2.50.
 Retrying in 1 seconds
 Retrying in 1 seconds
 Retrying in 1 seconds
 Retrying in 1 seconds
 Retrying in 1 seconds
 Retrying in 1 seconds
 Retrying in 1 seconds
 Retrying in 1 seconds
 Retrying in 1 seconds
 Retrying in 1 seconds
 Retrying in 1 seconds
 Retrying in 1 seconds
 Retrying in 1 seconds
 Retrying in 1 seconds
 Retrying in 1 seconds
 Retrying in 1 seconds
 Retrying in 1 seconds
[shaping_diag] success_cum_shaping=287.70 T=395 d_init=95.9 d_final=0.0
Warning: Vehicle 'other2' performs emergency braking on lane ':center_7_0' with decel=9.00, wished=4.00, severity=1.00, time=13.00.
Warning: Vehicle 'other2' performs emergency braking on lane ':center_7_0' with decel=9.00, wished=6.00, severity=1.00, time=8.50.
Warning: Vehicle 'other' performs emergency braking on lane ':center_7_0' with decel=9.00, wished=5.00, severity=1.00, time=7.90.
Warning: Vehicle 'other' collision with person 'ped0', lane=':center_13_0', time=8.50, stage=move.
Warning: Vehicle 'other3' performs emergency braking on lane ':center_7_0' with decel=9.00, wished=3.00, severity=1.00, time=9.60.
Warning: Vehicle 'other' performs emergency braking on lane ':center_7_0' with decel=9.00, wished=3.00, severity=1.00, time=8.80.
 Retrying in 1 seconds
 Retrying in 1 seconds
 Retrying in 1 seconds
[drppo] step=372736 ret=23.25 coll=0 ttc=9.11
 Retrying in 1 seconds
 Retrying in 1 seconds
 Retrying in 1 seconds
 Retrying in 1 seconds
 Retrying in 1 seconds
 Retrying in 1 seconds
 Retrying in 1 seconds
 Retrying in 1 seconds
 Retrying in 1 seconds
 Retrying in 1 seconds
 Retrying in 1 seconds
 Retrying in 1 seconds
 Retrying in 1 seconds
 Retrying in 1 seconds
 Retrying in 1 seconds
 Retrying in 1 seconds
 Retrying in 1 seconds
 Retrying in 1 seconds
 Retrying in 1 seconds
 Retrying in 1 seconds
 Retrying in 1 seconds
 Retrying in 1 seconds
 Retrying in 1 seconds
 Retrying in 1 seconds
 Retrying in 1 seconds
 Retrying in 1 seconds
 Retrying in 1 seconds
 Retrying in 1 seconds
 Retrying in 1 seconds
 Retrying in 1 seconds
 Retrying in 1 seconds
 Retrying in 1 seconds
 Retrying in 1 seconds
 Retrying in 1 seconds
 Retrying in 1 seconds
 Retrying in 1 seconds
 Retrying in 1 seconds
 Retrying in 1 seconds
 Retrying in 1 seconds
 Retrying in 1 seconds
 Retrying in 1 seconds
 Retrying in 1 seconds
 Retrying in 1 seconds
 Retrying in 1 seconds
 Retrying in 1 seconds
 Retrying in 1 seconds
 Retrying in 1 seconds
 Retrying in 1 seconds
 Retrying in 1 seconds
 Retrying in 1 seconds
 Retrying in 1 seconds
 Retrying in 1 seconds
 Retrying in 1 seconds
 Retrying in 1 seconds
 Retrying in 1 seconds
 Retrying in 1 seconds
 Retrying in 1 seconds
 Retrying in 1 seconds
 Retrying in 1 seconds
 Retrying in 1 seconds
 Retrying in 1 seconds
 Retrying in 1 seconds
 Retrying in 1 seconds
Saved drppo to results/ablation/tier1/2_dense_right_left_drppo_intent_s42/model_drppo_2_dense_right_left.pt

Running post-training checkpoint selection (30 eps each)...
 Retrying in 1 seconds
 Retrying in 1 seconds
 Retrying in 1 seconds
 Retrying in 1 seconds
 Retrying in 1 seconds
 Retrying in 1 seconds
 Retrying in 1 seconds
 Retrying in 1 seconds
 Retrying in 1 seconds
 Retrying in 1 seconds
 Retrying in 1 seconds
 Retrying in 1 seconds
 Retrying in 1 seconds
 Retrying in 1 seconds
 Retrying in 1 seconds
 Retrying in 1 seconds
 Retrying in 1 seconds
 Retrying in 1 seconds
 Retrying in 1 seconds
 Retrying in 1 seconds
 Retrying in 1 seconds
 Retrying in 1 seconds
 Retrying in 1 seconds
 Retrying in 1 seconds
 Retrying in 1 seconds
 Retrying in 1 seconds
 Retrying in 1 seconds
 Retrying in 1 seconds
 Retrying in 1 seconds
 Retrying in 1 seconds
  step=200000: return=+8.88, coll=0.00, score=8.88
 Retrying in 1 seconds
 Retrying in 1 seconds
 Retrying in 1 seconds
 Retrying in 1 seconds
 Retrying in 1 seconds
 Retrying in 1 seconds
 Retrying in 1 seconds
 Retrying in 1 seconds
 Retrying in 1 seconds
 Retrying in 1 seconds
 Retrying in 1 seconds
 Retrying in 1 seconds
 Retrying in 1 seconds
[shaping_diag] success_cum_shaping=287.70 T=361 d_init=95.9 d_final=0.0
 Retrying in 1 seconds
 Retrying in 1 seconds
 Retrying in 1 seconds
 Retrying in 1 seconds
 Retrying in 1 seconds
 Retrying in 1 seconds
[shaping_diag] success_cum_shaping=287.70 T=295 d_init=95.9 d_final=0.0
 Retrying in 1 seconds
 Retrying in 1 seconds
 Retrying in 1 seconds
 Retrying in 1 seconds
 Retrying in 1 seconds
 Retrying in 1 seconds
 Retrying in 1 seconds
 Retrying in 1 seconds
 Retrying in 1 seconds
[shaping_diag] success_cum_shaping=287.70 T=405 d_init=95.9 d_final=0.0
Warning: Vehicle 'other' performs emergency braking on lane ':center_7_0' with decel=9.00, wished=3.00, severity=1.00, time=8.80.
 Retrying in 1 seconds
 Retrying in 1 seconds
  step=300000: return=+53.94, coll=0.00, score=53.94
 Retrying in 1 seconds
 Retrying in 1 seconds
 Retrying in 1 seconds
 Retrying in 1 seconds
 Retrying in 1 seconds
 Retrying in 1 seconds
 Retrying in 1 seconds
 Retrying in 1 seconds
 Retrying in 1 seconds
 Retrying in 1 seconds
 Retrying in 1 seconds
 Retrying in 1 seconds
 Retrying in 1 seconds
 Retrying in 1 seconds
 Retrying in 1 seconds
 Retrying in 1 seconds
 Retrying in 1 seconds
 Retrying in 1 seconds
 Retrying in 1 seconds
 Retrying in 1 seconds
 Retrying in 1 seconds
 Retrying in 1 seconds
 Retrying in 1 seconds
 Retrying in 1 seconds
 Retrying in 1 seconds
 Retrying in 1 seconds
 Retrying in 1 seconds
 Retrying in 1 seconds
[shaping_diag] success_cum_shaping=287.70 T=439 d_init=95.9 d_final=0.0
Warning: Vehicle 'other' performs emergency braking on lane ':center_7_0' with decel=9.00, wished=3.00, severity=1.00, time=8.80.
 Retrying in 1 seconds
 Retrying in 1 seconds
  step=400000: return=-10.41, coll=0.00, score=-10.41
 Retrying in 1 seconds
 Retrying in 1 seconds
 Retrying in 1 seconds
 Retrying in 1 seconds
 Retrying in 1 seconds
 Retrying in 1 seconds
 Retrying in 1 seconds
 Retrying in 1 seconds
 Retrying in 1 seconds
 Retrying in 1 seconds
 Retrying in 1 seconds
 Retrying in 1 seconds
 Retrying in 1 seconds
 Retrying in 1 seconds
 Retrying in 1 seconds
 Retrying in 1 seconds
 Retrying in 1 seconds
 Retrying in 1 seconds
 Retrying in 1 seconds
 Retrying in 1 seconds
 Retrying in 1 seconds
 Retrying in 1 seconds
 Retrying in 1 seconds
 Retrying in 1 seconds
 Retrying in 1 seconds
 Retrying in 1 seconds
 Retrying in 1 seconds
 Retrying in 1 seconds
[shaping_diag] success_cum_shaping=287.70 T=439 d_init=95.9 d_final=0.0
 Retrying in 1 seconds
 Retrying in 1 seconds
  step=final: return=-10.41, coll=0.00, score=-10.41
  Best: step=300000 (margin=64.35). Copied to results/ablation/tier1/2_dense_right_left_drppo_intent_s42/model_drppo_2_dense_right_left.pt
Training complete. Metrics in results/ablation/tier1/2_dense_right_left_drppo_intent_s42/train_drppo_2_dense_right_left.csv
=== EVAL ===
Eval seed=1042 [deterministic]...
 Retrying in 1 seconds
 Retrying in 1 seconds
 Retrying in 1 seconds
 Retrying in 1 seconds
 Retrying in 1 seconds
 Retrying in 1 seconds
 Retrying in 1 seconds
 Retrying in 1 seconds
 Retrying in 1 seconds
 Retrying in 1 seconds
 Retrying in 1 seconds
 Retrying in 1 seconds
 Retrying in 1 seconds
 Retrying in 1 seconds
[shaping_diag] success_cum_shaping=287.70 T=420 d_init=95.9 d_final=0.0
 Retrying in 1 seconds
 Retrying in 1 seconds
 Retrying in 1 seconds
 Retrying in 1 seconds
[shaping_diag] success_cum_shaping=287.70 T=492 d_init=95.9 d_final=0.0
 Retrying in 1 seconds
 Retrying in 1 seconds
 Retrying in 1 seconds
 Retrying in 1 seconds
 Retrying in 1 seconds
 Retrying in 1 seconds
 Retrying in 1 seconds
 Retrying in 1 seconds
 Retrying in 1 seconds
 Retrying in 1 seconds
 Retrying in 1 seconds
 Retrying in 1 seconds
[shaping_diag] success_cum_shaping=287.70 T=290 d_init=95.9 d_final=0.0
 Retrying in 1 seconds
 Retrying in 1 seconds
 Retrying in 1 seconds
 Retrying in 1 seconds
 Retrying in 1 seconds
[shaping_diag] success_cum_shaping=287.70 T=459 d_init=95.9 d_final=0.0
 Retrying in 1 seconds
 Retrying in 1 seconds
 Retrying in 1 seconds
 Retrying in 1 seconds
 Retrying in 1 seconds
[shaping_diag] success_cum_shaping=287.70 T=370 d_init=95.9 d_final=0.0
Warning: Vehicle 'other2' performs emergency braking on lane ':center_7_0' with decel=9.00, wished=5.00, severity=1.00, time=8.80.
Warning: Vehicle 'other2' collision with person 'ped0', lane=':center_13_0', time=9.40, stage=move.
 Retrying in 1 seconds
 Retrying in 1 seconds
 Retrying in 1 seconds
 Retrying in 1 seconds
 Retrying in 1 seconds
 Retrying in 1 seconds
 Retrying in 1 seconds
 Retrying in 1 seconds
[shaping_diag] success_cum_shaping=287.70 T=388 d_init=95.9 d_final=0.0
Warning: Vehicle 'other2' performs emergency braking on lane ':center_7_0' with decel=9.00, wished=7.00, severity=1.00, time=9.50.
Warning: Vehicle 'other2' collision with person 'ped0', lane=':center_13_0', time=10.00, stage=move.
Warning: Vehicle 'other3' performs emergency braking on lane ':center_7_0' with decel=9.00, wished=3.00, severity=1.00, time=11.60.
Warning: Vehicle 'other3' collision with person 'ped2', lane=':center_13_0', time=12.00, stage=move.
 Retrying in 1 seconds
 Retrying in 1 seconds
 Retrying in 1 seconds
 Retrying in 1 seconds
 Retrying in 1 seconds
 Retrying in 1 seconds
[shaping_diag] success_cum_shaping=287.70 T=494 d_init=95.9 d_final=0.0
 Retrying in 1 seconds
[shaping_diag] success_cum_shaping=287.70 T=366 d_init=95.9 d_final=0.0
Warning: Vehicle 'other2' performs emergency braking on lane ':center_7_0' with decel=9.00, wished=4.00, severity=1.00, time=11.30.
Warning: Vehicle 'other2' performs emergency braking on lane ':center_7_0' with decel=9.00, wished=6.00, severity=1.00, time=7.60.
 Retrying in 1 seconds
 Retrying in 1 seconds
 Retrying in 1 seconds
 Retrying in 1 seconds
 Retrying in 1 seconds
 Retrying in 1 seconds
 Retrying in 1 seconds
 Retrying in 1 seconds
 Retrying in 1 seconds
 Retrying in 1 seconds
 Retrying in 1 seconds
 Retrying in 1 seconds
 Retrying in 1 seconds
 Retrying in 1 seconds
 Retrying in 1 seconds
[shaping_diag] success_cum_shaping=287.70 T=464 d_init=95.9 d_final=0.0
 Retrying in 1 seconds
 Retrying in 1 seconds
[shaping_diag] success_cum_shaping=287.70 T=305 d_init=95.9 d_final=0.0
Warning: Vehicle 'other2' performs emergency braking on lane ':center_7_0' with decel=9.00, wished=6.00, severity=1.00, time=8.00.
 Retrying in 1 seconds
[shaping_diag] success_cum_shaping=287.70 T=437 d_init=95.9 d_final=0.0
 Retrying in 1 seconds
 Retrying in 1 seconds
 Retrying in 1 seconds
 Retrying in 1 seconds
 Retrying in 1 seconds
 Retrying in 1 seconds
 Retrying in 1 seconds
[shaping_diag] success_cum_shaping=287.70 T=413 d_init=95.9 d_final=0.0
 Retrying in 1 seconds
[shaping_diag] success_cum_shaping=287.70 T=471 d_init=95.9 d_final=0.0
 Retrying in 1 seconds
 Retrying in 1 seconds
 Retrying in 1 seconds
 Retrying in 1 seconds
 Retrying in 1 seconds
 Retrying in 1 seconds
 Retrying in 1 seconds
 Retrying in 1 seconds
 Retrying in 1 seconds
 Retrying in 1 seconds
 Retrying in 1 seconds
 Retrying in 1 seconds
[shaping_diag] success_cum_shaping=287.70 T=439 d_init=95.9 d_final=0.0
 Retrying in 1 seconds
 Retrying in 1 seconds
[shaping_diag] success_cum_shaping=287.70 T=367 d_init=95.9 d_final=0.0
Warning: Collision of person 'ped0' and person 'ped2', lane='right_out_0', time=2.00.
Warning: Collision of person 'ped0' and person 'ped2', lane='right_out_0', time=2.10.
 Retrying in 1 seconds
 Retrying in 1 seconds
 Retrying in 1 seconds
 Retrying in 1 seconds
 Retrying in 1 seconds
[shaping_diag] success_cum_shaping=287.70 T=464 d_init=95.9 d_final=0.0
  return=67.66 coll=0.000 success=0.160 ttc=7.97 ent=1.12 brakes=0.1
Eval seed=1042 [stochastic]...
 Retrying in 1 seconds
 Retrying in 1 seconds
 Retrying in 1 seconds
 Retrying in 1 seconds
 Retrying in 1 seconds
 Retrying in 1 seconds
 Retrying in 1 seconds
 Retrying in 1 seconds
 Retrying in 1 seconds
 Retrying in 1 seconds
 Retrying in 1 seconds
 Retrying in 1 seconds
 Retrying in 1 seconds
 Retrying in 1 seconds
 Retrying in 1 seconds
 Retrying in 1 seconds
 Retrying in 1 seconds
 Retrying in 1 seconds
 Retrying in 1 seconds
 Retrying in 1 seconds
 Retrying in 1 seconds
 Retrying in 1 seconds
 Retrying in 1 seconds
 Retrying in 1 seconds
 Retrying in 1 seconds
 Retrying in 1 seconds
 Retrying in 1 seconds
 Retrying in 1 seconds
 Retrying in 1 seconds
 Retrying in 1 seconds
[shaping_diag] success_cum_shaping=287.70 T=322 d_init=95.9 d_final=0.0
 Retrying in 1 seconds
 Retrying in 1 seconds
 Retrying in 1 seconds
 Retrying in 1 seconds
 Retrying in 1 seconds
 Retrying in 1 seconds
 Retrying in 1 seconds
 Retrying in 1 seconds
 Retrying in 1 seconds
 Retrying in 1 seconds
[shaping_diag] success_cum_shaping=287.70 T=414 d_init=95.9 d_final=0.0
Warning: Vehicle 'other2' performs emergency braking on lane ':center_7_0' with decel=9.00, wished=4.00, severity=1.00, time=12.40.
Warning: Vehicle 'other2' performs emergency braking on lane ':center_7_0' with decel=9.00, wished=5.00, severity=1.00, time=8.80.
Warning: Vehicle 'other2' collision with person 'ped0', lane=':center_13_0', time=9.40, stage=move.
 Retrying in 1 seconds
 Retrying in 1 seconds
 Retrying in 1 seconds
 Retrying in 1 seconds
 Retrying in 1 seconds
 Retrying in 1 seconds
 Retrying in 1 seconds
 Retrying in 1 seconds
[shaping_diag] success_cum_shaping=287.70 T=362 d_init=95.9 d_final=0.0
Warning: Vehicle 'other2' performs emergency braking on lane ':center_7_0' with decel=9.00, wished=7.00, severity=1.00, time=9.50.
Warning: Vehicle 'other2' collision with person 'ped0', lane=':center_13_0', time=10.00, stage=move.
Warning: Vehicle 'other3' performs emergency braking on lane ':center_7_0' with decel=9.00, wished=3.00, severity=1.00, time=11.60.
Warning: Vehicle 'other3' collision with person 'ped2', lane=':center_13_0', time=12.00, stage=move.
 Retrying in 1 seconds
 Retrying in 1 seconds
 Retrying in 1 seconds
 Retrying in 1 seconds
 Retrying in 1 seconds
 Retrying in 1 seconds
 Retrying in 1 seconds
[shaping_diag] success_cum_shaping=287.70 T=396 d_init=95.9 d_final=0.0
Warning: Vehicle 'other2' performs emergency braking on lane ':center_7_0' with decel=9.00, wished=4.00, severity=1.00, time=11.30.
Warning: Vehicle 'other2' performs emergency braking on lane ':center_7_0' with decel=9.00, wished=6.00, severity=1.00, time=7.60.
 Retrying in 1 seconds
 Retrying in 1 seconds
 Retrying in 1 seconds
 Retrying in 1 seconds
 Retrying in 1 seconds
 Retrying in 1 seconds
 Retrying in 1 seconds
 Retrying in 1 seconds
 Retrying in 1 seconds
 Retrying in 1 seconds
 Retrying in 1 seconds
 Retrying in 1 seconds
 Retrying in 1 seconds
 Retrying in 1 seconds
 Retrying in 1 seconds
 Retrying in 1 seconds
 Retrying in 1 seconds
[shaping_diag] success_cum_shaping=287.70 T=340 d_init=95.9 d_final=0.0
Warning: Vehicle 'other2' performs emergency braking on lane ':center_7_0' with decel=9.00, wished=6.00, severity=1.00, time=8.00.
 Retrying in 1 seconds
 Retrying in 1 seconds
 Retrying in 1 seconds
 Retrying in 1 seconds
 Retrying in 1 seconds
 Retrying in 1 seconds
 Retrying in 1 seconds
 Retrying in 1 seconds
 Retrying in 1 seconds
 Retrying in 1 seconds
 Retrying in 1 seconds
 Retrying in 1 seconds
 Retrying in 1 seconds
 Retrying in 1 seconds
 Retrying in 1 seconds
 Retrying in 1 seconds
 Retrying in 1 seconds
 Retrying in 1 seconds
 Retrying in 1 seconds
 Retrying in 1 seconds
 Retrying in 1 seconds
[shaping_diag] success_cum_shaping=287.70 T=476 d_init=95.9 d_final=0.0
Warning: Collision of person 'ped0' and person 'ped2', lane='right_out_0', time=2.00.
Warning: Collision of person 'ped0' and person 'ped2', lane='right_out_0', time=2.10.
 Retrying in 1 seconds
 Retrying in 1 seconds
 Retrying in 1 seconds
 Retrying in 1 seconds
 Retrying in 1 seconds
 Retrying in 1 seconds
 Retrying in 1 seconds
[shaping_diag] success_cum_shaping=287.70 T=484 d_init=95.9 d_final=0.0
Warning: Vehicle 'other' performs emergency braking on lane ':center_7_0' with decel=9.00, wished=4.00, severity=1.00, time=8.60.
  return=72.22 coll=0.000 success=0.070 ttc=8.99 ent=1.44 brakes=0.1
Eval seed=2042 [deterministic]...
 Retrying in 1 seconds
 Retrying in 1 seconds
 Retrying in 1 seconds
 Retrying in 1 seconds
 Retrying in 1 seconds
 Retrying in 1 seconds
 Retrying in 1 seconds
 Retrying in 1 seconds
[shaping_diag] success_cum_shaping=287.70 T=459 d_init=95.9 d_final=0.0
 Retrying in 1 seconds
 Retrying in 1 seconds
 Retrying in 1 seconds
 Retrying in 1 seconds
 Retrying in 1 seconds
 Retrying in 1 seconds
[shaping_diag] success_cum_shaping=287.70 T=495 d_init=95.9 d_final=0.0
 Retrying in 1 seconds
 Retrying in 1 seconds
 Retrying in 1 seconds
[shaping_diag] success_cum_shaping=287.70 T=426 d_init=95.9 d_final=0.0
 Retrying in 1 seconds
[shaping_diag] success_cum_shaping=287.70 T=493 d_init=95.9 d_final=0.0
 Retrying in 1 seconds
 Retrying in 1 seconds
 Retrying in 1 seconds
 Retrying in 1 seconds
[shaping_diag] success_cum_shaping=287.70 T=490 d_init=95.9 d_final=0.0
 Retrying in 1 seconds
[shaping_diag] success_cum_shaping=287.70 T=399 d_init=95.9 d_final=0.0
Warning: Vehicle 'other2' performs emergency braking on lane ':center_7_0' with decel=9.00, wished=6.00, severity=1.00, time=11.50.
 Retrying in 1 seconds
 Retrying in 1 seconds
 Retrying in 1 seconds
 Retrying in 1 seconds
 Retrying in 1 seconds
 Retrying in 1 seconds
 Retrying in 1 seconds
 Retrying in 1 seconds
 Retrying in 1 seconds
 Retrying in 1 seconds
 Retrying in 1 seconds
 Retrying in 1 seconds
 Retrying in 1 seconds
 Retrying in 1 seconds
 Retrying in 1 seconds
 Retrying in 1 seconds
[shaping_diag] success_cum_shaping=287.70 T=336 d_init=95.9 d_final=0.0
Warning: Vehicle 'other' performs emergency braking on lane ':center_7_0' with decel=9.00, wished=5.00, severity=1.00, time=6.00.
 Retrying in 1 seconds
 Retrying in 1 seconds
[shaping_diag] success_cum_shaping=287.70 T=451 d_init=95.9 d_final=0.0
 Retrying in 1 seconds
 Retrying in 1 seconds
 Retrying in 1 seconds
 Retrying in 1 seconds
 Retrying in 1 seconds
 Retrying in 1 seconds
[shaping_diag] success_cum_shaping=287.70 T=449 d_init=95.9 d_final=0.0
 Retrying in 1 seconds
 Retrying in 1 seconds
 Retrying in 1 seconds
 Retrying in 1 seconds
 Retrying in 1 seconds
 Retrying in 1 seconds
 Retrying in 1 seconds
[shaping_diag] success_cum_shaping=287.70 T=427 d_init=95.9 d_final=0.0
Warning: Vehicle 'other3' performs emergency braking on lane ':center_7_0' with decel=9.00, wished=3.00, severity=1.00, time=9.40.
 Retrying in 1 seconds
 Retrying in 1 seconds
 Retrying in 1 seconds
 Retrying in 1 seconds
 Retrying in 1 seconds
 Retrying in 1 seconds
 Retrying in 1 seconds
 Retrying in 1 seconds
 Retrying in 1 seconds
 Retrying in 1 seconds
 Retrying in 1 seconds
 Retrying in 1 seconds
 Retrying in 1 seconds
 Retrying in 1 seconds
 Retrying in 1 seconds
 Retrying in 1 seconds
 Retrying in 1 seconds
 Retrying in 1 seconds
 Retrying in 1 seconds
 Retrying in 1 seconds
 Retrying in 1 seconds
 Retrying in 1 seconds
 Retrying in 1 seconds
 Retrying in 1 seconds
 Retrying in 1 seconds
 Retrying in 1 seconds
 Retrying in 1 seconds
 Retrying in 1 seconds
 Retrying in 1 seconds
 Retrying in 1 seconds
 Retrying in 1 seconds
 Retrying in 1 seconds
 Retrying in 1 seconds
 Retrying in 1 seconds
 Retrying in 1 seconds
 Retrying in 1 seconds
 Retrying in 1 seconds
[shaping_diag] success_cum_shaping=287.70 T=380 d_init=95.9 d_final=0.0
 Retrying in 1 seconds
 Retrying in 1 seconds
 Retrying in 1 seconds
 Retrying in 1 seconds
[shaping_diag] success_cum_shaping=287.70 T=406 d_init=95.9 d_final=0.0
Warning: Vehicle 'other' performs emergency braking on lane ':center_7_0' with decel=9.00, wished=4.00, severity=1.00, time=8.60.
 Retrying in 1 seconds
 Retrying in 1 seconds
 Retrying in 1 seconds
 Retrying in 1 seconds
 Retrying in 1 seconds
  return=55.14 coll=0.000 success=0.120 ttc=7.64 ent=1.13 brakes=0.1
Eval seed=2042 [stochastic]...
 Retrying in 1 seconds
 Retrying in 1 seconds
 Retrying in 1 seconds
 Retrying in 1 seconds
 Retrying in 1 seconds
 Retrying in 1 seconds
 Retrying in 1 seconds
 Retrying in 1 seconds
 Retrying in 1 seconds
 Retrying in 1 seconds
 Retrying in 1 seconds
 Retrying in 1 seconds
 Retrying in 1 seconds
 Retrying in 1 seconds
 Retrying in 1 seconds
 Retrying in 1 seconds
 Retrying in 1 seconds
[shaping_diag] success_cum_shaping=287.70 T=498 d_init=95.9 d_final=0.0
 Retrying in 1 seconds
 Retrying in 1 seconds
 Retrying in 1 seconds
 Retrying in 1 seconds
 Retrying in 1 seconds
 Retrying in 1 seconds
[shaping_diag] success_cum_shaping=287.70 T=360 d_init=95.9 d_final=0.0
Warning: Vehicle 'other2' performs emergency braking on lane ':center_7_0' with decel=9.00, wished=6.00, severity=1.00, time=11.50.
Warning: Vehicle 'other' performs emergency braking on lane ':center_7_0' with decel=9.00, wished=5.00, severity=1.00, time=6.00.
 Retrying in 1 seconds
 Retrying in 1 seconds
 Retrying in 1 seconds
 Retrying in 1 seconds
 Retrying in 1 seconds
 Retrying in 1 seconds
 Retrying in 1 seconds
 Retrying in 1 seconds
 Retrying in 1 seconds
 Retrying in 1 seconds
 Retrying in 1 seconds
 Retrying in 1 seconds
 Retrying in 1 seconds
 Retrying in 1 seconds
 Retrying in 1 seconds
 Retrying in 1 seconds
 Retrying in 1 seconds
 Retrying in 1 seconds
[shaping_diag] success_cum_shaping=287.70 T=478 d_init=95.9 d_final=0.0
 Retrying in 1 seconds
 Retrying in 1 seconds
 Retrying in 1 seconds
 Retrying in 1 seconds
 Retrying in 1 seconds
 Retrying in 1 seconds
[shaping_diag] success_cum_shaping=287.70 T=496 d_init=95.9 d_final=0.0
Warning: Vehicle 'other3' performs emergency braking on lane ':center_7_0' with decel=9.00, wished=3.00, severity=1.00, time=9.40.
 Retrying in 1 seconds
 Retrying in 1 seconds
 Retrying in 1 seconds
 Retrying in 1 seconds
 Retrying in 1 seconds
 Retrying in 1 seconds
 Retrying in 1 seconds
 Retrying in 1 seconds
 Retrying in 1 seconds
 Retrying in 1 seconds
 Retrying in 1 seconds
 Retrying in 1 seconds
 Retrying in 1 seconds
 Retrying in 1 seconds
 Retrying in 1 seconds
 Retrying in 1 seconds
 Retrying in 1 seconds
 Retrying in 1 seconds
 Retrying in 1 seconds
 Retrying in 1 seconds
 Retrying in 1 seconds
 Retrying in 1 seconds
 Retrying in 1 seconds
 Retrying in 1 seconds
 Retrying in 1 seconds
 Retrying in 1 seconds
 Retrying in 1 seconds
 Retrying in 1 seconds
 Retrying in 1 seconds
 Retrying in 1 seconds
 Retrying in 1 seconds
 Retrying in 1 seconds
 Retrying in 1 seconds
 Retrying in 1 seconds
 Retrying in 1 seconds
 Retrying in 1 seconds
 Retrying in 1 seconds
 Retrying in 1 seconds
 Retrying in 1 seconds
 Retrying in 1 seconds
 Retrying in 1 seconds
 Retrying in 1 seconds
 Retrying in 1 seconds
 Retrying in 1 seconds
[shaping_diag] success_cum_shaping=287.70 T=474 d_init=95.9 d_final=0.0
 Retrying in 1 seconds
 Retrying in 1 seconds
 Retrying in 1 seconds
 Retrying in 1 seconds
[shaping_diag] success_cum_shaping=287.70 T=415 d_init=95.9 d_final=0.0
Warning: Vehicle 'other2' performs emergency braking on lane ':center_7_0' with decel=9.00, wished=6.00, severity=1.00, time=10.90.
 Retrying in 1 seconds
 Retrying in 1 seconds
 Retrying in 1 seconds
 Retrying in 1 seconds
 Retrying in 1 seconds
  return=77.20 coll=0.000 success=0.060 ttc=12.53 ent=1.45 brakes=0.1
Eval seed=3042 [deterministic]...
 Retrying in 1 seconds
 Retrying in 1 seconds
 Retrying in 1 seconds
 Retrying in 1 seconds
 Retrying in 1 seconds
 Retrying in 1 seconds
 Retrying in 1 seconds
[shaping_diag] success_cum_shaping=287.70 T=469 d_init=95.9 d_final=0.0
 Retrying in 1 seconds
 Retrying in 1 seconds
[shaping_diag] success_cum_shaping=287.70 T=436 d_init=95.9 d_final=0.0
 Retrying in 1 seconds
 Retrying in 1 seconds
 Retrying in 1 seconds
 Retrying in 1 seconds
[shaping_diag] success_cum_shaping=287.70 T=347 d_init=95.9 d_final=0.0
Warning: Vehicle 'other3' performs emergency braking on lane ':center_7_0' with decel=9.00, wished=3.00, severity=1.00, time=13.70.
 Retrying in 1 seconds
 Retrying in 1 seconds
 Retrying in 1 seconds
 Retrying in 1 seconds
 Retrying in 1 seconds
 Retrying in 1 seconds
 Retrying in 1 seconds
 Retrying in 1 seconds
 Retrying in 1 seconds
 Retrying in 1 seconds
 Retrying in 1 seconds
[shaping_diag] success_cum_shaping=287.70 T=498 d_init=95.9 d_final=0.0
 Retrying in 1 seconds
 Retrying in 1 seconds
 Retrying in 1 seconds
[shaping_diag] success_cum_shaping=287.70 T=490 d_init=95.9 d_final=0.0
 Retrying in 1 seconds
 Retrying in 1 seconds
 Retrying in 1 seconds
 Retrying in 1 seconds
 Retrying in 1 seconds
 Retrying in 1 seconds
 Retrying in 1 seconds
 Retrying in 1 seconds
 Retrying in 1 seconds
 Retrying in 1 seconds
 Retrying in 1 seconds
 Retrying in 1 seconds
 Retrying in 1 seconds
 Retrying in 1 seconds
 Retrying in 1 seconds
 Retrying in 1 seconds
 Retrying in 1 seconds
 Retrying in 1 seconds
 Retrying in 1 seconds
 Retrying in 1 seconds
 Retrying in 1 seconds
 Retrying in 1 seconds
 Retrying in 1 seconds
 Retrying in 1 seconds
 Retrying in 1 seconds
 Retrying in 1 seconds
 Retrying in 1 seconds
 Retrying in 1 seconds
 Retrying in 1 seconds
[shaping_diag] success_cum_shaping=287.70 T=491 d_init=95.9 d_final=0.0
Warning: Vehicle 'other' performs emergency braking on lane ':center_7_0' with decel=9.00, wished=7.00, severity=1.00, time=7.20.
 Retrying in 1 seconds
 Retrying in 1 seconds
 Retrying in 1 seconds
 Retrying in 1 seconds
 Retrying in 1 seconds
 Retrying in 1 seconds
 Retrying in 1 seconds
 Retrying in 1 seconds
 Retrying in 1 seconds
 Retrying in 1 seconds
 Retrying in 1 seconds
 Retrying in 1 seconds
 Retrying in 1 seconds
 Retrying in 1 seconds
 Retrying in 1 seconds
[shaping_diag] success_cum_shaping=287.70 T=484 d_init=95.9 d_final=0.0
 Retrying in 1 seconds
 Retrying in 1 seconds
[shaping_diag] success_cum_shaping=287.70 T=498 d_init=95.9 d_final=0.0
Warning: Collision of person 'ped0' and person 'ped2', lane='left_in_0', time=1.30.
Warning: Collision of person 'ped0' and person 'ped2', lane='left_in_0', time=1.40.
Warning: Collision of person 'ped0' and person 'ped2', lane='left_in_0', time=1.50.
 Retrying in 1 seconds
 Retrying in 1 seconds
 Retrying in 1 seconds
 Retrying in 1 seconds
[shaping_diag] success_cum_shaping=287.70 T=466 d_init=95.9 d_final=0.0
Warning: Vehicle 'other2' performs emergency braking on lane ':center_7_0' with decel=9.00, wished=6.00, severity=1.00, time=8.50.
 Retrying in 1 seconds
 Retrying in 1 seconds
 Retrying in 1 seconds
 Retrying in 1 seconds
 Retrying in 1 seconds
 Retrying in 1 seconds
 Retrying in 1 seconds
 Retrying in 1 seconds
 Retrying in 1 seconds
 Retrying in 1 seconds
 Retrying in 1 seconds
 Retrying in 1 seconds
 Retrying in 1 seconds
 Retrying in 1 seconds
 Retrying in 1 seconds
 Retrying in 1 seconds
 Retrying in 1 seconds
[shaping_diag] success_cum_shaping=287.70 T=433 d_init=95.9 d_final=0.0
Warning: Vehicle 'other2' performs emergency braking on lane ':center_7_0' with decel=9.00, wished=6.00, severity=1.00, time=11.10.
Warning: Vehicle 'other2' collision with person 'ped0', lane=':center_13_0', time=12.00, stage=move.
 Retrying in 1 seconds
 Retrying in 1 seconds
 Retrying in 1 seconds
 Retrying in 1 seconds
 Retrying in 1 seconds
 Retrying in 1 seconds
  return=55.97 coll=0.000 success=0.100 ttc=8.21 ent=1.14 brakes=0.1
Eval seed=3042 [stochastic]...
 Retrying in 1 seconds
 Retrying in 1 seconds
 Retrying in 1 seconds
 Retrying in 1 seconds
 Retrying in 1 seconds
 Retrying in 1 seconds
 Retrying in 1 seconds
 Retrying in 1 seconds
 Retrying in 1 seconds
[shaping_diag] success_cum_shaping=287.70 T=443 d_init=95.9 d_final=0.0
 Retrying in 1 seconds
 Retrying in 1 seconds
 Retrying in 1 seconds
 Retrying in 1 seconds
[shaping_diag] success_cum_shaping=287.70 T=384 d_init=95.9 d_final=0.0
Warning: Vehicle 'other3' performs emergency braking on lane ':center_7_0' with decel=9.00, wished=3.00, severity=1.00, time=13.70.
Warning: Vehicle 'other2' performs emergency braking on lane ':center_7_0' with decel=9.00, wished=7.00, severity=1.00, time=11.80.
Warning: Vehicle 'other' performs emergency braking on lane ':center_7_0' with decel=9.00, wished=7.00, severity=1.00, time=7.20.
Warning: Collision of person 'ped0' and person 'ped2', lane='left_in_0', time=1.30.
Warning: Collision of person 'ped0' and person 'ped2', lane='left_in_0', time=1.40.
Warning: Collision of person 'ped0' and person 'ped2', lane='left_in_0', time=1.50.
Warning: Vehicle 'other2' performs emergency braking on lane ':center_7_0' with decel=9.00, wished=6.00, severity=1.00, time=8.50.
 Retrying in 1 seconds
 Retrying in 1 seconds
 Retrying in 1 seconds
 Retrying in 1 seconds
 Retrying in 1 seconds
 Retrying in 1 seconds
 Retrying in 1 seconds
 Retrying in 1 seconds
 Retrying in 1 seconds
 Retrying in 1 seconds
 Retrying in 1 seconds
 Retrying in 1 seconds
 Retrying in 1 seconds
 Retrying in 1 seconds
 Retrying in 1 seconds
 Retrying in 1 seconds
 Retrying in 1 seconds
 Retrying in 1 seconds
 Retrying in 1 seconds
 Retrying in 1 seconds
 Retrying in 1 seconds
 Retrying in 1 seconds
 Retrying in 1 seconds
 Retrying in 1 seconds
 Retrying in 1 seconds
 Retrying in 1 seconds
 Retrying in 1 seconds
 Retrying in 1 seconds
 Retrying in 1 seconds
 Retrying in 1 seconds
 Retrying in 1 seconds
 Retrying in 1 seconds
 Retrying in 1 seconds
 Retrying in 1 seconds
 Retrying in 1 seconds
 Retrying in 1 seconds
 Retrying in 1 seconds
 Retrying in 1 seconds
 Retrying in 1 seconds
 Retrying in 1 seconds
 Retrying in 1 seconds
 Retrying in 1 seconds
 Retrying in 1 seconds
 Retrying in 1 seconds
 Retrying in 1 seconds
 Retrying in 1 seconds
 Retrying in 1 seconds
 Retrying in 1 seconds
 Retrying in 1 seconds
 Retrying in 1 seconds
 Retrying in 1 seconds
 Retrying in 1 seconds
 Retrying in 1 seconds
 Retrying in 1 seconds
 Retrying in 1 seconds
 Retrying in 1 seconds
 Retrying in 1 seconds
 Retrying in 1 seconds
 Retrying in 1 seconds
 Retrying in 1 seconds
 Retrying in 1 seconds
 Retrying in 1 seconds
 Retrying in 1 seconds
 Retrying in 1 seconds
 Retrying in 1 seconds
 Retrying in 1 seconds
 Retrying in 1 seconds
 Retrying in 1 seconds
 Retrying in 1 seconds
 Retrying in 1 seconds
 Retrying in 1 seconds
 Retrying in 1 seconds
 Retrying in 1 seconds
 Retrying in 1 seconds
 Retrying in 1 seconds
 Retrying in 1 seconds
 Retrying in 1 seconds
 Retrying in 1 seconds
 Retrying in 1 seconds
 Retrying in 1 seconds
 Retrying in 1 seconds
 Retrying in 1 seconds
 Retrying in 1 seconds
 Retrying in 1 seconds
 Retrying in 1 seconds
 Retrying in 1 seconds
 Retrying in 1 seconds
  return=70.56 coll=0.000 success=0.020 ttc=9.48 ent=1.45 brakes=0.0
Saved results/ablation/tier1/2_dense_right_left_drppo_intent_s42/eval_drppo_2_dense_right_left.csv
