 Retrying in 1 seconds
 Retrying in 1 seconds
 Retrying in 1 seconds
 Retrying in 1 seconds
 Retrying in 1 seconds
 Retrying in 1 seconds
 Retrying in 1 seconds
 Retrying in 1 seconds
 Retrying in 1 seconds
 Retrying in 1 seconds
 Retrying in 1 seconds
 Retrying in 1 seconds
 Retrying in 1 seconds
[shaping_diag] success_cum_shaping=313.35 T=438 d_init=104.4 d_final=0.0
 Retrying in 1 seconds
 Retrying in 1 seconds
 Retrying in 1 seconds
[shaping_diag] success_cum_shaping=313.35 T=280 d_init=104.4 d_final=0.0
 Retrying in 1 seconds
[shaping_diag] success_cum_shaping=313.35 T=316 d_init=104.4 d_final=0.0
 Retrying in 1 seconds
[shaping_diag] success_cum_shaping=313.35 T=253 d_init=104.4 d_final=0.0
 Retrying in 1 seconds
[shaping_diag] success_cum_shaping=313.35 T=189 d_init=104.4 d_final=0.0
[cbf_aux] step=4096 ret=142.82 coll=0 ttc=10.52 cbf_res=0.0445
 Retrying in 1 seconds
 Retrying in 1 seconds
 Retrying in 1 seconds
 Retrying in 1 seconds
 Retrying in 1 seconds
 Retrying in 1 seconds
 Retrying in 1 seconds
 Retrying in 1 seconds
 Retrying in 1 seconds
 Retrying in 1 seconds
 Retrying in 1 seconds
 Retrying in 1 seconds
 Retrying in 1 seconds
 Retrying in 1 seconds
 Retrying in 1 seconds
 Retrying in 1 seconds
 Retrying in 1 seconds
 Retrying in 1 seconds
 Retrying in 1 seconds
 Retrying in 1 seconds
 Retrying in 1 seconds
 Retrying in 1 seconds
[shaping_diag] success_cum_shaping=313.35 T=487 d_init=104.4 d_final=0.0
 Retrying in 1 seconds
 Retrying in 1 seconds
[shaping_diag] success_cum_shaping=313.35 T=455 d_init=104.4 d_final=0.0
 Retrying in 1 seconds
[shaping_diag] success_cum_shaping=313.35 T=447 d_init=104.4 d_final=0.0
 Retrying in 1 seconds
 Retrying in 1 seconds
 Retrying in 1 seconds
[shaping_diag] success_cum_shaping=313.35 T=486 d_init=104.4 d_final=0.0
 Retrying in 1 seconds
[shaping_diag] success_cum_shaping=313.35 T=364 d_init=104.4 d_final=0.0
 Retrying in 1 seconds
 Retrying in 1 seconds
[shaping_diag] success_cum_shaping=313.35 T=436 d_init=104.4 d_final=0.0
 Retrying in 1 seconds
[shaping_diag] success_cum_shaping=313.35 T=433 d_init=104.4 d_final=0.0
 Retrying in 1 seconds
[shaping_diag] success_cum_shaping=313.35 T=385 d_init=104.4 d_final=0.0
 Retrying in 1 seconds
[shaping_diag] success_cum_shaping=313.35 T=320 d_init=104.4 d_final=0.0
 Retrying in 1 seconds
[shaping_diag] success_cum_shaping=313.35 T=473 d_init=104.4 d_final=0.0
 Retrying in 1 seconds
[shaping_diag] success_cum_shaping=313.35 T=413 d_init=104.4 d_final=0.0
 Retrying in 1 seconds
 Retrying in 1 seconds
[shaping_diag] success_cum_shaping=313.35 T=407 d_init=104.4 d_final=0.0
 Retrying in 1 seconds
[shaping_diag] success_cum_shaping=313.35 T=427 d_init=104.4 d_final=0.0
 Retrying in 1 seconds
[shaping_diag] success_cum_shaping=313.35 T=473 d_init=104.4 d_final=0.0
 Retrying in 1 seconds
[shaping_diag] success_cum_shaping=313.35 T=481 d_init=104.4 d_final=0.0
 Retrying in 1 seconds
 Retrying in 1 seconds
[shaping_diag] success_cum_shaping=313.35 T=486 d_init=104.4 d_final=0.0
 Retrying in 1 seconds
[shaping_diag] success_cum_shaping=313.35 T=466 d_init=104.4 d_final=0.0
 Retrying in 1 seconds
[shaping_diag] success_cum_shaping=313.35 T=481 d_init=104.4 d_final=0.0
 Retrying in 1 seconds
 Retrying in 1 seconds
 Retrying in 1 seconds
[shaping_diag] success_cum_shaping=313.35 T=393 d_init=104.4 d_final=0.0
 Retrying in 1 seconds
[shaping_diag] success_cum_shaping=313.35 T=477 d_init=104.4 d_final=0.0
 Retrying in 1 seconds
[shaping_diag] success_cum_shaping=313.35 T=382 d_init=104.4 d_final=0.0
 Retrying in 1 seconds
[shaping_diag] success_cum_shaping=313.35 T=438 d_init=104.4 d_final=0.0
 Retrying in 1 seconds
 Retrying in 1 seconds
[shaping_diag] success_cum_shaping=313.35 T=394 d_init=104.4 d_final=0.0
 Retrying in 1 seconds
[shaping_diag] success_cum_shaping=313.35 T=417 d_init=104.4 d_final=0.0
 Retrying in 1 seconds
 Retrying in 1 seconds
 Retrying in 1 seconds
 Retrying in 1 seconds
[shaping_diag] success_cum_shaping=313.35 T=371 d_init=104.4 d_final=0.0
 Retrying in 1 seconds
[shaping_diag] success_cum_shaping=313.35 T=445 d_init=104.4 d_final=0.0
 Retrying in 1 seconds
 Retrying in 1 seconds
[shaping_diag] success_cum_shaping=313.35 T=405 d_init=104.4 d_final=0.0
 Retrying in 1 seconds
 Retrying in 1 seconds
[shaping_diag] success_cum_shaping=313.35 T=440 d_init=104.4 d_final=0.0
 Retrying in 1 seconds
[shaping_diag] success_cum_shaping=313.35 T=447 d_init=104.4 d_final=0.0
 Retrying in 1 seconds
[shaping_diag] success_cum_shaping=313.35 T=374 d_init=104.4 d_final=0.0
 Retrying in 1 seconds
 Retrying in 1 seconds
[shaping_diag] success_cum_shaping=313.35 T=422 d_init=104.4 d_final=0.0
 Retrying in 1 seconds
[shaping_diag] success_cum_shaping=313.35 T=411 d_init=104.4 d_final=0.0
 Retrying in 1 seconds
[shaping_diag] success_cum_shaping=313.35 T=468 d_init=104.4 d_final=0.0
 Retrying in 1 seconds
[shaping_diag] success_cum_shaping=313.35 T=373 d_init=104.4 d_final=0.0
 Retrying in 1 seconds
[shaping_diag] success_cum_shaping=313.35 T=347 d_init=104.4 d_final=0.0
 Retrying in 1 seconds
[shaping_diag] success_cum_shaping=313.35 T=463 d_init=104.4 d_final=0.0
 Retrying in 1 seconds
[shaping_diag] success_cum_shaping=313.35 T=394 d_init=104.4 d_final=0.0
 Retrying in 1 seconds
[shaping_diag] success_cum_shaping=313.35 T=439 d_init=104.4 d_final=0.0
 Retrying in 1 seconds
[shaping_diag] success_cum_shaping=313.35 T=417 d_init=104.4 d_final=0.0
 Retrying in 1 seconds
[shaping_diag] success_cum_shaping=313.35 T=316 d_init=104.4 d_final=0.0
 Retrying in 1 seconds
 Retrying in 1 seconds
[shaping_diag] success_cum_shaping=313.35 T=422 d_init=104.4 d_final=0.0
 Retrying in 1 seconds
[shaping_diag] success_cum_shaping=313.35 T=451 d_init=104.4 d_final=0.0
 Retrying in 1 seconds
[shaping_diag] success_cum_shaping=313.35 T=369 d_init=104.4 d_final=0.0
 Retrying in 1 seconds
[shaping_diag] success_cum_shaping=313.35 T=416 d_init=104.4 d_final=0.0
 Retrying in 1 seconds
[shaping_diag] success_cum_shaping=313.35 T=385 d_init=104.4 d_final=0.0
 Retrying in 1 seconds
[shaping_diag] success_cum_shaping=313.35 T=489 d_init=104.4 d_final=0.0
 Retrying in 1 seconds
[shaping_diag] success_cum_shaping=313.35 T=498 d_init=104.4 d_final=0.0
 Retrying in 1 seconds
[shaping_diag] success_cum_shaping=313.35 T=478 d_init=104.4 d_final=0.0
 Retrying in 1 seconds
[shaping_diag] success_cum_shaping=313.35 T=362 d_init=104.4 d_final=0.0
 Retrying in 1 seconds
 Retrying in 1 seconds
[shaping_diag] success_cum_shaping=313.35 T=344 d_init=104.4 d_final=0.0
 Retrying in 1 seconds
[shaping_diag] success_cum_shaping=313.35 T=277 d_init=104.4 d_final=0.0
 Retrying in 1 seconds
[shaping_diag] success_cum_shaping=313.35 T=312 d_init=104.4 d_final=0.0
 Retrying in 1 seconds
[shaping_diag] success_cum_shaping=313.35 T=361 d_init=104.4 d_final=0.0
 Retrying in 1 seconds
[shaping_diag] success_cum_shaping=313.35 T=328 d_init=104.4 d_final=0.0
 Retrying in 1 seconds
[shaping_diag] success_cum_shaping=313.35 T=301 d_init=104.4 d_final=0.0
 Retrying in 1 seconds
[shaping_diag] success_cum_shaping=313.35 T=354 d_init=104.4 d_final=0.0
 Retrying in 1 seconds
[shaping_diag] success_cum_shaping=313.35 T=270 d_init=104.4 d_final=0.0
 Retrying in 1 seconds
[shaping_diag] success_cum_shaping=313.35 T=307 d_init=104.4 d_final=0.0
 Retrying in 1 seconds
[shaping_diag] success_cum_shaping=313.35 T=356 d_init=104.4 d_final=0.0
 Retrying in 1 seconds
[shaping_diag] success_cum_shaping=313.35 T=369 d_init=104.4 d_final=0.0
 Retrying in 1 seconds
[shaping_diag] success_cum_shaping=313.35 T=303 d_init=104.4 d_final=0.0
 Retrying in 1 seconds
 Retrying in 1 seconds
[shaping_diag] success_cum_shaping=313.35 T=201 d_init=104.4 d_final=0.0
 Retrying in 1 seconds
[shaping_diag] success_cum_shaping=313.35 T=138 d_init=104.4 d_final=0.0
 Retrying in 1 seconds
[shaping_diag] success_cum_shaping=313.35 T=174 d_init=104.4 d_final=0.0
 Retrying in 1 seconds
[shaping_diag] success_cum_shaping=313.35 T=206 d_init=104.4 d_final=0.0
 Retrying in 1 seconds
[shaping_diag] success_cum_shaping=313.35 T=242 d_init=104.4 d_final=0.0
 Retrying in 1 seconds
[shaping_diag] success_cum_shaping=313.35 T=233 d_init=104.4 d_final=0.0
 Retrying in 1 seconds
[shaping_diag] success_cum_shaping=313.35 T=188 d_init=104.4 d_final=0.0
 Retrying in 1 seconds
 Retrying in 1 seconds
[shaping_diag] success_cum_shaping=313.35 T=267 d_init=104.4 d_final=0.0
Warning: Vehicle 'ego'; junction collision with vehicle 'other', lane=':center_5_0', gap=-1.00, time=13.90 stage=move.
 Retrying in 1 seconds
[cbf_aux] step=45056 ret=262.34 coll=2 ttc=11.50 cbf_res=0.0000
 Retrying in 1 seconds
[shaping_diag] success_cum_shaping=313.35 T=289 d_init=104.4 d_final=0.0
 Retrying in 1 seconds
[shaping_diag] success_cum_shaping=313.35 T=277 d_init=104.4 d_final=0.0
 Retrying in 1 seconds
[shaping_diag] success_cum_shaping=313.35 T=300 d_init=104.4 d_final=0.0
 Retrying in 1 seconds
[shaping_diag] success_cum_shaping=313.35 T=271 d_init=104.4 d_final=0.0
 Retrying in 1 seconds
[shaping_diag] success_cum_shaping=313.35 T=263 d_init=104.4 d_final=0.0
 Retrying in 1 seconds
[shaping_diag] success_cum_shaping=313.35 T=263 d_init=104.4 d_final=0.0
 Retrying in 1 seconds
[shaping_diag] success_cum_shaping=313.35 T=295 d_init=104.4 d_final=0.0
 Retrying in 1 seconds
[shaping_diag] success_cum_shaping=313.35 T=287 d_init=104.4 d_final=0.0
 Retrying in 1 seconds
[shaping_diag] success_cum_shaping=313.35 T=274 d_init=104.4 d_final=0.0
 Retrying in 1 seconds
[shaping_diag] success_cum_shaping=313.35 T=321 d_init=104.4 d_final=0.0
 Retrying in 1 seconds
[shaping_diag] success_cum_shaping=313.35 T=322 d_init=104.4 d_final=0.0
 Retrying in 1 seconds
[shaping_diag] success_cum_shaping=313.35 T=243 d_init=104.4 d_final=0.0
 Retrying in 1 seconds
[shaping_diag] success_cum_shaping=313.35 T=256 d_init=104.4 d_final=0.0
 Retrying in 1 seconds
[shaping_diag] success_cum_shaping=313.35 T=260 d_init=104.4 d_final=0.0
 Retrying in 1 seconds
 Retrying in 1 seconds
[shaping_diag] success_cum_shaping=313.35 T=324 d_init=104.4 d_final=0.0
 Retrying in 1 seconds
[shaping_diag] success_cum_shaping=313.35 T=302 d_init=104.4 d_final=0.0
 Retrying in 1 seconds
[shaping_diag] success_cum_shaping=313.35 T=321 d_init=104.4 d_final=0.0
 Retrying in 1 seconds
[shaping_diag] success_cum_shaping=313.35 T=271 d_init=104.4 d_final=0.0
 Retrying in 1 seconds
[shaping_diag] success_cum_shaping=313.35 T=332 d_init=104.4 d_final=0.0
 Retrying in 1 seconds
[shaping_diag] success_cum_shaping=313.35 T=299 d_init=104.4 d_final=0.0
 Retrying in 1 seconds
[shaping_diag] success_cum_shaping=313.35 T=301 d_init=104.4 d_final=0.0
 Retrying in 1 seconds
[shaping_diag] success_cum_shaping=313.35 T=308 d_init=104.4 d_final=0.0
 Retrying in 1 seconds
[shaping_diag] success_cum_shaping=313.35 T=259 d_init=104.4 d_final=0.0
 Retrying in 1 seconds
[shaping_diag] success_cum_shaping=313.35 T=315 d_init=104.4 d_final=0.0
 Retrying in 1 seconds
[shaping_diag] success_cum_shaping=313.35 T=303 d_init=104.4 d_final=0.0
 Retrying in 1 seconds
[shaping_diag] success_cum_shaping=313.35 T=283 d_init=104.4 d_final=0.0
 Retrying in 1 seconds
[shaping_diag] success_cum_shaping=313.35 T=261 d_init=104.4 d_final=0.0
 Retrying in 1 seconds
 Retrying in 1 seconds
[shaping_diag] success_cum_shaping=313.35 T=322 d_init=104.4 d_final=0.0
 Retrying in 1 seconds
[shaping_diag] success_cum_shaping=313.35 T=286 d_init=104.4 d_final=0.0
 Retrying in 1 seconds
[shaping_diag] success_cum_shaping=313.35 T=282 d_init=104.4 d_final=0.0
 Retrying in 1 seconds
[shaping_diag] success_cum_shaping=313.35 T=280 d_init=104.4 d_final=0.0
 Retrying in 1 seconds
[shaping_diag] success_cum_shaping=313.35 T=290 d_init=104.4 d_final=0.0
 Retrying in 1 seconds
[shaping_diag] success_cum_shaping=313.35 T=310 d_init=104.4 d_final=0.0
 Retrying in 1 seconds
[shaping_diag] success_cum_shaping=313.35 T=303 d_init=104.4 d_final=0.0
 Retrying in 1 seconds
[shaping_diag] success_cum_shaping=313.35 T=243 d_init=104.4 d_final=0.0
 Retrying in 1 seconds
[shaping_diag] success_cum_shaping=313.35 T=302 d_init=104.4 d_final=0.0
 Retrying in 1 seconds
[shaping_diag] success_cum_shaping=313.35 T=266 d_init=104.4 d_final=0.0
 Retrying in 1 seconds
[shaping_diag] success_cum_shaping=313.35 T=279 d_init=104.4 d_final=0.0
 Retrying in 1 seconds
[shaping_diag] success_cum_shaping=313.35 T=261 d_init=104.4 d_final=0.0
 Retrying in 1 seconds
[shaping_diag] success_cum_shaping=313.35 T=272 d_init=104.4 d_final=0.0
 Retrying in 1 seconds
[shaping_diag] success_cum_shaping=313.35 T=312 d_init=104.4 d_final=0.0
 Retrying in 1 seconds
 Retrying in 1 seconds
[shaping_diag] success_cum_shaping=313.35 T=270 d_init=104.4 d_final=0.0
 Retrying in 1 seconds
[shaping_diag] success_cum_shaping=313.35 T=289 d_init=104.4 d_final=0.0
 Retrying in 1 seconds
[shaping_diag] success_cum_shaping=313.35 T=314 d_init=104.4 d_final=0.0
 Retrying in 1 seconds
[shaping_diag] success_cum_shaping=313.35 T=272 d_init=104.4 d_final=0.0
 Retrying in 1 seconds
[shaping_diag] success_cum_shaping=313.35 T=258 d_init=104.4 d_final=0.0
 Retrying in 1 seconds
[shaping_diag] success_cum_shaping=313.35 T=272 d_init=104.4 d_final=0.0
 Retrying in 1 seconds
[shaping_diag] success_cum_shaping=313.35 T=296 d_init=104.4 d_final=0.0
 Retrying in 1 seconds
[shaping_diag] success_cum_shaping=313.35 T=297 d_init=104.4 d_final=0.0
 Retrying in 1 seconds
[shaping_diag] success_cum_shaping=313.35 T=282 d_init=104.4 d_final=0.0
 Retrying in 1 seconds
[shaping_diag] success_cum_shaping=313.35 T=327 d_init=104.4 d_final=0.0
 Retrying in 1 seconds
[shaping_diag] success_cum_shaping=313.35 T=261 d_init=104.4 d_final=0.0
 Retrying in 1 seconds
[shaping_diag] success_cum_shaping=313.35 T=295 d_init=104.4 d_final=0.0
 Retrying in 1 seconds
[shaping_diag] success_cum_shaping=313.35 T=270 d_init=104.4 d_final=0.0
 Retrying in 1 seconds
[shaping_diag] success_cum_shaping=313.35 T=300 d_init=104.4 d_final=0.0
 Retrying in 1 seconds
 Retrying in 1 seconds
[shaping_diag] success_cum_shaping=313.35 T=281 d_init=104.4 d_final=0.0
 Retrying in 1 seconds
[shaping_diag] success_cum_shaping=313.35 T=277 d_init=104.4 d_final=0.0
 Retrying in 1 seconds
[shaping_diag] success_cum_shaping=313.35 T=271 d_init=104.4 d_final=0.0
 Retrying in 1 seconds
[shaping_diag] success_cum_shaping=313.35 T=284 d_init=104.4 d_final=0.0
 Retrying in 1 seconds
[shaping_diag] success_cum_shaping=313.35 T=241 d_init=104.4 d_final=0.0
 Retrying in 1 seconds
[shaping_diag] success_cum_shaping=313.35 T=292 d_init=104.4 d_final=0.0
 Retrying in 1 seconds
[shaping_diag] success_cum_shaping=313.35 T=280 d_init=104.4 d_final=0.0
 Retrying in 1 seconds
[shaping_diag] success_cum_shaping=313.35 T=297 d_init=104.4 d_final=0.0
 Retrying in 1 seconds
[shaping_diag] success_cum_shaping=313.35 T=287 d_init=104.4 d_final=0.0
 Retrying in 1 seconds
[shaping_diag] success_cum_shaping=313.35 T=274 d_init=104.4 d_final=0.0
 Retrying in 1 seconds
[shaping_diag] success_cum_shaping=313.35 T=304 d_init=104.4 d_final=0.0
 Retrying in 1 seconds
[shaping_diag] success_cum_shaping=313.35 T=283 d_init=104.4 d_final=0.0
 Retrying in 1 seconds
[shaping_diag] success_cum_shaping=313.35 T=338 d_init=104.4 d_final=0.0
 Retrying in 1 seconds
[shaping_diag] success_cum_shaping=313.35 T=261 d_init=104.4 d_final=0.0
 Retrying in 1 seconds
 Retrying in 1 seconds
[shaping_diag] success_cum_shaping=313.35 T=273 d_init=104.4 d_final=0.0
 Retrying in 1 seconds
[shaping_diag] success_cum_shaping=313.35 T=254 d_init=104.4 d_final=0.0
 Retrying in 1 seconds
[shaping_diag] success_cum_shaping=313.35 T=255 d_init=104.4 d_final=0.0
 Retrying in 1 seconds
[shaping_diag] success_cum_shaping=313.35 T=262 d_init=104.4 d_final=0.0
 Retrying in 1 seconds
[shaping_diag] success_cum_shaping=313.35 T=308 d_init=104.4 d_final=0.0
 Retrying in 1 seconds
[shaping_diag] success_cum_shaping=313.35 T=246 d_init=104.4 d_final=0.0
 Retrying in 1 seconds
[shaping_diag] success_cum_shaping=313.35 T=267 d_init=104.4 d_final=0.0
 Retrying in 1 seconds
[shaping_diag] success_cum_shaping=313.35 T=240 d_init=104.4 d_final=0.0
 Retrying in 1 seconds
[shaping_diag] success_cum_shaping=313.35 T=271 d_init=104.4 d_final=0.0
 Retrying in 1 seconds
[shaping_diag] success_cum_shaping=313.35 T=279 d_init=104.4 d_final=0.0
 Retrying in 1 seconds
[shaping_diag] success_cum_shaping=313.35 T=276 d_init=104.4 d_final=0.0
 Retrying in 1 seconds
[shaping_diag] success_cum_shaping=313.35 T=244 d_init=104.4 d_final=0.0
 Retrying in 1 seconds
[shaping_diag] success_cum_shaping=313.35 T=258 d_init=104.4 d_final=0.0
 Retrying in 1 seconds
[shaping_diag] success_cum_shaping=313.35 T=252 d_init=104.4 d_final=0.0
 Retrying in 1 seconds
[shaping_diag] success_cum_shaping=313.35 T=247 d_init=104.4 d_final=0.0
 Retrying in 1 seconds
 Retrying in 1 seconds
[shaping_diag] success_cum_shaping=313.35 T=252 d_init=104.4 d_final=0.0
 Retrying in 1 seconds
[shaping_diag] success_cum_shaping=313.35 T=262 d_init=104.4 d_final=0.0
 Retrying in 1 seconds
[shaping_diag] success_cum_shaping=313.35 T=242 d_init=104.4 d_final=0.0
 Retrying in 1 seconds
[shaping_diag] success_cum_shaping=313.35 T=276 d_init=104.4 d_final=0.0
 Retrying in 1 seconds
[shaping_diag] success_cum_shaping=313.35 T=217 d_init=104.4 d_final=0.0
 Retrying in 1 seconds
[shaping_diag] success_cum_shaping=313.35 T=249 d_init=104.4 d_final=0.0
 Retrying in 1 seconds
[shaping_diag] success_cum_shaping=313.35 T=227 d_init=104.4 d_final=0.0
 Retrying in 1 seconds
[shaping_diag] success_cum_shaping=313.35 T=267 d_init=104.4 d_final=0.0
 Retrying in 1 seconds
[shaping_diag] success_cum_shaping=313.35 T=262 d_init=104.4 d_final=0.0
 Retrying in 1 seconds
[shaping_diag] success_cum_shaping=313.35 T=282 d_init=104.4 d_final=0.0
 Retrying in 1 seconds
[shaping_diag] success_cum_shaping=313.35 T=255 d_init=104.4 d_final=0.0
 Retrying in 1 seconds
[shaping_diag] success_cum_shaping=313.35 T=280 d_init=104.4 d_final=0.0
 Retrying in 1 seconds
[shaping_diag] success_cum_shaping=313.35 T=249 d_init=104.4 d_final=0.0
 Retrying in 1 seconds
[shaping_diag] success_cum_shaping=313.35 T=257 d_init=104.4 d_final=0.0
 Retrying in 1 seconds
[shaping_diag] success_cum_shaping=313.35 T=263 d_init=104.4 d_final=0.0
 Retrying in 1 seconds
 Retrying in 1 seconds
[shaping_diag] success_cum_shaping=313.35 T=226 d_init=104.4 d_final=0.0
 Retrying in 1 seconds
[shaping_diag] success_cum_shaping=313.35 T=255 d_init=104.4 d_final=0.0
 Retrying in 1 seconds
[shaping_diag] success_cum_shaping=313.35 T=264 d_init=104.4 d_final=0.0
 Retrying in 1 seconds
[shaping_diag] success_cum_shaping=313.35 T=252 d_init=104.4 d_final=0.0
 Retrying in 1 seconds
[shaping_diag] success_cum_shaping=313.35 T=252 d_init=104.4 d_final=0.0
 Retrying in 1 seconds
[shaping_diag] success_cum_shaping=313.35 T=230 d_init=104.4 d_final=0.0
 Retrying in 1 seconds
[shaping_diag] success_cum_shaping=313.35 T=240 d_init=104.4 d_final=0.0
 Retrying in 1 seconds
[shaping_diag] success_cum_shaping=313.35 T=258 d_init=104.4 d_final=0.0
 Retrying in 1 seconds
[shaping_diag] success_cum_shaping=313.35 T=240 d_init=104.4 d_final=0.0
 Retrying in 1 seconds
[shaping_diag] success_cum_shaping=313.35 T=235 d_init=104.4 d_final=0.0
 Retrying in 1 seconds
[shaping_diag] success_cum_shaping=313.35 T=222 d_init=104.4 d_final=0.0
 Retrying in 1 seconds
[shaping_diag] success_cum_shaping=313.35 T=233 d_init=104.4 d_final=0.0
 Retrying in 1 seconds
[shaping_diag] success_cum_shaping=313.35 T=274 d_init=104.4 d_final=0.0
 Retrying in 1 seconds
[shaping_diag] success_cum_shaping=313.35 T=252 d_init=104.4 d_final=0.0
 Retrying in 1 seconds
[shaping_diag] success_cum_shaping=313.35 T=268 d_init=104.4 d_final=0.0
 Retrying in 1 seconds
[shaping_diag] success_cum_shaping=313.35 T=233 d_init=104.4 d_final=0.0
 Retrying in 1 seconds
 Retrying in 1 seconds
[shaping_diag] success_cum_shaping=313.35 T=240 d_init=104.4 d_final=0.0
 Retrying in 1 seconds
[shaping_diag] success_cum_shaping=313.35 T=279 d_init=104.4 d_final=0.0
 Retrying in 1 seconds
[shaping_diag] success_cum_shaping=313.35 T=305 d_init=104.4 d_final=0.0
 Retrying in 1 seconds
[shaping_diag] success_cum_shaping=313.35 T=272 d_init=104.4 d_final=0.0
 Retrying in 1 seconds
[shaping_diag] success_cum_shaping=313.35 T=281 d_init=104.4 d_final=0.0
 Retrying in 1 seconds
[shaping_diag] success_cum_shaping=313.35 T=278 d_init=104.4 d_final=0.0
 Retrying in 1 seconds
[shaping_diag] success_cum_shaping=313.35 T=268 d_init=104.4 d_final=0.0
 Retrying in 1 seconds
[shaping_diag] success_cum_shaping=313.35 T=229 d_init=104.4 d_final=0.0
 Retrying in 1 seconds
[shaping_diag] success_cum_shaping=313.35 T=250 d_init=104.4 d_final=0.0
 Retrying in 1 seconds
[shaping_diag] success_cum_shaping=313.35 T=273 d_init=104.4 d_final=0.0
 Retrying in 1 seconds
[shaping_diag] success_cum_shaping=313.35 T=251 d_init=104.4 d_final=0.0
 Retrying in 1 seconds
[shaping_diag] success_cum_shaping=313.35 T=237 d_init=104.4 d_final=0.0
 Retrying in 1 seconds
[shaping_diag] success_cum_shaping=313.35 T=246 d_init=104.4 d_final=0.0
 Retrying in 1 seconds
[shaping_diag] success_cum_shaping=313.35 T=233 d_init=104.4 d_final=0.0
 Retrying in 1 seconds
[shaping_diag] success_cum_shaping=313.35 T=241 d_init=104.4 d_final=0.0
 Retrying in 1 seconds
 Retrying in 1 seconds
[shaping_diag] success_cum_shaping=313.35 T=234 d_init=104.4 d_final=0.0
 Retrying in 1 seconds
[shaping_diag] success_cum_shaping=313.35 T=277 d_init=104.4 d_final=0.0
 Retrying in 1 seconds
[shaping_diag] success_cum_shaping=313.35 T=236 d_init=104.4 d_final=0.0
 Retrying in 1 seconds
[shaping_diag] success_cum_shaping=313.35 T=278 d_init=104.4 d_final=0.0
 Retrying in 1 seconds
[shaping_diag] success_cum_shaping=313.35 T=221 d_init=104.4 d_final=0.0
 Retrying in 1 seconds
[shaping_diag] success_cum_shaping=313.35 T=224 d_init=104.4 d_final=0.0
 Retrying in 1 seconds
[shaping_diag] success_cum_shaping=313.35 T=235 d_init=104.4 d_final=0.0
 Retrying in 1 seconds
[shaping_diag] success_cum_shaping=313.35 T=226 d_init=104.4 d_final=0.0
 Retrying in 1 seconds
[shaping_diag] success_cum_shaping=313.35 T=256 d_init=104.4 d_final=0.0
 Retrying in 1 seconds
[shaping_diag] success_cum_shaping=313.35 T=261 d_init=104.4 d_final=0.0
 Retrying in 1 seconds
[shaping_diag] success_cum_shaping=313.35 T=248 d_init=104.4 d_final=0.0
 Retrying in 1 seconds
[shaping_diag] success_cum_shaping=313.35 T=219 d_init=104.4 d_final=0.0
 Retrying in 1 seconds
[shaping_diag] success_cum_shaping=313.35 T=238 d_init=104.4 d_final=0.0
 Retrying in 1 seconds
[shaping_diag] success_cum_shaping=313.35 T=257 d_init=104.4 d_final=0.0
 Retrying in 1 seconds
[shaping_diag] success_cum_shaping=313.35 T=215 d_init=104.4 d_final=0.0
 Retrying in 1 seconds
[shaping_diag] success_cum_shaping=313.35 T=241 d_init=104.4 d_final=0.0
 Retrying in 1 seconds
 Retrying in 1 seconds
[shaping_diag] success_cum_shaping=313.35 T=191 d_init=104.4 d_final=0.0
 Retrying in 1 seconds
[shaping_diag] success_cum_shaping=313.35 T=209 d_init=104.4 d_final=0.0
 Retrying in 1 seconds
[shaping_diag] success_cum_shaping=313.35 T=262 d_init=104.4 d_final=0.0
 Retrying in 1 seconds
[shaping_diag] success_cum_shaping=313.35 T=203 d_init=104.4 d_final=0.0
 Retrying in 1 seconds
[shaping_diag] success_cum_shaping=313.35 T=227 d_init=104.4 d_final=0.0
 Retrying in 1 seconds
[shaping_diag] success_cum_shaping=313.35 T=217 d_init=104.4 d_final=0.0
 Retrying in 1 seconds
[shaping_diag] success_cum_shaping=313.35 T=260 d_init=104.4 d_final=0.0
 Retrying in 1 seconds
[shaping_diag] success_cum_shaping=313.35 T=216 d_init=104.4 d_final=0.0
 Retrying in 1 seconds
[shaping_diag] success_cum_shaping=313.35 T=209 d_init=104.4 d_final=0.0
 Retrying in 1 seconds
[shaping_diag] success_cum_shaping=313.35 T=242 d_init=104.4 d_final=0.0
[cbf_aux] step=86016 ret=327.18 coll=0 ttc=11.79 cbf_res=0.0000
 Retrying in 1 seconds
[shaping_diag] success_cum_shaping=313.35 T=287 d_init=104.4 d_final=0.0
 Retrying in 1 seconds
[shaping_diag] success_cum_shaping=313.35 T=318 d_init=104.4 d_final=0.0
 Retrying in 1 seconds
[shaping_diag] success_cum_shaping=313.35 T=238 d_init=104.4 d_final=0.0
 Retrying in 1 seconds
[shaping_diag] success_cum_shaping=313.35 T=264 d_init=104.4 d_final=0.0
 Retrying in 1 seconds
[shaping_diag] success_cum_shaping=313.35 T=264 d_init=104.4 d_final=0.0
 Retrying in 1 seconds
[shaping_diag] success_cum_shaping=313.35 T=211 d_init=104.4 d_final=0.0
 Retrying in 1 seconds
[shaping_diag] success_cum_shaping=313.35 T=208 d_init=104.4 d_final=0.0
 Retrying in 1 seconds
[shaping_diag] success_cum_shaping=313.35 T=281 d_init=104.4 d_final=0.0
 Retrying in 1 seconds
[shaping_diag] success_cum_shaping=313.35 T=243 d_init=104.4 d_final=0.0
 Retrying in 1 seconds
[shaping_diag] success_cum_shaping=313.35 T=247 d_init=104.4 d_final=0.0
 Retrying in 1 seconds
[shaping_diag] success_cum_shaping=313.35 T=219 d_init=104.4 d_final=0.0
 Retrying in 1 seconds
[shaping_diag] success_cum_shaping=313.35 T=234 d_init=104.4 d_final=0.0
 Retrying in 1 seconds
[shaping_diag] success_cum_shaping=313.35 T=217 d_init=104.4 d_final=0.0
 Retrying in 1 seconds
[shaping_diag] success_cum_shaping=313.35 T=211 d_init=104.4 d_final=0.0
 Retrying in 1 seconds
[shaping_diag] success_cum_shaping=313.35 T=210 d_init=104.4 d_final=0.0
 Retrying in 1 seconds
[shaping_diag] success_cum_shaping=313.35 T=228 d_init=104.4 d_final=0.0
 Retrying in 1 seconds
 Retrying in 1 seconds
[shaping_diag] success_cum_shaping=313.35 T=208 d_init=104.4 d_final=0.0
 Retrying in 1 seconds
[shaping_diag] success_cum_shaping=313.35 T=243 d_init=104.4 d_final=0.0
 Retrying in 1 seconds
[shaping_diag] success_cum_shaping=313.35 T=260 d_init=104.4 d_final=0.0
 Retrying in 1 seconds
[shaping_diag] success_cum_shaping=313.35 T=232 d_init=104.4 d_final=0.0
 Retrying in 1 seconds
[shaping_diag] success_cum_shaping=313.35 T=204 d_init=104.4 d_final=0.0
 Retrying in 1 seconds
[shaping_diag] success_cum_shaping=313.35 T=253 d_init=104.4 d_final=0.0
 Retrying in 1 seconds
[shaping_diag] success_cum_shaping=313.35 T=249 d_init=104.4 d_final=0.0
 Retrying in 1 seconds
[shaping_diag] success_cum_shaping=313.35 T=217 d_init=104.4 d_final=0.0
 Retrying in 1 seconds
[shaping_diag] success_cum_shaping=313.35 T=253 d_init=104.4 d_final=0.0
 Retrying in 1 seconds
[shaping_diag] success_cum_shaping=313.35 T=234 d_init=104.4 d_final=0.0
 Retrying in 1 seconds
[shaping_diag] success_cum_shaping=313.35 T=304 d_init=104.4 d_final=0.0
 Retrying in 1 seconds
[shaping_diag] success_cum_shaping=313.35 T=233 d_init=104.4 d_final=0.0
 Retrying in 1 seconds
[shaping_diag] success_cum_shaping=313.35 T=248 d_init=104.4 d_final=0.0
 Retrying in 1 seconds
[shaping_diag] success_cum_shaping=313.35 T=219 d_init=104.4 d_final=0.0
 Retrying in 1 seconds
[shaping_diag] success_cum_shaping=313.35 T=249 d_init=104.4 d_final=0.0
 Retrying in 1 seconds
[shaping_diag] success_cum_shaping=313.35 T=206 d_init=104.4 d_final=0.0
 Retrying in 1 seconds
[shaping_diag] success_cum_shaping=313.35 T=250 d_init=104.4 d_final=0.0
 Retrying in 1 seconds
 Retrying in 1 seconds
[shaping_diag] success_cum_shaping=313.35 T=269 d_init=104.4 d_final=0.0
 Retrying in 1 seconds
[shaping_diag] success_cum_shaping=313.35 T=259 d_init=104.4 d_final=0.0
 Retrying in 1 seconds
[shaping_diag] success_cum_shaping=313.35 T=254 d_init=104.4 d_final=0.0
 Retrying in 1 seconds
[shaping_diag] success_cum_shaping=313.35 T=260 d_init=104.4 d_final=0.0
 Retrying in 1 seconds
[shaping_diag] success_cum_shaping=313.35 T=233 d_init=104.4 d_final=0.0
 Retrying in 1 seconds
[shaping_diag] success_cum_shaping=313.35 T=248 d_init=104.4 d_final=0.0
 Retrying in 1 seconds
[shaping_diag] success_cum_shaping=313.35 T=251 d_init=104.4 d_final=0.0
 Retrying in 1 seconds
[shaping_diag] success_cum_shaping=313.35 T=281 d_init=104.4 d_final=0.0
 Retrying in 1 seconds
[shaping_diag] success_cum_shaping=313.35 T=271 d_init=104.4 d_final=0.0
 Retrying in 1 seconds
[shaping_diag] success_cum_shaping=313.35 T=274 d_init=104.4 d_final=0.0
 Retrying in 1 seconds
[shaping_diag] success_cum_shaping=313.35 T=274 d_init=104.4 d_final=0.0
 Retrying in 1 seconds
[shaping_diag] success_cum_shaping=313.35 T=218 d_init=104.4 d_final=0.0
 Retrying in 1 seconds
[shaping_diag] success_cum_shaping=313.35 T=232 d_init=104.4 d_final=0.0
 Retrying in 1 seconds
[shaping_diag] success_cum_shaping=313.35 T=260 d_init=104.4 d_final=0.0
 Retrying in 1 seconds
[shaping_diag] success_cum_shaping=313.35 T=227 d_init=104.4 d_final=0.0
 Retrying in 1 seconds
[shaping_diag] success_cum_shaping=313.35 T=233 d_init=104.4 d_final=0.0
 Retrying in 1 seconds
 Retrying in 1 seconds
[shaping_diag] success_cum_shaping=313.35 T=276 d_init=104.4 d_final=0.0
 Retrying in 1 seconds
[shaping_diag] success_cum_shaping=313.35 T=250 d_init=104.4 d_final=0.0
 Retrying in 1 seconds
[shaping_diag] success_cum_shaping=313.35 T=233 d_init=104.4 d_final=0.0
 Retrying in 1 seconds
[shaping_diag] success_cum_shaping=313.35 T=271 d_init=104.4 d_final=0.0
 Retrying in 1 seconds
[shaping_diag] success_cum_shaping=313.35 T=307 d_init=104.4 d_final=0.0
 Retrying in 1 seconds
[shaping_diag] success_cum_shaping=313.35 T=311 d_init=104.4 d_final=0.0
 Retrying in 1 seconds
[shaping_diag] success_cum_shaping=313.35 T=272 d_init=104.4 d_final=0.0
 Retrying in 1 seconds
[shaping_diag] success_cum_shaping=313.35 T=228 d_init=104.4 d_final=0.0
 Retrying in 1 seconds
[shaping_diag] success_cum_shaping=313.35 T=210 d_init=104.4 d_final=0.0
 Retrying in 1 seconds
[shaping_diag] success_cum_shaping=313.35 T=245 d_init=104.4 d_final=0.0
 Retrying in 1 seconds
[shaping_diag] success_cum_shaping=313.35 T=259 d_init=104.4 d_final=0.0
 Retrying in 1 seconds
[shaping_diag] success_cum_shaping=313.35 T=290 d_init=104.4 d_final=0.0
 Retrying in 1 seconds
[shaping_diag] success_cum_shaping=313.35 T=286 d_init=104.4 d_final=0.0
 Retrying in 1 seconds
[shaping_diag] success_cum_shaping=313.35 T=212 d_init=104.4 d_final=0.0
 Retrying in 1 seconds
[shaping_diag] success_cum_shaping=313.35 T=256 d_init=104.4 d_final=0.0
 Retrying in 1 seconds
 Retrying in 1 seconds
[shaping_diag] success_cum_shaping=313.35 T=207 d_init=104.4 d_final=0.0
 Retrying in 1 seconds
[shaping_diag] success_cum_shaping=313.35 T=234 d_init=104.4 d_final=0.0
 Retrying in 1 seconds
[shaping_diag] success_cum_shaping=313.35 T=262 d_init=104.4 d_final=0.0
 Retrying in 1 seconds
[shaping_diag] success_cum_shaping=313.35 T=237 d_init=104.4 d_final=0.0
 Retrying in 1 seconds
[shaping_diag] success_cum_shaping=313.35 T=242 d_init=104.4 d_final=0.0
 Retrying in 1 seconds
[shaping_diag] success_cum_shaping=313.35 T=282 d_init=104.4 d_final=0.0
 Retrying in 1 seconds
[shaping_diag] success_cum_shaping=313.35 T=226 d_init=104.4 d_final=0.0
 Retrying in 1 seconds
[shaping_diag] success_cum_shaping=313.35 T=218 d_init=104.4 d_final=0.0
 Retrying in 1 seconds
[shaping_diag] success_cum_shaping=313.35 T=293 d_init=104.4 d_final=0.0
 Retrying in 1 seconds
[shaping_diag] success_cum_shaping=313.35 T=286 d_init=104.4 d_final=0.0
 Retrying in 1 seconds
[shaping_diag] success_cum_shaping=313.35 T=252 d_init=104.4 d_final=0.0
 Retrying in 1 seconds
[shaping_diag] success_cum_shaping=313.35 T=277 d_init=104.4 d_final=0.0
 Retrying in 1 seconds
[shaping_diag] success_cum_shaping=313.35 T=272 d_init=104.4 d_final=0.0
 Retrying in 1 seconds
[shaping_diag] success_cum_shaping=313.35 T=240 d_init=104.4 d_final=0.0
 Retrying in 1 seconds
[shaping_diag] success_cum_shaping=313.35 T=218 d_init=104.4 d_final=0.0
 Retrying in 1 seconds
[shaping_diag] success_cum_shaping=313.35 T=219 d_init=104.4 d_final=0.0
 Retrying in 1 seconds
 Retrying in 1 seconds
[shaping_diag] success_cum_shaping=313.35 T=294 d_init=104.4 d_final=0.0
 Retrying in 1 seconds
[shaping_diag] success_cum_shaping=313.35 T=262 d_init=104.4 d_final=0.0
 Retrying in 1 seconds
[shaping_diag] success_cum_shaping=313.35 T=282 d_init=104.4 d_final=0.0
 Retrying in 1 seconds
[shaping_diag] success_cum_shaping=313.35 T=262 d_init=104.4 d_final=0.0
 Retrying in 1 seconds
[shaping_diag] success_cum_shaping=313.35 T=319 d_init=104.4 d_final=0.0
 Retrying in 1 seconds
[shaping_diag] success_cum_shaping=313.35 T=250 d_init=104.4 d_final=0.0
 Retrying in 1 seconds
[shaping_diag] success_cum_shaping=313.35 T=230 d_init=104.4 d_final=0.0
 Retrying in 1 seconds
[shaping_diag] success_cum_shaping=313.35 T=290 d_init=104.4 d_final=0.0
 Retrying in 1 seconds
[shaping_diag] success_cum_shaping=313.35 T=251 d_init=104.4 d_final=0.0
 Retrying in 1 seconds
[shaping_diag] success_cum_shaping=313.35 T=266 d_init=104.4 d_final=0.0
 Retrying in 1 seconds
[shaping_diag] success_cum_shaping=313.35 T=242 d_init=104.4 d_final=0.0
 Retrying in 1 seconds
[shaping_diag] success_cum_shaping=313.35 T=243 d_init=104.4 d_final=0.0
 Retrying in 1 seconds
[shaping_diag] success_cum_shaping=313.35 T=279 d_init=104.4 d_final=0.0
 Retrying in 1 seconds
[shaping_diag] success_cum_shaping=313.35 T=264 d_init=104.4 d_final=0.0
 Retrying in 1 seconds
[shaping_diag] success_cum_shaping=313.35 T=275 d_init=104.4 d_final=0.0
 Retrying in 1 seconds
 Retrying in 1 seconds
[shaping_diag] success_cum_shaping=313.35 T=233 d_init=104.4 d_final=0.0
 Retrying in 1 seconds
[shaping_diag] success_cum_shaping=313.35 T=255 d_init=104.4 d_final=0.0
 Retrying in 1 seconds
[shaping_diag] success_cum_shaping=313.35 T=242 d_init=104.4 d_final=0.0
 Retrying in 1 seconds
[shaping_diag] success_cum_shaping=313.35 T=246 d_init=104.4 d_final=0.0
 Retrying in 1 seconds
[shaping_diag] success_cum_shaping=313.35 T=275 d_init=104.4 d_final=0.0
 Retrying in 1 seconds
[shaping_diag] success_cum_shaping=313.35 T=245 d_init=104.4 d_final=0.0
 Retrying in 1 seconds
[shaping_diag] success_cum_shaping=313.35 T=278 d_init=104.4 d_final=0.0
 Retrying in 1 seconds
[shaping_diag] success_cum_shaping=313.35 T=284 d_init=104.4 d_final=0.0
 Retrying in 1 seconds
[shaping_diag] success_cum_shaping=313.35 T=300 d_init=104.4 d_final=0.0
 Retrying in 1 seconds
[shaping_diag] success_cum_shaping=313.35 T=280 d_init=104.4 d_final=0.0
 Retrying in 1 seconds
[shaping_diag] success_cum_shaping=313.35 T=235 d_init=104.4 d_final=0.0
 Retrying in 1 seconds
[shaping_diag] success_cum_shaping=313.35 T=244 d_init=104.4 d_final=0.0
 Retrying in 1 seconds
[shaping_diag] success_cum_shaping=313.35 T=265 d_init=104.4 d_final=0.0
 Retrying in 1 seconds
[shaping_diag] success_cum_shaping=313.35 T=260 d_init=104.4 d_final=0.0
 Retrying in 1 seconds
[shaping_diag] success_cum_shaping=313.35 T=258 d_init=104.4 d_final=0.0
 Retrying in 1 seconds
 Retrying in 1 seconds
[shaping_diag] success_cum_shaping=313.35 T=270 d_init=104.4 d_final=0.0
 Retrying in 1 seconds
[shaping_diag] success_cum_shaping=313.35 T=280 d_init=104.4 d_final=0.0
 Retrying in 1 seconds
[shaping_diag] success_cum_shaping=313.35 T=227 d_init=104.4 d_final=0.0
 Retrying in 1 seconds
[shaping_diag] success_cum_shaping=313.35 T=240 d_init=104.4 d_final=0.0
 Retrying in 1 seconds
[shaping_diag] success_cum_shaping=313.35 T=263 d_init=104.4 d_final=0.0
 Retrying in 1 seconds
[shaping_diag] success_cum_shaping=313.35 T=260 d_init=104.4 d_final=0.0
 Retrying in 1 seconds
[shaping_diag] success_cum_shaping=313.35 T=217 d_init=104.4 d_final=0.0
 Retrying in 1 seconds
[shaping_diag] success_cum_shaping=313.35 T=279 d_init=104.4 d_final=0.0
 Retrying in 1 seconds
[shaping_diag] success_cum_shaping=313.35 T=297 d_init=104.4 d_final=0.0
 Retrying in 1 seconds
[shaping_diag] success_cum_shaping=313.35 T=230 d_init=104.4 d_final=0.0
 Retrying in 1 seconds
[shaping_diag] success_cum_shaping=313.35 T=254 d_init=104.4 d_final=0.0
 Retrying in 1 seconds
[shaping_diag] success_cum_shaping=313.35 T=192 d_init=104.4 d_final=0.0
 Retrying in 1 seconds
[shaping_diag] success_cum_shaping=313.35 T=187 d_init=104.4 d_final=0.0
 Retrying in 1 seconds
[shaping_diag] success_cum_shaping=313.35 T=299 d_init=104.4 d_final=0.0
 Retrying in 1 seconds
[shaping_diag] success_cum_shaping=313.35 T=234 d_init=104.4 d_final=0.0
 Retrying in 1 seconds
[shaping_diag] success_cum_shaping=313.35 T=313 d_init=104.4 d_final=0.0
 Retrying in 1 seconds
 Retrying in 1 seconds
[shaping_diag] success_cum_shaping=313.35 T=235 d_init=104.4 d_final=0.0
 Retrying in 1 seconds
[shaping_diag] success_cum_shaping=313.35 T=271 d_init=104.4 d_final=0.0
 Retrying in 1 seconds
[shaping_diag] success_cum_shaping=313.35 T=235 d_init=104.4 d_final=0.0
 Retrying in 1 seconds
[shaping_diag] success_cum_shaping=313.35 T=272 d_init=104.4 d_final=0.0
 Retrying in 1 seconds
[shaping_diag] success_cum_shaping=313.35 T=210 d_init=104.4 d_final=0.0
 Retrying in 1 seconds
[shaping_diag] success_cum_shaping=313.35 T=235 d_init=104.4 d_final=0.0
 Retrying in 1 seconds
[shaping_diag] success_cum_shaping=313.35 T=264 d_init=104.4 d_final=0.0
 Retrying in 1 seconds
[shaping_diag] success_cum_shaping=313.35 T=266 d_init=104.4 d_final=0.0
 Retrying in 1 seconds
[shaping_diag] success_cum_shaping=313.35 T=278 d_init=104.4 d_final=0.0
 Retrying in 1 seconds
[shaping_diag] success_cum_shaping=313.35 T=281 d_init=104.4 d_final=0.0
 Retrying in 1 seconds
[shaping_diag] success_cum_shaping=313.35 T=277 d_init=104.4 d_final=0.0
 Retrying in 1 seconds
[shaping_diag] success_cum_shaping=313.35 T=295 d_init=104.4 d_final=0.0
 Retrying in 1 seconds
[shaping_diag] success_cum_shaping=313.35 T=254 d_init=104.4 d_final=0.0
 Retrying in 1 seconds
[shaping_diag] success_cum_shaping=313.35 T=235 d_init=104.4 d_final=0.0
 Retrying in 1 seconds
[shaping_diag] success_cum_shaping=313.35 T=270 d_init=104.4 d_final=0.0
Error: tcpip::Socket::recvAndCheck @ recv: peer shutdown
Quitting (on error).
