Warning: Vehicle 'other2' performs emergency braking on lane ':center_7_0' with decel=9.00, wished=6.00, severity=1.00, time=7.80.
Warning: Vehicle 'other2' performs emergency braking on lane ':center_7_0' with decel=9.00, wished=4.00, severity=1.00, time=10.00.
Warning: Vehicle 'other2' collision with person 'ped0', lane=':center_13_0', time=11.00, stage=move.
Warning: Vehicle 'other2' performs emergency braking on lane ':center_7_0' with decel=9.00, wished=6.00, severity=1.00, time=9.70.
Warning: Vehicle 'other2' performs emergency braking on lane ':center_7_0' with decel=9.00, wished=5.00, severity=1.00, time=9.10.
 Retrying in 1 seconds
 Retrying in 1 seconds
 Retrying in 1 seconds
 Retrying in 1 seconds
 Retrying in 1 seconds
 Retrying in 1 seconds
 Retrying in 1 seconds
 Retrying in 1 seconds
 Retrying in 1 seconds
 Retrying in 1 seconds
[shaping_diag] success_cum_shaping=287.70 T=159 d_init=95.9 d_final=0.0
 Retrying in 1 seconds
[shaping_diag] success_cum_shaping=287.70 T=124 d_init=95.9 d_final=0.0
 Retrying in 1 seconds
[shaping_diag] success_cum_shaping=287.70 T=124 d_init=95.9 d_final=0.0
 Retrying in 1 seconds
[shaping_diag] success_cum_shaping=287.70 T=125 d_init=95.9 d_final=0.0
 Retrying in 1 seconds
[shaping_diag] success_cum_shaping=287.70 T=176 d_init=95.9 d_final=0.0
 Retrying in 1 seconds
[shaping_diag] success_cum_shaping=287.70 T=149 d_init=95.9 d_final=0.0
 Retrying in 1 seconds
[shaping_diag] success_cum_shaping=287.70 T=116 d_init=95.9 d_final=0.0
 Retrying in 1 seconds
[shaping_diag] success_cum_shaping=287.70 T=137 d_init=95.9 d_final=0.0
 Retrying in 1 seconds
[shaping_diag] success_cum_shaping=287.70 T=156 d_init=95.9 d_final=0.0
 Retrying in 1 seconds
[shaping_diag] success_cum_shaping=287.70 T=129 d_init=95.9 d_final=0.0
Warning: Vehicle 'other2' performs emergency braking on lane ':center_7_0' with decel=9.00, wished=4.00, severity=1.00, time=17.10.
Warning: Vehicle 'other2' performs emergency braking on lane ':center_7_0' with decel=9.00, wished=4.00, severity=1.00, time=12.90.
Warning: Vehicle 'other3' performs emergency braking on lane ':center_7_0' with decel=9.00, wished=3.00, severity=1.00, time=15.10.
Warning: Vehicle 'other2' performs emergency braking on lane ':center_7_0' with decel=9.00, wished=6.00, severity=1.00, time=9.80.
Warning: Vehicle 'other2' performs emergency braking on lane ':center_7_0' with decel=9.00, wished=5.00, severity=1.00, time=8.40.
Warning: Collision of person 'ped0' and person 'ped2', lane='right_out_0', time=2.00.
Warning: Vehicle 'other3' performs emergency braking on lane ':center_7_0' with decel=9.00, wished=3.00, severity=1.00, time=10.20.
[fusion_aux] step=4096 ret=263.89 coll=0 ttc=4.19 soft_res=1.5554 cbf_res=0.4361 align_kl=0.7155
 Retrying in 1 seconds
 Retrying in 1 seconds
 Retrying in 1 seconds
 Retrying in 1 seconds
 Retrying in 1 seconds
 Retrying in 1 seconds
 Retrying in 1 seconds
 Retrying in 1 seconds
 Retrying in 1 seconds
 Retrying in 1 seconds
 Retrying in 1 seconds
 Retrying in 1 seconds
 Retrying in 1 seconds
 Retrying in 1 seconds
 Retrying in 1 seconds
 Retrying in 1 seconds
 Retrying in 1 seconds
 Retrying in 1 seconds
 Retrying in 1 seconds
 Retrying in 1 seconds
 Retrying in 1 seconds
 Retrying in 1 seconds
 Retrying in 1 seconds
 Retrying in 1 seconds
 Retrying in 1 seconds
 Retrying in 1 seconds
 Retrying in 1 seconds
 Retrying in 1 seconds
 Retrying in 1 seconds
 Retrying in 1 seconds
 Retrying in 1 seconds
 Retrying in 1 seconds
 Retrying in 1 seconds
 Retrying in 1 seconds
 Retrying in 1 seconds
 Retrying in 1 seconds
 Retrying in 1 seconds
 Retrying in 1 seconds
 Retrying in 1 seconds
 Retrying in 1 seconds
 Retrying in 1 seconds
 Retrying in 1 seconds
 Retrying in 1 seconds
 Retrying in 1 seconds
 Retrying in 1 seconds
 Retrying in 1 seconds
 Retrying in 1 seconds
 Retrying in 1 seconds
 Retrying in 1 seconds
 Retrying in 1 seconds
 Retrying in 1 seconds
 Retrying in 1 seconds
 Retrying in 1 seconds
 Retrying in 1 seconds
 Retrying in 1 seconds
 Retrying in 1 seconds
 Retrying in 1 seconds
 Retrying in 1 seconds
 Retrying in 1 seconds
 Retrying in 1 seconds
 Retrying in 1 seconds
 Retrying in 1 seconds
 Retrying in 1 seconds
 Retrying in 1 seconds
 Retrying in 1 seconds
 Retrying in 1 seconds
 Retrying in 1 seconds
 Retrying in 1 seconds
 Retrying in 1 seconds
 Retrying in 1 seconds
 Retrying in 1 seconds
 Retrying in 1 seconds
 Retrying in 1 seconds
 Retrying in 1 seconds
 Retrying in 1 seconds
 Retrying in 1 seconds
 Retrying in 1 seconds
 Retrying in 1 seconds
 Retrying in 1 seconds
 Retrying in 1 seconds
 Retrying in 1 seconds
 Retrying in 1 seconds
 Retrying in 1 seconds
 Retrying in 1 seconds
 Retrying in 1 seconds
 Retrying in 1 seconds
 Retrying in 1 seconds
 Retrying in 1 seconds
 Retrying in 1 seconds
 Retrying in 1 seconds
 Retrying in 1 seconds
[shaping_diag] success_cum_shaping=287.70 T=200 d_init=95.9 d_final=0.0
 Retrying in 1 seconds
[shaping_diag] success_cum_shaping=287.70 T=191 d_init=95.9 d_final=0.0
 Retrying in 1 seconds
[shaping_diag] success_cum_shaping=287.70 T=190 d_init=95.9 d_final=0.0
 Retrying in 1 seconds
[shaping_diag] success_cum_shaping=287.70 T=350 d_init=95.9 d_final=0.0
 Retrying in 1 seconds
[shaping_diag] success_cum_shaping=287.70 T=255 d_init=95.9 d_final=0.0
 Retrying in 1 seconds
[shaping_diag] success_cum_shaping=287.70 T=171 d_init=95.9 d_final=0.0
 Retrying in 1 seconds
[shaping_diag] success_cum_shaping=287.70 T=170 d_init=95.9 d_final=0.0
 Retrying in 1 seconds
[shaping_diag] success_cum_shaping=287.70 T=149 d_init=95.9 d_final=0.0
 Retrying in 1 seconds
[shaping_diag] success_cum_shaping=287.70 T=158 d_init=95.9 d_final=0.0
 Retrying in 1 seconds
[shaping_diag] success_cum_shaping=287.70 T=222 d_init=95.9 d_final=0.0
Warning: Vehicle 'other3' performs emergency braking on lane ':center_7_0' with decel=9.00, wished=5.00, severity=1.00, time=9.70.
[fusion_aux] step=45056 ret=243.73 coll=0 ttc=4.15 soft_res=434.5617 cbf_res=0.4631 align_kl=0.6558
 Retrying in 1 seconds
 Retrying in 1 seconds
 Retrying in 1 seconds
 Retrying in 1 seconds
 Retrying in 1 seconds
 Retrying in 1 seconds
 Retrying in 1 seconds
 Retrying in 1 seconds
 Retrying in 1 seconds
 Retrying in 1 seconds
 Retrying in 1 seconds
 Retrying in 1 seconds
 Retrying in 1 seconds
 Retrying in 1 seconds
 Retrying in 1 seconds
 Retrying in 1 seconds
 Retrying in 1 seconds
 Retrying in 1 seconds
 Retrying in 1 seconds
 Retrying in 1 seconds
 Retrying in 1 seconds
 Retrying in 1 seconds
 Retrying in 1 seconds
 Retrying in 1 seconds
 Retrying in 1 seconds
 Retrying in 1 seconds
 Retrying in 1 seconds
 Retrying in 1 seconds
 Retrying in 1 seconds
 Retrying in 1 seconds
 Retrying in 1 seconds
 Retrying in 1 seconds
 Retrying in 1 seconds
 Retrying in 1 seconds
 Retrying in 1 seconds
 Retrying in 1 seconds
 Retrying in 1 seconds
 Retrying in 1 seconds
 Retrying in 1 seconds
 Retrying in 1 seconds
 Retrying in 1 seconds
 Retrying in 1 seconds
 Retrying in 1 seconds
 Retrying in 1 seconds
 Retrying in 1 seconds
 Retrying in 1 seconds
 Retrying in 1 seconds
 Retrying in 1 seconds
 Retrying in 1 seconds
 Retrying in 1 seconds
 Retrying in 1 seconds
 Retrying in 1 seconds
 Retrying in 1 seconds
 Retrying in 1 seconds
 Retrying in 1 seconds
 Retrying in 1 seconds
 Retrying in 1 seconds
 Retrying in 1 seconds
 Retrying in 1 seconds
 Retrying in 1 seconds
 Retrying in 1 seconds
 Retrying in 1 seconds
 Retrying in 1 seconds
 Retrying in 1 seconds
 Retrying in 1 seconds
 Retrying in 1 seconds
 Retrying in 1 seconds
 Retrying in 1 seconds
 Retrying in 1 seconds
 Retrying in 1 seconds
 Retrying in 1 seconds
 Retrying in 1 seconds
 Retrying in 1 seconds
 Retrying in 1 seconds
 Retrying in 1 seconds
 Retrying in 1 seconds
 Retrying in 1 seconds
 Retrying in 1 seconds
 Retrying in 1 seconds
 Retrying in 1 seconds
 Retrying in 1 seconds
 Retrying in 1 seconds
 Retrying in 1 seconds
 Retrying in 1 seconds
 Retrying in 1 seconds
 Retrying in 1 seconds
 Retrying in 1 seconds
 Retrying in 1 seconds
 Retrying in 1 seconds
 Retrying in 1 seconds
 Retrying in 1 seconds
 Retrying in 1 seconds
 Retrying in 1 seconds
 Retrying in 1 seconds
[shaping_diag] success_cum_shaping=287.70 T=481 d_init=95.9 d_final=0.0
Warning: Vehicle 'other2' performs emergency braking on lane ':center_7_0' with decel=9.00, wished=4.00, severity=1.00, time=12.70.
Warning: Vehicle 'other2' performs emergency braking on lane ':center_7_0' with decel=9.00, wished=6.00, severity=1.00, time=7.80.
Warning: Vehicle 'other3' performs emergency braking on lane ':center_7_0' with decel=9.00, wished=4.00, severity=1.00, time=9.00.
Warning: Vehicle 'other3' performs emergency braking on lane ':center_7_0' with decel=9.00, wished=7.00, severity=1.00, time=8.20.
Warning: Vehicle 'other2' performs emergency braking on lane ':center_7_0' with decel=9.00, wished=5.00, severity=1.00, time=9.80.
 Retrying in 1 seconds
 Retrying in 1 seconds
 Retrying in 1 seconds
 Retrying in 1 seconds
 Retrying in 1 seconds
 Retrying in 1 seconds
[fusion_aux] step=86016 ret=174.52 coll=0 ttc=9.64 soft_res=8.6281 cbf_res=0.3264 align_kl=0.6105
 Retrying in 1 seconds
 Retrying in 1 seconds
 Retrying in 1 seconds
 Retrying in 1 seconds
 Retrying in 1 seconds
 Retrying in 1 seconds
 Retrying in 1 seconds
 Retrying in 1 seconds
 Retrying in 1 seconds
 Retrying in 1 seconds
 Retrying in 1 seconds
 Retrying in 1 seconds
 Retrying in 1 seconds
 Retrying in 1 seconds
 Retrying in 1 seconds
 Retrying in 1 seconds
 Retrying in 1 seconds
 Retrying in 1 seconds
 Retrying in 1 seconds
 Retrying in 1 seconds
 Retrying in 1 seconds
 Retrying in 1 seconds
 Retrying in 1 seconds
 Retrying in 1 seconds
 Retrying in 1 seconds
 Retrying in 1 seconds
 Retrying in 1 seconds
 Retrying in 1 seconds
 Retrying in 1 seconds
 Retrying in 1 seconds
 Retrying in 1 seconds
 Retrying in 1 seconds
 Retrying in 1 seconds
 Retrying in 1 seconds
 Retrying in 1 seconds
 Retrying in 1 seconds
 Retrying in 1 seconds
 Retrying in 1 seconds
 Retrying in 1 seconds
 Retrying in 1 seconds
 Retrying in 1 seconds
 Retrying in 1 seconds
 Retrying in 1 seconds
 Retrying in 1 seconds
 Retrying in 1 seconds
 Retrying in 1 seconds
 Retrying in 1 seconds
 Retrying in 1 seconds
 Retrying in 1 seconds
 Retrying in 1 seconds
 Retrying in 1 seconds
 Retrying in 1 seconds
 Retrying in 1 seconds
 Retrying in 1 seconds
 Retrying in 1 seconds
 Retrying in 1 seconds
 Retrying in 1 seconds
 Retrying in 1 seconds
 Retrying in 1 seconds
 Retrying in 1 seconds
 Retrying in 1 seconds
 Retrying in 1 seconds
 Retrying in 1 seconds
 Retrying in 1 seconds
 Retrying in 1 seconds
 Retrying in 1 seconds
 Retrying in 1 seconds
 Retrying in 1 seconds
 Retrying in 1 seconds
 Retrying in 1 seconds
 Retrying in 1 seconds
 Retrying in 1 seconds
 Retrying in 1 seconds
 Retrying in 1 seconds
 Retrying in 1 seconds
 Retrying in 1 seconds
 Retrying in 1 seconds
 Retrying in 1 seconds
 Retrying in 1 seconds
 Retrying in 1 seconds
 Retrying in 1 seconds
 Retrying in 1 seconds
 Retrying in 1 seconds
 Retrying in 1 seconds
 Retrying in 1 seconds
 Retrying in 1 seconds
 Retrying in 1 seconds
 Retrying in 1 seconds
 Retrying in 1 seconds
 Retrying in 1 seconds
 Retrying in 1 seconds
 Retrying in 1 seconds
[shaping_diag] success_cum_shaping=287.70 T=192 d_init=95.9 d_final=0.0
Warning: Vehicle 'other' performs emergency braking on lane ':center_7_0' with decel=9.00, wished=3.00, severity=1.00, time=9.40.
Warning: Vehicle 'other' collision with person 'ped0', lane=':center_13_0', time=10.10, stage=move.
Warning: Vehicle 'other' performs emergency braking on lane ':center_7_0' with decel=9.00, wished=3.00, severity=1.00, time=8.00.
Warning: Vehicle 'other3' performs emergency braking on lane ':center_7_0' with decel=9.00, wished=5.00, severity=1.00, time=10.50.
Warning: Vehicle 'other' performs emergency braking on lane ':center_7_0' with decel=9.00, wished=4.00, severity=1.00, time=9.50.
Warning: Vehicle 'other' performs emergency braking on lane ':center_7_0' with decel=9.00, wished=7.00, severity=1.00, time=5.70.
Warning: Vehicle 'other2' performs emergency braking on lane ':center_7_0' with decel=9.00, wished=4.00, severity=1.00, time=11.60.
Warning: Vehicle 'other2' performs emergency braking on lane ':center_7_0' with decel=9.00, wished=4.00, severity=1.00, time=11.00.
Warning: Vehicle 'other2' performs emergency braking on lane ':center_7_0' with decel=9.00, wished=3.00, severity=1.00, time=12.40.
Warning: Vehicle 'other2' performs emergency braking on lane ':center_7_0' with decel=9.00, wished=6.00, severity=1.00, time=8.60.
Warning: Vehicle 'other' performs emergency braking on lane ':center_7_0' with decel=9.00, wished=5.00, severity=1.00, time=7.50.
Warning: Vehicle 'other2' performs emergency braking on lane ':center_7_0' with decel=9.00, wished=5.00, severity=1.00, time=9.60.
Warning: Vehicle 'other2' collision with person 'ped0', lane=':center_13_0', time=11.00, stage=move.
 Retrying in 1 seconds
 Retrying in 1 seconds
 Retrying in 1 seconds
 Retrying in 1 seconds
 Retrying in 1 seconds
 Retrying in 1 seconds
 Retrying in 1 seconds
 Retrying in 1 seconds
[fusion_aux] step=126976 ret=132.39 coll=0 ttc=8.02 soft_res=2.5257 cbf_res=0.3697 align_kl=0.6013
 Retrying in 1 seconds
 Retrying in 1 seconds
 Retrying in 1 seconds
 Retrying in 1 seconds
 Retrying in 1 seconds
 Retrying in 1 seconds
 Retrying in 1 seconds
 Retrying in 1 seconds
 Retrying in 1 seconds
 Retrying in 1 seconds
 Retrying in 1 seconds
 Retrying in 1 seconds
 Retrying in 1 seconds
 Retrying in 1 seconds
 Retrying in 1 seconds
 Retrying in 1 seconds
 Retrying in 1 seconds
 Retrying in 1 seconds
 Retrying in 1 seconds
 Retrying in 1 seconds
 Retrying in 1 seconds
 Retrying in 1 seconds
 Retrying in 1 seconds
 Retrying in 1 seconds
 Retrying in 1 seconds
 Retrying in 1 seconds
 Retrying in 1 seconds
 Retrying in 1 seconds
 Retrying in 1 seconds
 Retrying in 1 seconds
 Retrying in 1 seconds
 Retrying in 1 seconds
 Retrying in 1 seconds
 Retrying in 1 seconds
 Retrying in 1 seconds
 Retrying in 1 seconds
 Retrying in 1 seconds
 Retrying in 1 seconds
 Retrying in 1 seconds
 Retrying in 1 seconds
 Retrying in 1 seconds
 Retrying in 1 seconds
 Retrying in 1 seconds
 Retrying in 1 seconds
 Retrying in 1 seconds
 Retrying in 1 seconds
 Retrying in 1 seconds
 Retrying in 1 seconds
 Retrying in 1 seconds
 Retrying in 1 seconds
 Retrying in 1 seconds
 Retrying in 1 seconds
 Retrying in 1 seconds
 Retrying in 1 seconds
 Retrying in 1 seconds
 Retrying in 1 seconds
 Retrying in 1 seconds
 Retrying in 1 seconds
 Retrying in 1 seconds
 Retrying in 1 seconds
 Retrying in 1 seconds
 Retrying in 1 seconds
 Retrying in 1 seconds
 Retrying in 1 seconds
 Retrying in 1 seconds
 Retrying in 1 seconds
 Retrying in 1 seconds
 Retrying in 1 seconds
 Retrying in 1 seconds
 Retrying in 1 seconds
 Retrying in 1 seconds
 Retrying in 1 seconds
 Retrying in 1 seconds
 Retrying in 1 seconds
 Retrying in 1 seconds
 Retrying in 1 seconds
 Retrying in 1 seconds
 Retrying in 1 seconds
 Retrying in 1 seconds
 Retrying in 1 seconds
 Retrying in 1 seconds
 Retrying in 1 seconds
 Retrying in 1 seconds
 Retrying in 1 seconds
 Retrying in 1 seconds
 Retrying in 1 seconds
 Retrying in 1 seconds
 Retrying in 1 seconds
 Retrying in 1 seconds
 Retrying in 1 seconds
 Retrying in 1 seconds
 Retrying in 1 seconds
 Retrying in 1 seconds
 Retrying in 1 seconds
 Retrying in 1 seconds
 Retrying in 1 seconds
 Retrying in 1 seconds
 Retrying in 1 seconds
 Retrying in 1 seconds
 Retrying in 1 seconds
[shaping_diag] success_cum_shaping=287.70 T=419 d_init=95.9 d_final=0.0
Warning: Vehicle 'other2' performs emergency braking on lane ':center_7_0' with decel=9.00, wished=4.00, severity=1.00, time=11.50.
Warning: Vehicle 'other2' performs emergency braking on lane ':center_7_0' with decel=9.00, wished=3.00, severity=1.00, time=11.10.
[fusion_aux] step=167936 ret=105.76 coll=0 ttc=9.30 soft_res=2.0451 cbf_res=0.0752 align_kl=0.6129
 Retrying in 1 seconds
 Retrying in 1 seconds
 Retrying in 1 seconds
 Retrying in 1 seconds
 Retrying in 1 seconds
 Retrying in 1 seconds
 Retrying in 1 seconds
 Retrying in 1 seconds
 Retrying in 1 seconds
 Retrying in 1 seconds
 Retrying in 1 seconds
 Retrying in 1 seconds
 Retrying in 1 seconds
 Retrying in 1 seconds
 Retrying in 1 seconds
 Retrying in 1 seconds
 Retrying in 1 seconds
 Retrying in 1 seconds
 Retrying in 1 seconds
 Retrying in 1 seconds
 Retrying in 1 seconds
 Retrying in 1 seconds
 Retrying in 1 seconds
 Retrying in 1 seconds
 Retrying in 1 seconds
 Retrying in 1 seconds
 Retrying in 1 seconds
 Retrying in 1 seconds
 Retrying in 1 seconds
 Retrying in 1 seconds
 Retrying in 1 seconds
 Retrying in 1 seconds
 Retrying in 1 seconds
 Retrying in 1 seconds
 Retrying in 1 seconds
 Retrying in 1 seconds
 Retrying in 1 seconds
[shaping_diag] success_cum_shaping=287.70 T=499 d_init=95.9 d_final=0.0
 Retrying in 1 seconds
 Retrying in 1 seconds
[shaping_diag] success_cum_shaping=287.70 T=473 d_init=95.9 d_final=0.0
Warning: Vehicle 'other2' performs emergency braking on lane ':center_7_0' with decel=9.00, wished=3.00, severity=1.00, time=11.20.
Warning: Vehicle 'other3' performs emergency braking on lane ':center_7_0' with decel=9.00, wished=6.00, severity=1.00, time=8.20.
 Retrying in 1 seconds
 Retrying in 1 seconds
 Retrying in 1 seconds
 Retrying in 1 seconds
 Retrying in 1 seconds
 Retrying in 1 seconds
 Retrying in 1 seconds
 Retrying in 1 seconds
 Retrying in 1 seconds
 Retrying in 1 seconds
 Retrying in 1 seconds
 Retrying in 1 seconds
 Retrying in 1 seconds
 Retrying in 1 seconds
 Retrying in 1 seconds
 Retrying in 1 seconds
 Retrying in 1 seconds
 Retrying in 1 seconds
 Retrying in 1 seconds
 Retrying in 1 seconds
 Retrying in 1 seconds
 Retrying in 1 seconds
 Retrying in 1 seconds
 Retrying in 1 seconds
 Retrying in 1 seconds
 Retrying in 1 seconds
 Retrying in 1 seconds
 Retrying in 1 seconds
 Retrying in 1 seconds
 Retrying in 1 seconds
 Retrying in 1 seconds
 Retrying in 1 seconds
 Retrying in 1 seconds
 Retrying in 1 seconds
 Retrying in 1 seconds
 Retrying in 1 seconds
[shaping_diag] success_cum_shaping=287.70 T=344 d_init=95.9 d_final=0.0
Warning: Vehicle 'other3' performs emergency braking on lane ':center_7_0' with decel=9.00, wished=4.00, severity=1.00, time=9.60.
Warning: Vehicle 'other2' performs emergency braking on lane ':center_7_0' with decel=9.00, wished=3.00, severity=1.00, time=12.80.
Warning: Vehicle 'other2' collision with person 'ped2', lane=':center_13_0', time=13.50, stage=move.
Warning: Vehicle 'other3' performs emergency braking on lane ':center_7_0' with decel=9.00, wished=5.00, severity=1.00, time=15.50.
 Retrying in 1 seconds
 Retrying in 1 seconds
 Retrying in 1 seconds
 Retrying in 1 seconds
 Retrying in 1 seconds
 Retrying in 1 seconds
 Retrying in 1 seconds
 Retrying in 1 seconds
 Retrying in 1 seconds
 Retrying in 1 seconds
 Retrying in 1 seconds
 Retrying in 1 seconds
 Retrying in 1 seconds
 Retrying in 1 seconds
 Retrying in 1 seconds
 Retrying in 1 seconds
 Retrying in 1 seconds
 Retrying in 1 seconds
 Retrying in 1 seconds
 Retrying in 1 seconds
 Retrying in 1 seconds
 Retrying in 1 seconds
 Retrying in 1 seconds
[shaping_diag] success_cum_shaping=287.70 T=272 d_init=95.9 d_final=0.0
Warning: Vehicle 'other2' performs emergency braking on lane ':center_7_0' with decel=9.00, wished=6.00, severity=1.00, time=8.00.
Warning: Vehicle 'other2' performs emergency braking on lane ':center_7_0' with decel=9.00, wished=3.00, severity=1.00, time=12.20.
Warning: Vehicle 'other2' performs emergency braking on lane ':center_7_0' with decel=9.00, wished=6.00, severity=1.00, time=8.70.
Warning: Vehicle 'other3' performs emergency braking on lane ':center_7_0' with decel=9.00, wished=5.00, severity=1.00, time=8.40.
Warning: Vehicle 'other3' collision with person 'ped0', lane=':center_13_0', time=9.00, stage=move.
Warning: Vehicle 'other3' performs emergency braking on lane ':center_7_0' with decel=9.00, wished=4.00, severity=1.00, time=9.20.
Warning: Collision of person 'ped0' and person 'ped2', lane='left_in_0', time=1.90.
 Retrying in 1 seconds
 Retrying in 1 seconds
[fusion_aux] step=208896 ret=83.58 coll=0 ttc=7.67 soft_res=1914.2598 cbf_res=0.4262 align_kl=0.6039
 Retrying in 1 seconds
 Retrying in 1 seconds
 Retrying in 1 seconds
 Retrying in 1 seconds
 Retrying in 1 seconds
 Retrying in 1 seconds
 Retrying in 1 seconds
 Retrying in 1 seconds
 Retrying in 1 seconds
 Retrying in 1 seconds
 Retrying in 1 seconds
 Retrying in 1 seconds
 Retrying in 1 seconds
 Retrying in 1 seconds
 Retrying in 1 seconds
 Retrying in 1 seconds
 Retrying in 1 seconds
 Retrying in 1 seconds
 Retrying in 1 seconds
 Retrying in 1 seconds
 Retrying in 1 seconds
 Retrying in 1 seconds
 Retrying in 1 seconds
 Retrying in 1 seconds
 Retrying in 1 seconds
 Retrying in 1 seconds
 Retrying in 1 seconds
 Retrying in 1 seconds
 Retrying in 1 seconds
 Retrying in 1 seconds
 Retrying in 1 seconds
 Retrying in 1 seconds
 Retrying in 1 seconds
 Retrying in 1 seconds
 Retrying in 1 seconds
 Retrying in 1 seconds
 Retrying in 1 seconds
 Retrying in 1 seconds
 Retrying in 1 seconds
 Retrying in 1 seconds
 Retrying in 1 seconds
 Retrying in 1 seconds
 Retrying in 1 seconds
 Retrying in 1 seconds
 Retrying in 1 seconds
 Retrying in 1 seconds
 Retrying in 1 seconds
 Retrying in 1 seconds
 Retrying in 1 seconds
 Retrying in 1 seconds
 Retrying in 1 seconds
 Retrying in 1 seconds
 Retrying in 1 seconds
 Retrying in 1 seconds
 Retrying in 1 seconds
 Retrying in 1 seconds
 Retrying in 1 seconds
 Retrying in 1 seconds
 Retrying in 1 seconds
 Retrying in 1 seconds
 Retrying in 1 seconds
 Retrying in 1 seconds
 Retrying in 1 seconds
 Retrying in 1 seconds
 Retrying in 1 seconds
 Retrying in 1 seconds
 Retrying in 1 seconds
 Retrying in 1 seconds
 Retrying in 1 seconds
 Retrying in 1 seconds
 Retrying in 1 seconds
 Retrying in 1 seconds
 Retrying in 1 seconds
 Retrying in 1 seconds
 Retrying in 1 seconds
 Retrying in 1 seconds
 Retrying in 1 seconds
 Retrying in 1 seconds
 Retrying in 1 seconds
 Retrying in 1 seconds
 Retrying in 1 seconds
 Retrying in 1 seconds
 Retrying in 1 seconds
 Retrying in 1 seconds
 Retrying in 1 seconds
 Retrying in 1 seconds
[shaping_diag] success_cum_shaping=287.70 T=425 d_init=95.9 d_final=0.0
 Retrying in 1 seconds
 Retrying in 1 seconds
 Retrying in 1 seconds
 Retrying in 1 seconds
 Retrying in 1 seconds
[shaping_diag] success_cum_shaping=287.70 T=252 d_init=95.9 d_final=0.0
 Retrying in 1 seconds
 Retrying in 1 seconds
[shaping_diag] success_cum_shaping=287.70 T=401 d_init=95.9 d_final=0.0
 Retrying in 1 seconds
[shaping_diag] success_cum_shaping=287.70 T=444 d_init=95.9 d_final=0.0
 Retrying in 1 seconds
 Retrying in 1 seconds
 Retrying in 1 seconds
 Retrying in 1 seconds
[shaping_diag] success_cum_shaping=287.70 T=204 d_init=95.9 d_final=0.0
 Retrying in 1 seconds
 Retrying in 1 seconds
[shaping_diag] success_cum_shaping=287.70 T=357 d_init=95.9 d_final=0.0
Warning: Vehicle 'other3' performs emergency braking on lane ':center_7_0' with decel=9.00, wished=3.00, severity=1.00, time=9.80.
Warning: Vehicle 'other2' performs emergency braking on lane ':center_7_0' with decel=9.00, wished=3.00, severity=1.00, time=12.30.
[fusion_aux] step=249856 ret=85.29 coll=0 ttc=7.57 soft_res=2.4626 cbf_res=0.0000 align_kl=0.5958
 Retrying in 1 seconds
 Retrying in 1 seconds
 Retrying in 1 seconds
 Retrying in 1 seconds
 Retrying in 1 seconds
 Retrying in 1 seconds
 Retrying in 1 seconds
 Retrying in 1 seconds
 Retrying in 1 seconds
 Retrying in 1 seconds
 Retrying in 1 seconds
 Retrying in 1 seconds
 Retrying in 1 seconds
 Retrying in 1 seconds
 Retrying in 1 seconds
 Retrying in 1 seconds
 Retrying in 1 seconds
 Retrying in 1 seconds
 Retrying in 1 seconds
 Retrying in 1 seconds
 Retrying in 1 seconds
 Retrying in 1 seconds
 Retrying in 1 seconds
 Retrying in 1 seconds
 Retrying in 1 seconds
 Retrying in 1 seconds
 Retrying in 1 seconds
 Retrying in 1 seconds
 Retrying in 1 seconds
 Retrying in 1 seconds
 Retrying in 1 seconds
 Retrying in 1 seconds
 Retrying in 1 seconds
 Retrying in 1 seconds
 Retrying in 1 seconds
 Retrying in 1 seconds
 Retrying in 1 seconds
 Retrying in 1 seconds
 Retrying in 1 seconds
 Retrying in 1 seconds
[shaping_diag] success_cum_shaping=287.70 T=477 d_init=95.9 d_final=0.0
 Retrying in 1 seconds
[shaping_diag] success_cum_shaping=287.70 T=291 d_init=95.9 d_final=0.0
Warning: Vehicle 'other' performs emergency braking on lane ':center_7_0' with decel=9.00, wished=7.00, severity=1.00, time=5.90.
