 Retrying in 1 seconds
[shaping_diag] success_cum_shaping=287.70 T=464 d_init=95.9 d_final=0.0
 Retrying in 1 seconds
 Retrying in 1 seconds
 Retrying in 1 seconds
 Retrying in 1 seconds
 Retrying in 1 seconds
 Retrying in 1 seconds
 Retrying in 1 seconds
 Retrying in 1 seconds
 Retrying in 1 seconds
 Retrying in 1 seconds
[shaping_diag] success_cum_shaping=287.70 T=108 d_init=95.9 d_final=0.0
 Retrying in 1 seconds
[shaping_diag] success_cum_shaping=287.70 T=117 d_init=95.9 d_final=0.0
 Retrying in 1 seconds
 Retrying in 1 seconds
[shaping_diag] success_cum_shaping=287.70 T=113 d_init=95.9 d_final=0.0
 Retrying in 1 seconds
[shaping_diag] success_cum_shaping=287.70 T=134 d_init=95.9 d_final=0.0
 Retrying in 1 seconds
[shaping_diag] success_cum_shaping=287.70 T=173 d_init=95.9 d_final=0.0
 Retrying in 1 seconds
[shaping_diag] success_cum_shaping=287.70 T=124 d_init=95.9 d_final=0.0
Warning: Vehicle 'other2' performs emergency braking on lane ':center_7_0' with decel=9.00, wished=6.00, severity=1.00, time=9.50.
 Retrying in 1 seconds
[shaping_diag] success_cum_shaping=287.70 T=118 d_init=95.9 d_final=0.0
 Retrying in 1 seconds
[shaping_diag] success_cum_shaping=287.70 T=118 d_init=95.9 d_final=0.0
Warning: Vehicle 'other2' performs emergency braking on lane ':center_7_0' with decel=9.00, wished=4.00, severity=1.00, time=12.80.
Warning: Collision of person 'ped2' and person 'ped1', lane='left_in_0', time=3.00.
Warning: Collision of person 'ped2' and person 'ped1', lane='left_in_0', time=3.10.
Warning: Collision of person 'ped2' and person 'ped1', lane='left_in_0', time=3.20.
Warning: Vehicle 'other3' performs emergency braking on lane ':center_7_0' with decel=9.00, wished=4.00, severity=1.00, time=9.60.
Warning: Vehicle 'other2' performs emergency braking on lane ':center_7_0' with decel=9.00, wished=6.00, severity=1.00, time=8.60.
Warning: Vehicle 'other2' performs emergency braking on lane ':center_7_0' with decel=9.00, wished=7.00, severity=1.00, time=9.00.
Warning: Vehicle 'other2' collision with person 'ped0', lane=':center_13_0', time=9.70, stage=move.
Warning: Vehicle 'other' performs emergency braking on lane ':center_7_0' with decel=9.00, wished=4.00, severity=1.00, time=8.70.
Warning: Vehicle 'other3' performs emergency braking on lane ':center_7_0' with decel=9.00, wished=4.00, severity=1.00, time=9.40.
Warning: Vehicle 'other3' collision with person 'ped0', lane=':center_13_0', time=10.20, stage=move.
Warning: Vehicle 'other2' performs emergency braking on lane ':center_7_0' with decel=9.00, wished=6.00, severity=1.00, time=8.80.
[eikonal_aux] step=4096 ret=193.60 coll=0 ttc=6.14 L_eik=8.64 L_bc=0.479 L_ground=1.12e+03 |rho|=2.539 ALM[λ=0,μ=1] σ_bc=0.99 σ_g=1.29 buf=[8/0/619] T_succ~-0.7 T_coll~0.0
 Retrying in 1 seconds
 Retrying in 1 seconds
 Retrying in 1 seconds
 Retrying in 1 seconds
 Retrying in 1 seconds
 Retrying in 1 seconds
 Retrying in 1 seconds
 Retrying in 1 seconds
 Retrying in 1 seconds
[eikonal_aux ALM] step=8192  λ=8.556  μ=1  mean L_eik (epoch)=8.555866366252303  μ_grew=False  μ@max=False
 Retrying in 1 seconds
 Retrying in 1 seconds
 Retrying in 1 seconds
 Retrying in 1 seconds
 Retrying in 1 seconds
 Retrying in 1 seconds
 Retrying in 1 seconds
 Retrying in 1 seconds
 Retrying in 1 seconds
 Retrying in 1 seconds
 Retrying in 1 seconds
 Retrying in 1 seconds
 Retrying in 1 seconds
 Retrying in 1 seconds
 Retrying in 1 seconds
 Retrying in 1 seconds
 Retrying in 1 seconds
 Retrying in 1 seconds
[eikonal_aux ALM] step=16384  λ=14.55  μ=5  mean L_eik (epoch)=5.989713109098375  μ_grew=True  μ@max=False
 Retrying in 1 seconds
 Retrying in 1 seconds
 Retrying in 1 seconds
 Retrying in 1 seconds
 Retrying in 1 seconds
 Retrying in 1 seconds
 Retrying in 1 seconds
 Retrying in 1 seconds
 Retrying in 1 seconds
 Retrying in 1 seconds
 Retrying in 1 seconds
 Retrying in 1 seconds
 Retrying in 1 seconds
 Retrying in 1 seconds
 Retrying in 1 seconds
 Retrying in 1 seconds
 Retrying in 1 seconds
 Retrying in 1 seconds
[eikonal_aux ALM] step=24576  λ=42.76  μ=25  mean L_eik (epoch)=5.642825898714364  μ_grew=True  μ@max=False
 Retrying in 1 seconds
 Retrying in 1 seconds
 Retrying in 1 seconds
 Retrying in 1 seconds
 Retrying in 1 seconds
 Retrying in 1 seconds
 Retrying in 1 seconds
 Retrying in 1 seconds
 Retrying in 1 seconds
 Retrying in 1 seconds
 Retrying in 1 seconds
 Retrying in 1 seconds
 Retrying in 1 seconds
 Retrying in 1 seconds
 Retrying in 1 seconds
 Retrying in 1 seconds
 Retrying in 1 seconds
 Retrying in 1 seconds
[eikonal_aux ALM] step=32768  λ=205.7  μ=125  mean L_eik (epoch)=6.5167789272964  μ_grew=True  μ@max=False
 Retrying in 1 seconds
 Retrying in 1 seconds
 Retrying in 1 seconds
 Retrying in 1 seconds
 Retrying in 1 seconds
 Retrying in 1 seconds
 Retrying in 1 seconds
 Retrying in 1 seconds
 Retrying in 1 seconds
 Retrying in 1 seconds
 Retrying in 1 seconds
 Retrying in 1 seconds
 Retrying in 1 seconds
 Retrying in 1 seconds
 Retrying in 1 seconds
 Retrying in 1 seconds
 Retrying in 1 seconds
 Retrying in 1 seconds
[eikonal_aux ALM] step=40960  λ=999.4  μ=625  mean L_eik (epoch)=6.349790564738214  μ_grew=True  μ@max=False
 Retrying in 1 seconds
 Retrying in 1 seconds
 Retrying in 1 seconds
 Retrying in 1 seconds
 Retrying in 1 seconds
 Retrying in 1 seconds
 Retrying in 1 seconds
 Retrying in 1 seconds
 Retrying in 1 seconds
 Retrying in 1 seconds
 Retrying in 1 seconds
 Retrying in 1 seconds
 Retrying in 1 seconds
 Retrying in 1 seconds
 Retrying in 1 seconds
[shaping_diag] success_cum_shaping=287.70 T=282 d_init=95.9 d_final=0.0
Warning: Vehicle 'other3' performs emergency braking on lane ':center_7_0' with decel=9.00, wished=6.00, severity=1.00, time=8.80.
Warning: Vehicle 'other3' performs emergency braking on lane ':center_7_0' with decel=9.00, wished=3.00, severity=1.00, time=12.70.
 Retrying in 1 seconds
 Retrying in 1 seconds
 Retrying in 1 seconds
 Retrying in 1 seconds
[eikonal_aux] step=45056 ret=99.39 coll=0 ttc=8.78 L_eik=6.88 L_bc=0.283 L_ground=1.48e+03 |rho|=2.175 ALM[λ=999,μ=625] σ_bc=0.98 σ_g=1.75 buf=[8/0/619] T_succ~-0.5 T_coll~0.0
 Retrying in 1 seconds
 Retrying in 1 seconds
 Retrying in 1 seconds
 Retrying in 1 seconds
 Retrying in 1 seconds
 Retrying in 1 seconds
 Retrying in 1 seconds
 Retrying in 1 seconds
 Retrying in 1 seconds
[eikonal_aux ALM] step=49152  λ=5178  μ=3125  mean L_eik (epoch)=6.685461065731943  μ_grew=True  μ@max=False
 Retrying in 1 seconds
 Retrying in 1 seconds
 Retrying in 1 seconds
 Retrying in 1 seconds
 Retrying in 1 seconds
 Retrying in 1 seconds
 Retrying in 1 seconds
 Retrying in 1 seconds
 Retrying in 1 seconds
 Retrying in 1 seconds
 Retrying in 1 seconds
 Retrying in 1 seconds
 Retrying in 1 seconds
 Retrying in 1 seconds
 Retrying in 1 seconds
 Retrying in 1 seconds
 Retrying in 1 seconds
 Retrying in 1 seconds
[eikonal_aux ALM] step=57344  λ=2.618e+04  μ=1e+04  mean L_eik (epoch)=6.722228462807834  μ_grew=True  μ@max=True
 Retrying in 1 seconds
 Retrying in 1 seconds
 Retrying in 1 seconds
 Retrying in 1 seconds
 Retrying in 1 seconds
 Retrying in 1 seconds
 Retrying in 1 seconds
 Retrying in 1 seconds
 Retrying in 1 seconds
 Retrying in 1 seconds
 Retrying in 1 seconds
 Retrying in 1 seconds
 Retrying in 1 seconds
 Retrying in 1 seconds
 Retrying in 1 seconds
 Retrying in 1 seconds
 Retrying in 1 seconds
 Retrying in 1 seconds
[eikonal_aux ALM] step=65536  λ=8.913e+04  μ=1e+04  mean L_eik (epoch)=6.294676127843559  μ_grew=True  μ@max=True
 Retrying in 1 seconds
 Retrying in 1 seconds
 Retrying in 1 seconds
 Retrying in 1 seconds
 Retrying in 1 seconds
 Retrying in 1 seconds
 Retrying in 1 seconds
 Retrying in 1 seconds
 Retrying in 1 seconds
 Retrying in 1 seconds
 Retrying in 1 seconds
 Retrying in 1 seconds
 Retrying in 1 seconds
 Retrying in 1 seconds
 Retrying in 1 seconds
 Retrying in 1 seconds
 Retrying in 1 seconds
 Retrying in 1 seconds
[eikonal_aux ALM] step=73728  λ=1.503e+05  μ=1e+04  mean L_eik (epoch)=6.116738922894001  μ_grew=True  μ@max=True
 Retrying in 1 seconds
 Retrying in 1 seconds
 Retrying in 1 seconds
 Retrying in 1 seconds
 Retrying in 1 seconds
 Retrying in 1 seconds
 Retrying in 1 seconds
 Retrying in 1 seconds
 Retrying in 1 seconds
 Retrying in 1 seconds
 Retrying in 1 seconds
 Retrying in 1 seconds
 Retrying in 1 seconds
 Retrying in 1 seconds
 Retrying in 1 seconds
 Retrying in 1 seconds
 Retrying in 1 seconds
 Retrying in 1 seconds
[eikonal_aux ALM] step=81920  λ=2.217e+05  μ=1e+04  mean L_eik (epoch)=7.143322207964957  μ_grew=True  μ@max=True
 Retrying in 1 seconds
 Retrying in 1 seconds
 Retrying in 1 seconds
 Retrying in 1 seconds
[shaping_diag] success_cum_shaping=287.70 T=461 d_init=95.9 d_final=0.0
Warning: Vehicle 'other2' performs emergency braking on lane ':center_7_0' with decel=9.00, wished=6.00, severity=1.00, time=8.70.
Warning: Vehicle 'other' performs emergency braking on lane ':center_7_0' with decel=9.00, wished=7.00, severity=1.00, time=11.10.
Warning: Vehicle 'other2' performs emergency braking on lane ':center_7_0' with decel=9.00, wished=5.00, severity=1.00, time=8.20.
Warning: Vehicle 'other2' performs emergency braking on lane ':center_7_0' with decel=9.00, wished=6.00, severity=1.00, time=7.40.
Warning: Vehicle 'other2' performs emergency braking on lane ':center_7_0' with decel=9.00, wished=4.00, severity=1.00, time=11.70.
Warning: Vehicle 'other2' performs emergency braking on lane ':center_13_0' with decel=9.00, wished=5.00, severity=1.00, time=14.70.
Warning: Vehicle 'other3' performs emergency braking on lane ':center_7_0' with decel=9.00, wished=3.00, severity=1.00, time=10.00.
Warning: Vehicle 'other2' performs emergency braking on lane ':center_7_0' with decel=9.00, wished=4.00, severity=1.00, time=10.40.
Warning: Vehicle 'other2' performs emergency braking on lane ':center_7_0' with decel=9.00, wished=4.00, severity=1.00, time=11.50.
Warning: Vehicle 'other2' performs emergency braking on lane ':center_7_0' with decel=9.00, wished=5.00, severity=1.00, time=10.40.
Warning: Vehicle 'other2' performs emergency braking on lane ':center_7_0' with decel=9.00, wished=7.00, severity=1.00, time=9.20.
Warning: Vehicle 'other' performs emergency braking on lane ':center_7_0' with decel=9.00, wished=4.00, severity=1.00, time=8.10.
Warning: Vehicle 'other' collision with person 'ped0', lane=':center_13_0', time=9.30, stage=move.
Warning: Collision of person 'ped0' and person 'ped2', lane='left_in_0', time=2.10.
Warning: Collision of person 'ped0' and person 'ped2', lane='left_in_0', time=2.20.
Warning: Vehicle 'other3' performs emergency braking on lane ':center_7_0' with decel=9.00, wished=4.00, severity=1.00, time=9.70.
Warning: Vehicle 'other3' collision with person 'ped0', lane=':center_13_0', time=10.50, stage=move.
Warning: Vehicle 'other' performs emergency braking on lane ':center_7_0' with decel=9.00, wished=5.00, severity=1.00, time=6.90.
Warning: Vehicle 'other3' performs emergency braking on lane ':center_13_0' with decel=9.00, wished=5.00, severity=1.00, time=8.50.
Warning: Vehicle 'other2' performs emergency braking on lane ':center_7_0' with decel=9.00, wished=7.00, severity=1.00, time=13.70.
Warning: Vehicle 'other3' performs emergency braking on lane ':center_7_0' with decel=9.00, wished=3.00, severity=1.00, time=9.40.
Warning: Vehicle 'other2' performs emergency braking on lane ':center_7_0' with decel=9.00, wished=5.00, severity=1.00, time=9.60.
 Retrying in 1 seconds
 Retrying in 1 seconds
 Retrying in 1 seconds
 Retrying in 1 seconds
 Retrying in 1 seconds
 Retrying in 1 seconds
 Retrying in 1 seconds
 Retrying in 1 seconds
 Retrying in 1 seconds
 Retrying in 1 seconds
 Retrying in 1 seconds
 Retrying in 1 seconds
 Retrying in 1 seconds
 Retrying in 1 seconds
 Retrying in 1 seconds
[eikonal_aux] step=86016 ret=79.43 coll=0 ttc=15.21 L_eik=7.59 L_bc=276 L_ground=2.42e+03 |rho|=2.304 ALM[λ=2.22e+05,μ=1e+04] σ_bc=0.99 σ_g=1.75 buf=[16/0/1000] T_succ~15.1 T_coll~0.0
 Retrying in 1 seconds
 Retrying in 1 seconds
 Retrying in 1 seconds
 Retrying in 1 seconds
 Retrying in 1 seconds
 Retrying in 1 seconds
 Retrying in 1 seconds
 Retrying in 1 seconds
 Retrying in 1 seconds
[eikonal_aux ALM] step=90112  λ=3e+05  μ=1e+04  mean L_eik (epoch)=7.8249801797792315  μ_grew=True  μ@max=True
 Retrying in 1 seconds
 Retrying in 1 seconds
 Retrying in 1 seconds
 Retrying in 1 seconds
 Retrying in 1 seconds
 Retrying in 1 seconds
 Retrying in 1 seconds
 Retrying in 1 seconds
 Retrying in 1 seconds
 Retrying in 1 seconds
 Retrying in 1 seconds
 Retrying in 1 seconds
 Retrying in 1 seconds
 Retrying in 1 seconds
 Retrying in 1 seconds
 Retrying in 1 seconds
 Retrying in 1 seconds
 Retrying in 1 seconds
[eikonal_aux ALM] step=98304  λ=3.892e+05  μ=1e+04  mean L_eik (epoch)=8.923818717710674  μ_grew=True  μ@max=True
 Retrying in 1 seconds
 Retrying in 1 seconds
 Retrying in 1 seconds
 Retrying in 1 seconds
 Retrying in 1 seconds
 Retrying in 1 seconds
 Retrying in 1 seconds
 Retrying in 1 seconds
 Retrying in 1 seconds
 Retrying in 1 seconds
 Retrying in 1 seconds
 Retrying in 1 seconds
 Retrying in 1 seconds
 Retrying in 1 seconds
 Retrying in 1 seconds
 Retrying in 1 seconds
 Retrying in 1 seconds
 Retrying in 1 seconds
[eikonal_aux ALM] step=106496  λ=4.776e+05  μ=1e+04  mean L_eik (epoch)=8.834633051417768  μ_grew=True  μ@max=True
 Retrying in 1 seconds
 Retrying in 1 seconds
 Retrying in 1 seconds
 Retrying in 1 seconds
 Retrying in 1 seconds
 Retrying in 1 seconds
 Retrying in 1 seconds
 Retrying in 1 seconds
 Retrying in 1 seconds
 Retrying in 1 seconds
 Retrying in 1 seconds
 Retrying in 1 seconds
 Retrying in 1 seconds
 Retrying in 1 seconds
 Retrying in 1 seconds
 Retrying in 1 seconds
 Retrying in 1 seconds
 Retrying in 1 seconds
[eikonal_aux ALM] step=114688  λ=5.642e+05  μ=1e+04  mean L_eik (epoch)=8.661932796239853  μ_grew=True  μ@max=True
 Retrying in 1 seconds
 Retrying in 1 seconds
 Retrying in 1 seconds
 Retrying in 1 seconds
 Retrying in 1 seconds
 Retrying in 1 seconds
 Retrying in 1 seconds
 Retrying in 1 seconds
 Retrying in 1 seconds
 Retrying in 1 seconds
 Retrying in 1 seconds
 Retrying in 1 seconds
 Retrying in 1 seconds
 Retrying in 1 seconds
 Retrying in 1 seconds
 Retrying in 1 seconds
 Retrying in 1 seconds
 Retrying in 1 seconds
[eikonal_aux ALM] step=122880  λ=6.563e+05  μ=1e+04  mean L_eik (epoch)=9.21547972317785  μ_grew=True  μ@max=True
 Retrying in 1 seconds
 Retrying in 1 seconds
 Retrying in 1 seconds
 Retrying in 1 seconds
 Retrying in 1 seconds
 Retrying in 1 seconds
 Retrying in 1 seconds
 Retrying in 1 seconds
 Retrying in 1 seconds
 Retrying in 1 seconds
 Retrying in 1 seconds
 Retrying in 1 seconds
 Retrying in 1 seconds
 Retrying in 1 seconds
 Retrying in 1 seconds
 Retrying in 1 seconds
 Retrying in 1 seconds
 Retrying in 1 seconds
 Retrying in 1 seconds
[eikonal_aux] step=126976 ret=61.90 coll=0 ttc=9.12 L_eik=7.17 L_bc=105 L_ground=3.62e+03 |rho|=2.254 ALM[λ=6.56e+05,μ=1e+04] σ_bc=0.99 σ_g=1.75 buf=[16/0/1000] T_succ~-7.7 T_coll~0.0
 Retrying in 1 seconds
 Retrying in 1 seconds
 Retrying in 1 seconds
 Retrying in 1 seconds
 Retrying in 1 seconds
 Retrying in 1 seconds
 Retrying in 1 seconds
 Retrying in 1 seconds
 Retrying in 1 seconds
[eikonal_aux ALM] step=131072  λ=7.37e+05  μ=1e+04  mean L_eik (epoch)=8.061036643572152  μ_grew=True  μ@max=True
 Retrying in 1 seconds
 Retrying in 1 seconds
 Retrying in 1 seconds
 Retrying in 1 seconds
 Retrying in 1 seconds
 Retrying in 1 seconds
 Retrying in 1 seconds
 Retrying in 1 seconds
 Retrying in 1 seconds
 Retrying in 1 seconds
 Retrying in 1 seconds
 Retrying in 1 seconds
 Retrying in 1 seconds
 Retrying in 1 seconds
 Retrying in 1 seconds
 Retrying in 1 seconds
 Retrying in 1 seconds
 Retrying in 1 seconds
[eikonal_aux ALM] step=139264  λ=8.18e+05  μ=1e+04  mean L_eik (epoch)=8.105359382927418  μ_grew=True  μ@max=True
 Retrying in 1 seconds
 Retrying in 1 seconds
 Retrying in 1 seconds
 Retrying in 1 seconds
 Retrying in 1 seconds
 Retrying in 1 seconds
 Retrying in 1 seconds
 Retrying in 1 seconds
 Retrying in 1 seconds
 Retrying in 1 seconds
 Retrying in 1 seconds
 Retrying in 1 seconds
 Retrying in 1 seconds
 Retrying in 1 seconds
 Retrying in 1 seconds
 Retrying in 1 seconds
 Retrying in 1 seconds
 Retrying in 1 seconds
[eikonal_aux ALM] step=147456  λ=8.925e+05  μ=1e+04  mean L_eik (epoch)=7.4487640131264925  μ_grew=True  μ@max=True
 Retrying in 1 seconds
 Retrying in 1 seconds
 Retrying in 1 seconds
 Retrying in 1 seconds
 Retrying in 1 seconds
 Retrying in 1 seconds
 Retrying in 1 seconds
 Retrying in 1 seconds
 Retrying in 1 seconds
 Retrying in 1 seconds
 Retrying in 1 seconds
 Retrying in 1 seconds
 Retrying in 1 seconds
 Retrying in 1 seconds
 Retrying in 1 seconds
 Retrying in 1 seconds
 Retrying in 1 seconds
 Retrying in 1 seconds
[eikonal_aux ALM] step=155648  λ=9.614e+05  μ=1e+04  mean L_eik (epoch)=6.886506853625178  μ_grew=True  μ@max=True
 Retrying in 1 seconds
 Retrying in 1 seconds
 Retrying in 1 seconds
 Retrying in 1 seconds
 Retrying in 1 seconds
 Retrying in 1 seconds
 Retrying in 1 seconds
 Retrying in 1 seconds
 Retrying in 1 seconds
 Retrying in 1 seconds
 Retrying in 1 seconds
 Retrying in 1 seconds
 Retrying in 1 seconds
 Retrying in 1 seconds
 Retrying in 1 seconds
 Retrying in 1 seconds
 Retrying in 1 seconds
 Retrying in 1 seconds
[eikonal_aux ALM] step=163840  λ=1.018e+06  μ=1e+04  mean L_eik (epoch)=5.690328584518284  μ_grew=True  μ@max=True
 Retrying in 1 seconds
 Retrying in 1 seconds
 Retrying in 1 seconds
 Retrying in 1 seconds
 Retrying in 1 seconds
 Retrying in 1 seconds
 Retrying in 1 seconds
 Retrying in 1 seconds
 Retrying in 1 seconds
 Retrying in 1 seconds
 Retrying in 1 seconds
 Retrying in 1 seconds
 Retrying in 1 seconds
 Retrying in 1 seconds
 Retrying in 1 seconds
 Retrying in 1 seconds
 Retrying in 1 seconds
 Retrying in 1 seconds
 Retrying in 1 seconds
[eikonal_aux] step=167936 ret=60.47 coll=0 ttc=10.14 L_eik=6.43 L_bc=169 L_ground=3.1e+03 |rho|=2.065 ALM[λ=1.02e+06,μ=1e+04] σ_bc=0.99 σ_g=1.76 buf=[16/0/1000] T_succ~-11.7 T_coll~0.0
 Retrying in 1 seconds
 Retrying in 1 seconds
 Retrying in 1 seconds
 Retrying in 1 seconds
 Retrying in 1 seconds
 Retrying in 1 seconds
 Retrying in 1 seconds
 Retrying in 1 seconds
 Retrying in 1 seconds
[eikonal_aux ALM] step=172032  λ=1.076e+06  μ=1e+04  mean L_eik (epoch)=5.743204694706947  μ_grew=True  μ@max=True
 Retrying in 1 seconds
 Retrying in 1 seconds
 Retrying in 1 seconds
 Retrying in 1 seconds
 Retrying in 1 seconds
 Retrying in 1 seconds
[shaping_diag] success_cum_shaping=287.70 T=381 d_init=95.9 d_final=0.0
Warning: Vehicle 'other3' performs emergency braking on lane ':center_7_0' with decel=9.00, wished=3.00, severity=1.00, time=13.10.
Warning: Vehicle 'other2' performs emergency braking on lane ':center_7_0' with decel=9.00, wished=4.00, severity=1.00, time=11.90.
Warning: Vehicle 'other' performs emergency braking on lane ':center_7_0' with decel=9.00, wished=3.00, severity=1.00, time=8.30.
 Retrying in 1 seconds
 Retrying in 1 seconds
 Retrying in 1 seconds
 Retrying in 1 seconds
 Retrying in 1 seconds
 Retrying in 1 seconds
 Retrying in 1 seconds
 Retrying in 1 seconds
 Retrying in 1 seconds
 Retrying in 1 seconds
 Retrying in 1 seconds
 Retrying in 1 seconds
[eikonal_aux ALM] step=180224  λ=1.135e+06  μ=1e+04  mean L_eik (epoch)=5.894346694462001  μ_grew=True  μ@max=True
 Retrying in 1 seconds
 Retrying in 1 seconds
 Retrying in 1 seconds
 Retrying in 1 seconds
 Retrying in 1 seconds
 Retrying in 1 seconds
 Retrying in 1 seconds
 Retrying in 1 seconds
 Retrying in 1 seconds
 Retrying in 1 seconds
 Retrying in 1 seconds
 Retrying in 1 seconds
 Retrying in 1 seconds
 Retrying in 1 seconds
 Retrying in 1 seconds
 Retrying in 1 seconds
 Retrying in 1 seconds
 Retrying in 1 seconds
[eikonal_aux ALM] step=188416  λ=1.194e+06  μ=1e+04  mean L_eik (epoch)=5.961176700890064  μ_grew=True  μ@max=True
 Retrying in 1 seconds
 Retrying in 1 seconds
 Retrying in 1 seconds
 Retrying in 1 seconds
 Retrying in 1 seconds
 Retrying in 1 seconds
 Retrying in 1 seconds
 Retrying in 1 seconds
 Retrying in 1 seconds
 Retrying in 1 seconds
 Retrying in 1 seconds
 Retrying in 1 seconds
 Retrying in 1 seconds
[shaping_diag] success_cum_shaping=287.70 T=420 d_init=95.9 d_final=0.0
 Retrying in 1 seconds
 Retrying in 1 seconds
 Retrying in 1 seconds
 Retrying in 1 seconds
 Retrying in 1 seconds
[eikonal_aux ALM] step=196608  λ=1.257e+06  μ=1e+04  mean L_eik (epoch)=6.294237890280783  μ_grew=True  μ@max=True
 Retrying in 1 seconds
 Retrying in 1 seconds
 Retrying in 1 seconds
[shaping_diag] success_cum_shaping=287.70 T=391 d_init=95.9 d_final=0.0
Warning: Vehicle 'other' performs emergency braking on lane ':center_7_0' with decel=9.00, wished=5.00, severity=1.00, time=6.80.
Warning: Vehicle 'other3' performs emergency braking on lane ':center_7_0' with decel=9.00, wished=3.00, severity=1.00, time=11.50.
Warning: Vehicle 'other2' performs emergency braking on lane ':center_7_0' with decel=9.00, wished=7.00, severity=1.00, time=9.10.
 Retrying in 1 seconds
 Retrying in 1 seconds
 Retrying in 1 seconds
 Retrying in 1 seconds
 Retrying in 1 seconds
 Retrying in 1 seconds
 Retrying in 1 seconds
 Retrying in 1 seconds
 Retrying in 1 seconds
 Retrying in 1 seconds
 Retrying in 1 seconds
 Retrying in 1 seconds
 Retrying in 1 seconds
 Retrying in 1 seconds
 Retrying in 1 seconds
[eikonal_aux ALM] step=204800  λ=1.326e+06  μ=1e+04  mean L_eik (epoch)=6.897026328369975  μ_grew=True  μ@max=True
 Retrying in 1 seconds
 Retrying in 1 seconds
 Retrying in 1 seconds
 Retrying in 1 seconds
 Retrying in 1 seconds
 Retrying in 1 seconds
 Retrying in 1 seconds
 Retrying in 1 seconds
[shaping_diag] success_cum_shaping=287.70 T=323 d_init=95.9 d_final=0.0
 Retrying in 1 seconds
 Retrying in 1 seconds
 Retrying in 1 seconds
 Retrying in 1 seconds
 Retrying in 1 seconds
 Retrying in 1 seconds
 Retrying in 1 seconds
 Retrying in 1 seconds
[shaping_diag] success_cum_shaping=287.70 T=414 d_init=95.9 d_final=0.0
Warning: Vehicle 'other2' performs emergency braking on lane ':center_7_0' with decel=9.00, wished=5.00, severity=1.00, time=9.20.
Warning: Vehicle 'other2' performs emergency braking on lane ':center_7_0' with decel=9.00, wished=5.00, severity=1.00, time=15.90.
Warning: Vehicle 'other3' performs emergency braking on lane ':center_7_0' with decel=9.00, wished=5.00, severity=1.00, time=9.00.
 Retrying in 1 seconds
 Retrying in 1 seconds
 Retrying in 1 seconds
[eikonal_aux] step=208896 ret=58.56 coll=0 ttc=13.76 L_eik=7.02 L_bc=172 L_ground=3.45e+03 |rho|=2.200 ALM[λ=1.33e+06,μ=1e+04] σ_bc=1.01 σ_g=1.76 buf=[48/0/1000] T_succ~-12.5 T_coll~0.0
 Retrying in 1 seconds
 Retrying in 1 seconds
 Retrying in 1 seconds
 Retrying in 1 seconds
 Retrying in 1 seconds
 Retrying in 1 seconds
 Retrying in 1 seconds
 Retrying in 1 seconds
 Retrying in 1 seconds
[eikonal_aux ALM] step=212992  λ=1.405e+06  μ=1e+04  mean L_eik (epoch)=7.860084682703018  μ_grew=True  μ@max=True
 Retrying in 1 seconds
 Retrying in 1 seconds
 Retrying in 1 seconds
 Retrying in 1 seconds
 Retrying in 1 seconds
 Retrying in 1 seconds
 Retrying in 1 seconds
 Retrying in 1 seconds
 Retrying in 1 seconds
 Retrying in 1 seconds
 Retrying in 1 seconds
 Retrying in 1 seconds
 Retrying in 1 seconds
 Retrying in 1 seconds
 Retrying in 1 seconds
 Retrying in 1 seconds
 Retrying in 1 seconds
 Retrying in 1 seconds
[eikonal_aux ALM] step=221184  λ=1.496e+06  μ=1e+04  mean L_eik (epoch)=9.074756318703294  μ_grew=True  μ@max=True
 Retrying in 1 seconds
 Retrying in 1 seconds
 Retrying in 1 seconds
 Retrying in 1 seconds
 Retrying in 1 seconds
 Retrying in 1 seconds
 Retrying in 1 seconds
 Retrying in 1 seconds
 Retrying in 1 seconds
 Retrying in 1 seconds
 Retrying in 1 seconds
 Retrying in 1 seconds
 Retrying in 1 seconds
 Retrying in 1 seconds
 Retrying in 1 seconds
 Retrying in 1 seconds
 Retrying in 1 seconds
 Retrying in 1 seconds
[eikonal_aux ALM] step=229376  λ=1.584e+06  μ=1e+04  mean L_eik (epoch)=8.88266480062157  μ_grew=True  μ@max=True
 Retrying in 1 seconds
 Retrying in 1 seconds
 Retrying in 1 seconds
 Retrying in 1 seconds
 Retrying in 1 seconds
 Retrying in 1 seconds
 Retrying in 1 seconds
 Retrying in 1 seconds
 Retrying in 1 seconds
 Retrying in 1 seconds
[shaping_diag] success_cum_shaping=287.70 T=451 d_init=95.9 d_final=0.0
Warning: Vehicle 'other3' performs emergency braking on lane ':center_7_0' with decel=9.00, wished=5.00, severity=1.00, time=8.70.
Warning: Vehicle 'other2' performs emergency braking on lane ':center_7_0' with decel=9.00, wished=5.00, severity=1.00, time=10.20.
Warning: Vehicle 'other' performs emergency braking on lane ':center_7_0' with decel=9.00, wished=5.00, severity=1.00, time=9.90.
Warning: Vehicle 'other3' performs emergency braking on lane ':center_7_0' with decel=9.00, wished=4.00, severity=1.00, time=9.60.
 Retrying in 1 seconds
 Retrying in 1 seconds
 Retrying in 1 seconds
 Retrying in 1 seconds
 Retrying in 1 seconds
 Retrying in 1 seconds
 Retrying in 1 seconds
 Retrying in 1 seconds
[eikonal_aux ALM] step=237568  λ=1.673e+06  μ=1e+04  mean L_eik (epoch)=8.836196761578321  μ_grew=True  μ@max=True
 Retrying in 1 seconds
 Retrying in 1 seconds
 Retrying in 1 seconds
 Retrying in 1 seconds
 Retrying in 1 seconds
 Retrying in 1 seconds
 Retrying in 1 seconds
 Retrying in 1 seconds
 Retrying in 1 seconds
 Retrying in 1 seconds
 Retrying in 1 seconds
 Retrying in 1 seconds
 Retrying in 1 seconds
 Retrying in 1 seconds
 Retrying in 1 seconds
 Retrying in 1 seconds
 Retrying in 1 seconds
 Retrying in 1 seconds
[eikonal_aux ALM] step=245760  λ=1.774e+06  μ=1e+04  mean L_eik (epoch)=10.165865689516068  μ_grew=True  μ@max=True
 Retrying in 1 seconds
 Retrying in 1 seconds
 Retrying in 1 seconds
 Retrying in 1 seconds
 Retrying in 1 seconds
 Retrying in 1 seconds
 Retrying in 1 seconds
 Retrying in 1 seconds
 Retrying in 1 seconds
 Retrying in 1 seconds
 Retrying in 1 seconds
 Retrying in 1 seconds
 Retrying in 1 seconds
 Retrying in 1 seconds
 Retrying in 1 seconds
 Retrying in 1 seconds
[shaping_diag] success_cum_shaping=287.70 T=396 d_init=95.9 d_final=0.0
Warning: Collision of person 'ped2' and person 'ped1', lane='left_in_0', time=2.60.
Warning: Vehicle 'other3' performs emergency braking on lane ':center_7_0' with decel=9.00, wished=7.00, severity=1.00, time=9.00.
Warning: Collision of person 'ped0' and person 'ped2', lane='right_out_0', time=1.80.
Warning: Collision of person 'ped0' and person 'ped2', lane='right_out_0', time=1.90.
Warning: Vehicle 'other' performs emergency braking on lane ':center_7_0' with decel=9.00, wished=4.00, severity=1.00, time=9.40.
Warning: Vehicle 'other' performs emergency braking on lane ':center_7_0' with decel=9.00, wished=5.00, severity=1.00, time=9.50.
Warning: Vehicle 'other2' performs emergency braking on lane ':center_7_0' with decel=9.00, wished=6.00, severity=1.00, time=9.50.
Warning: Vehicle 'other2' collision with person 'ped0', lane=':center_13_0', time=9.90, stage=move.
Warning: Vehicle 'other2' performs emergency braking on lane ':center_7_0' with decel=9.00, wished=6.00, severity=1.00, time=9.70.
Warning: Vehicle 'other3' performs emergency braking on lane ':center_7_0' with decel=9.00, wished=5.00, severity=1.00, time=8.40.
Warning: Vehicle 'other2' performs emergency braking on lane ':center_7_0' with decel=9.00, wished=5.00, severity=1.00, time=13.00.
 Retrying in 1 seconds
 Retrying in 1 seconds
 Retrying in 1 seconds
[eikonal_aux] step=249856 ret=58.00 coll=0 ttc=15.05 L_eik=11.2 L_bc=186 L_ground=3.9e+03 |rho|=2.838 ALM[λ=1.77e+06,μ=1e+04] σ_bc=1.04 σ_g=1.79 buf=[56/0/1000] T_succ~-12.6 T_coll~0.0
 Retrying in 1 seconds
 Retrying in 1 seconds
 Retrying in 1 seconds
 Retrying in 1 seconds
 Retrying in 1 seconds
 Retrying in 1 seconds
 Retrying in 1 seconds
 Retrying in 1 seconds
 Retrying in 1 seconds
[eikonal_aux ALM] step=253952  λ=1.88e+06  μ=1e+04  mean L_eik (epoch)=10.520262613892555  μ_grew=True  μ@max=True
 Retrying in 1 seconds
 Retrying in 1 seconds
 Retrying in 1 seconds
 Retrying in 1 seconds
 Retrying in 1 seconds
 Retrying in 1 seconds
 Retrying in 1 seconds
 Retrying in 1 seconds
 Retrying in 1 seconds
 Retrying in 1 seconds
 Retrying in 1 seconds
 Retrying in 1 seconds
 Retrying in 1 seconds
 Retrying in 1 seconds
 Retrying in 1 seconds
 Retrying in 1 seconds
 Retrying in 1 seconds
 Retrying in 1 seconds
[eikonal_aux ALM] step=262144  λ=1.992e+06  μ=1e+04  mean L_eik (epoch)=11.28608732484281  μ_grew=True  μ@max=True
 Retrying in 1 seconds
 Retrying in 1 seconds
 Retrying in 1 seconds
 Retrying in 1 seconds
 Retrying in 1 seconds
 Retrying in 1 seconds
 Retrying in 1 seconds
 Retrying in 1 seconds
 Retrying in 1 seconds
 Retrying in 1 seconds
 Retrying in 1 seconds
 Retrying in 1 seconds
 Retrying in 1 seconds
 Retrying in 1 seconds
 Retrying in 1 seconds
 Retrying in 1 seconds
 Retrying in 1 seconds
 Retrying in 1 seconds
[eikonal_aux ALM] step=270336  λ=2.101e+06  μ=1e+04  mean L_eik (epoch)=10.852007165551186  μ_grew=True  μ@max=True
 Retrying in 1 seconds
 Retrying in 1 seconds
 Retrying in 1 seconds
 Retrying in 1 seconds
 Retrying in 1 seconds
 Retrying in 1 seconds
 Retrying in 1 seconds
 Retrying in 1 seconds
 Retrying in 1 seconds
 Retrying in 1 seconds
 Retrying in 1 seconds
 Retrying in 1 seconds
 Retrying in 1 seconds
 Retrying in 1 seconds
 Retrying in 1 seconds
 Retrying in 1 seconds
 Retrying in 1 seconds
 Retrying in 1 seconds
[eikonal_aux ALM] step=278528  λ=2.214e+06  μ=1e+04  mean L_eik (epoch)=11.339972341433167  μ_grew=True  μ@max=True
 Retrying in 1 seconds
 Retrying in 1 seconds
 Retrying in 1 seconds
 Retrying in 1 seconds
 Retrying in 1 seconds
 Retrying in 1 seconds
 Retrying in 1 seconds
 Retrying in 1 seconds
 Retrying in 1 seconds
 Retrying in 1 seconds
 Retrying in 1 seconds
 Retrying in 1 seconds
 Retrying in 1 seconds
 Retrying in 1 seconds
 Retrying in 1 seconds
 Retrying in 1 seconds
 Retrying in 1 seconds
 Retrying in 1 seconds
[eikonal_aux ALM] step=286720  λ=2.33e+06  μ=1e+04  mean L_eik (epoch)=11.561706164851785  μ_grew=True  μ@max=True
 Retrying in 1 seconds
 Retrying in 1 seconds
 Retrying in 1 seconds
 Retrying in 1 seconds
 Retrying in 1 seconds
 Retrying in 1 seconds
 Retrying in 1 seconds
 Retrying in 1 seconds
 Retrying in 1 seconds
 Retrying in 1 seconds
 Retrying in 1 seconds
 Retrying in 1 seconds
 Retrying in 1 seconds
 Retrying in 1 seconds
 Retrying in 1 seconds
 Retrying in 1 seconds
 Retrying in 1 seconds
 Retrying in 1 seconds
 Retrying in 1 seconds
[eikonal_aux] step=290816 ret=50.10 coll=0 ttc=23.50 L_eik=11.3 L_bc=164 L_ground=3.61e+03 |rho|=3.072 ALM[λ=2.33e+06,μ=1e+04] σ_bc=1.10 σ_g=1.83 buf=[56/0/1000] T_succ~-12.3 T_coll~0.0
 Retrying in 1 seconds
 Retrying in 1 seconds
 Retrying in 1 seconds
 Retrying in 1 seconds
 Retrying in 1 seconds
 Retrying in 1 seconds
 Retrying in 1 seconds
 Retrying in 1 seconds
 Retrying in 1 seconds
[eikonal_aux ALM] step=294912  λ=2.447e+06  μ=1e+04  mean L_eik (epoch)=11.676077134907246  μ_grew=True  μ@max=True
 Retrying in 1 seconds
 Retrying in 1 seconds
 Retrying in 1 seconds
 Retrying in 1 seconds
 Retrying in 1 seconds
 Retrying in 1 seconds
 Retrying in 1 seconds
 Retrying in 1 seconds
 Retrying in 1 seconds
 Retrying in 1 seconds
 Retrying in 1 seconds
 Retrying in 1 seconds
 Retrying in 1 seconds
 Retrying in 1 seconds
 Retrying in 1 seconds
 Retrying in 1 seconds
 Retrying in 1 seconds
 Retrying in 1 seconds
[eikonal_aux ALM] step=303104  λ=2.559e+06  μ=1e+04  mean L_eik (epoch)=11.272739920765162  μ_grew=True  μ@max=True
 Retrying in 1 seconds
 Retrying in 1 seconds
 Retrying in 1 seconds
 Retrying in 1 seconds
 Retrying in 1 seconds
 Retrying in 1 seconds
 Retrying in 1 seconds
 Retrying in 1 seconds
 Retrying in 1 seconds
 Retrying in 1 seconds
 Retrying in 1 seconds
 Retrying in 1 seconds
 Retrying in 1 seconds
 Retrying in 1 seconds
 Retrying in 1 seconds
 Retrying in 1 seconds
 Retrying in 1 seconds
 Retrying in 1 seconds
[eikonal_aux ALM] step=311296  λ=2.672e+06  μ=1e+04  mean L_eik (epoch)=11.235109318047762  μ_grew=True  μ@max=True
 Retrying in 1 seconds
 Retrying in 1 seconds
 Retrying in 1 seconds
 Retrying in 1 seconds
 Retrying in 1 seconds
 Retrying in 1 seconds
 Retrying in 1 seconds
 Retrying in 1 seconds
 Retrying in 1 seconds
 Retrying in 1 seconds
 Retrying in 1 seconds
 Retrying in 1 seconds
 Retrying in 1 seconds
 Retrying in 1 seconds
 Retrying in 1 seconds
[shaping_diag] success_cum_shaping=287.70 T=421 d_init=95.9 d_final=0.0
Warning: Vehicle 'other2' performs emergency braking on lane ':center_7_0' with decel=9.00, wished=5.00, severity=1.00, time=10.50.
Warning: Vehicle 'other2' performs emergency braking on lane ':center_7_0' with decel=9.00, wished=5.00, severity=1.00, time=9.70.
Warning: Vehicle 'other2' collision with person 'ped0', lane=':center_13_0', time=10.40, stage=move.
 Retrying in 1 seconds
 Retrying in 1 seconds
 Retrying in 1 seconds
[eikonal_aux ALM] step=319488  λ=2.773e+06  μ=1e+04  mean L_eik (epoch)=10.106810558587313  μ_grew=True  μ@max=True
 Retrying in 1 seconds
 Retrying in 1 seconds
 Retrying in 1 seconds
 Retrying in 1 seconds
 Retrying in 1 seconds
 Retrying in 1 seconds
 Retrying in 1 seconds
 Retrying in 1 seconds
 Retrying in 1 seconds
 Retrying in 1 seconds
 Retrying in 1 seconds
 Retrying in 1 seconds
 Retrying in 1 seconds
 Retrying in 1 seconds
 Retrying in 1 seconds
 Retrying in 1 seconds
 Retrying in 1 seconds
 Retrying in 1 seconds
[eikonal_aux ALM] step=327680  λ=2.879e+06  μ=1e+04  mean L_eik (epoch)=10.620469948276877  μ_grew=True  μ@max=True
 Retrying in 1 seconds
 Retrying in 1 seconds
 Retrying in 1 seconds
 Retrying in 1 seconds
 Retrying in 1 seconds
 Retrying in 1 seconds
 Retrying in 1 seconds
 Retrying in 1 seconds
 Retrying in 1 seconds
 Retrying in 1 seconds
 Retrying in 1 seconds
 Retrying in 1 seconds
 Retrying in 1 seconds
 Retrying in 1 seconds
 Retrying in 1 seconds
 Retrying in 1 seconds
 Retrying in 1 seconds
 Retrying in 1 seconds
 Retrying in 1 seconds
[eikonal_aux] step=331776 ret=45.06 coll=0 ttc=18.85 L_eik=11.2 L_bc=20.6 L_ground=2.38e+03 |rho|=3.070 ALM[λ=2.88e+06,μ=1e+04] σ_bc=1.24 σ_g=1.96 buf=[64/0/1000] T_succ~-0.7 T_coll~0.0
 Retrying in 1 seconds
 Retrying in 1 seconds
 Retrying in 1 seconds
 Retrying in 1 seconds
 Retrying in 1 seconds
 Retrying in 1 seconds
 Retrying in 1 seconds
 Retrying in 1 seconds
 Retrying in 1 seconds
[eikonal_aux ALM] step=335872  λ=2.986e+06  μ=1e+04  mean L_eik (epoch)=10.689348731189966  μ_grew=True  μ@max=True
 Retrying in 1 seconds
 Retrying in 1 seconds
 Retrying in 1 seconds
 Retrying in 1 seconds
 Retrying in 1 seconds
 Retrying in 1 seconds
 Retrying in 1 seconds
 Retrying in 1 seconds
 Retrying in 1 seconds
 Retrying in 1 seconds
 Retrying in 1 seconds
 Retrying in 1 seconds
 Retrying in 1 seconds
 Retrying in 1 seconds
 Retrying in 1 seconds
 Retrying in 1 seconds
 Retrying in 1 seconds
 Retrying in 1 seconds
[eikonal_aux ALM] step=344064  λ=3.087e+06  μ=1e+04  mean L_eik (epoch)=10.078462414443493  μ_grew=True  μ@max=True
 Retrying in 1 seconds
 Retrying in 1 seconds
 Retrying in 1 seconds
 Retrying in 1 seconds
 Retrying in 1 seconds
 Retrying in 1 seconds
 Retrying in 1 seconds
 Retrying in 1 seconds
 Retrying in 1 seconds
 Retrying in 1 seconds
 Retrying in 1 seconds
 Retrying in 1 seconds
 Retrying in 1 seconds
 Retrying in 1 seconds
 Retrying in 1 seconds
 Retrying in 1 seconds
 Retrying in 1 seconds
 Retrying in 1 seconds
[eikonal_aux ALM] step=352256  λ=3.166e+06  μ=1e+04  mean L_eik (epoch)=7.962558722123504  μ_grew=True  μ@max=True
 Retrying in 1 seconds
 Retrying in 1 seconds
 Retrying in 1 seconds
 Retrying in 1 seconds
 Retrying in 1 seconds
 Retrying in 1 seconds
 Retrying in 1 seconds
 Retrying in 1 seconds
[shaping_diag] success_cum_shaping=287.70 T=473 d_init=95.9 d_final=0.0
Warning: Vehicle 'other2' performs emergency braking on lane ':center_7_0' with decel=9.00, wished=3.00, severity=1.00, time=12.40.
Warning: Vehicle 'other' performs emergency braking on lane ':center_7_0' with decel=9.00, wished=5.00, severity=1.00, time=8.00.
Warning: Vehicle 'other' collision with person 'ped0', lane=':center_13_0', time=8.70, stage=move.
Warning: Vehicle 'other3' performs emergency braking on lane ':center_7_0' with decel=9.00, wished=5.00, severity=1.00, time=10.50.
 Retrying in 1 seconds
 Retrying in 1 seconds
 Retrying in 1 seconds
 Retrying in 1 seconds
 Retrying in 1 seconds
 Retrying in 1 seconds
 Retrying in 1 seconds
 Retrying in 1 seconds
 Retrying in 1 seconds
 Retrying in 1 seconds
[eikonal_aux ALM] step=360448  λ=3.245e+06  μ=1e+04  mean L_eik (epoch)=7.832842445001006  μ_grew=True  μ@max=True
 Retrying in 1 seconds
 Retrying in 1 seconds
 Retrying in 1 seconds
 Retrying in 1 seconds
 Retrying in 1 seconds
 Retrying in 1 seconds
 Retrying in 1 seconds
 Retrying in 1 seconds
 Retrying in 1 seconds
 Retrying in 1 seconds
 Retrying in 1 seconds
 Retrying in 1 seconds
 Retrying in 1 seconds
 Retrying in 1 seconds
 Retrying in 1 seconds
 Retrying in 1 seconds
 Retrying in 1 seconds
 Retrying in 1 seconds
[eikonal_aux ALM] step=368640  λ=3.325e+06  μ=1e+04  mean L_eik (epoch)=8.057625020854175  μ_grew=True  μ@max=True
 Retrying in 1 seconds
 Retrying in 1 seconds
 Retrying in 1 seconds
 Retrying in 1 seconds
 Retrying in 1 seconds
 Retrying in 1 seconds
 Retrying in 1 seconds
 Retrying in 1 seconds
 Retrying in 1 seconds
 Retrying in 1 seconds
[shaping_diag] success_cum_shaping=287.70 T=405 d_init=95.9 d_final=0.0
Warning: Vehicle 'other' performs emergency braking on lane ':center_7_0' with decel=9.00, wished=4.00, severity=1.00, time=8.80.
Warning: Vehicle 'other' performs emergency braking on lane ':center_7_0' with decel=9.00, wished=5.00, severity=1.00, time=6.80.
Warning: Vehicle 'other2' performs emergency braking on lane ':center_7_0' with decel=9.00, wished=5.00, severity=1.00, time=8.80.
Warning: Vehicle 'other3' performs emergency braking on lane ':center_7_0' with decel=9.00, wished=5.00, severity=1.00, time=8.70.
Warning: Vehicle 'other2' performs emergency braking on lane ':center_7_0' with decel=9.00, wished=4.00, severity=1.00, time=11.10.
 Retrying in 1 seconds
 Retrying in 1 seconds
 Retrying in 1 seconds
 Retrying in 1 seconds
 Retrying in 1 seconds
 Retrying in 1 seconds
 Retrying in 1 seconds
 Retrying in 1 seconds
 Retrying in 1 seconds
[eikonal_aux] step=372736 ret=44.85 coll=0 ttc=14.78 L_eik=9.08 L_bc=36.8 L_ground=2.94e+03 |rho|=2.584 ALM[λ=3.33e+06,μ=1e+04] σ_bc=1.31 σ_g=2.24 buf=[72/0/1000] T_succ~-4.9 T_coll~0.0
 Retrying in 1 seconds
 Retrying in 1 seconds
 Retrying in 1 seconds
 Retrying in 1 seconds
 Retrying in 1 seconds
 Retrying in 1 seconds
 Retrying in 1 seconds
 Retrying in 1 seconds
 Retrying in 1 seconds
[eikonal_aux ALM] step=376832  λ=3.411e+06  μ=1e+04  mean L_eik (epoch)=8.616522679105401  μ_grew=True  μ@max=True
 Retrying in 1 seconds
 Retrying in 1 seconds
 Retrying in 1 seconds
 Retrying in 1 seconds
 Retrying in 1 seconds
 Retrying in 1 seconds
 Retrying in 1 seconds
 Retrying in 1 seconds
 Retrying in 1 seconds
 Retrying in 1 seconds
 Retrying in 1 seconds
 Retrying in 1 seconds
 Retrying in 1 seconds
 Retrying in 1 seconds
 Retrying in 1 seconds
 Retrying in 1 seconds
 Retrying in 1 seconds
 Retrying in 1 seconds
[eikonal_aux ALM] step=385024  λ=3.497e+06  μ=1e+04  mean L_eik (epoch)=8.60290064662695  μ_grew=True  μ@max=True
 Retrying in 1 seconds
 Retrying in 1 seconds
 Retrying in 1 seconds
 Retrying in 1 seconds
 Retrying in 1 seconds
 Retrying in 1 seconds
 Retrying in 1 seconds
 Retrying in 1 seconds
 Retrying in 1 seconds
 Retrying in 1 seconds
 Retrying in 1 seconds
 Retrying in 1 seconds
 Retrying in 1 seconds
 Retrying in 1 seconds
 Retrying in 1 seconds
 Retrying in 1 seconds
 Retrying in 1 seconds
 Retrying in 1 seconds
[eikonal_aux ALM] step=393216  λ=3.582e+06  μ=1e+04  mean L_eik (epoch)=8.500439528375864  μ_grew=True  μ@max=True
 Retrying in 1 seconds
 Retrying in 1 seconds
 Retrying in 1 seconds
 Retrying in 1 seconds
 Retrying in 1 seconds
 Retrying in 1 seconds
 Retrying in 1 seconds
 Retrying in 1 seconds
 Retrying in 1 seconds
 Retrying in 1 seconds
 Retrying in 1 seconds
 Retrying in 1 seconds
 Retrying in 1 seconds
 Retrying in 1 seconds
 Retrying in 1 seconds
 Retrying in 1 seconds
 Retrying in 1 seconds
 Retrying in 1 seconds
[eikonal_aux ALM] step=401408  λ=3.659e+06  μ=1e+04  mean L_eik (epoch)=7.67252198420465  μ_grew=True  μ@max=True
Saved eikonal_aux to results/ablation/tier1/2_dense_right_left_eikonal_aux_nointent_s123/model_eikonal_aux_2_dense_right_left.pt

Running post-training checkpoint selection (30 eps each)...
 Retrying in 1 seconds
 Retrying in 1 seconds
 Retrying in 1 seconds
[shaping_diag] success_cum_shaping=287.70 T=334 d_init=95.9 d_final=0.0
 Retrying in 1 seconds
 Retrying in 1 seconds
 Retrying in 1 seconds
 Retrying in 1 seconds
 Retrying in 1 seconds
 Retrying in 1 seconds
 Retrying in 1 seconds
 Retrying in 1 seconds
[shaping_diag] success_cum_shaping=287.70 T=345 d_init=95.9 d_final=0.0
Warning: Vehicle 'other3' performs emergency braking on lane ':center_7_0' with decel=9.00, wished=5.00, severity=1.00, time=9.20.
Warning: Vehicle 'other3' performs emergency braking on lane ':center_7_0' with decel=9.00, wished=5.00, severity=1.00, time=9.20.
 Retrying in 1 seconds
 Retrying in 1 seconds
 Retrying in 1 seconds
 Retrying in 1 seconds
 Retrying in 1 seconds
 Retrying in 1 seconds
 Retrying in 1 seconds
 Retrying in 1 seconds
 Retrying in 1 seconds
 Retrying in 1 seconds
 Retrying in 1 seconds
 Retrying in 1 seconds
 Retrying in 1 seconds
 Retrying in 1 seconds
 Retrying in 1 seconds
 Retrying in 1 seconds
 Retrying in 1 seconds
 Retrying in 1 seconds
 Retrying in 1 seconds
  step=200000: return=+37.36, coll=0.00, score=37.36
 Retrying in 1 seconds
 Retrying in 1 seconds
 Retrying in 1 seconds
 Retrying in 1 seconds
 Retrying in 1 seconds
 Retrying in 1 seconds
 Retrying in 1 seconds
 Retrying in 1 seconds
 Retrying in 1 seconds
 Retrying in 1 seconds
 Retrying in 1 seconds
 Retrying in 1 seconds
 Retrying in 1 seconds
 Retrying in 1 seconds
 Retrying in 1 seconds
 Retrying in 1 seconds
 Retrying in 1 seconds
 Retrying in 1 seconds
 Retrying in 1 seconds
 Retrying in 1 seconds
 Retrying in 1 seconds
 Retrying in 1 seconds
 Retrying in 1 seconds
 Retrying in 1 seconds
 Retrying in 1 seconds
 Retrying in 1 seconds
 Retrying in 1 seconds
[shaping_diag] success_cum_shaping=287.70 T=454 d_init=95.9 d_final=0.0
 Retrying in 1 seconds
 Retrying in 1 seconds
 Retrying in 1 seconds
  step=300000: return=+25.10, coll=0.00, score=25.10
 Retrying in 1 seconds
 Retrying in 1 seconds
 Retrying in 1 seconds
[shaping_diag] success_cum_shaping=287.70 T=279 d_init=95.9 d_final=0.0
 Retrying in 1 seconds
 Retrying in 1 seconds
 Retrying in 1 seconds
 Retrying in 1 seconds
 Retrying in 1 seconds
 Retrying in 1 seconds
 Retrying in 1 seconds
 Retrying in 1 seconds
 Retrying in 1 seconds
 Retrying in 1 seconds
[shaping_diag] success_cum_shaping=287.70 T=277 d_init=95.9 d_final=0.0
 Retrying in 1 seconds
 Retrying in 1 seconds
 Retrying in 1 seconds
 Retrying in 1 seconds
 Retrying in 1 seconds
[shaping_diag] success_cum_shaping=287.70 T=460 d_init=95.9 d_final=0.0
 Retrying in 1 seconds
 Retrying in 1 seconds
 Retrying in 1 seconds
[shaping_diag] success_cum_shaping=287.70 T=497 d_init=95.9 d_final=0.0
Warning: Vehicle 'other3' performs emergency braking on lane ':center_7_0' with decel=9.00, wished=5.00, severity=1.00, time=9.20.
 Retrying in 1 seconds
 Retrying in 1 seconds
 Retrying in 1 seconds
 Retrying in 1 seconds
 Retrying in 1 seconds
 Retrying in 1 seconds
 Retrying in 1 seconds
 Retrying in 1 seconds
 Retrying in 1 seconds
  step=400000: return=+44.84, coll=0.00, score=44.84
 Retrying in 1 seconds
 Retrying in 1 seconds
 Retrying in 1 seconds
[shaping_diag] success_cum_shaping=287.70 T=279 d_init=95.9 d_final=0.0
 Retrying in 1 seconds
 Retrying in 1 seconds
 Retrying in 1 seconds
 Retrying in 1 seconds
 Retrying in 1 seconds
 Retrying in 1 seconds
 Retrying in 1 seconds
 Retrying in 1 seconds
 Retrying in 1 seconds
 Retrying in 1 seconds
[shaping_diag] success_cum_shaping=287.70 T=277 d_init=95.9 d_final=0.0
 Retrying in 1 seconds
 Retrying in 1 seconds
 Retrying in 1 seconds
 Retrying in 1 seconds
 Retrying in 1 seconds
[shaping_diag] success_cum_shaping=287.70 T=460 d_init=95.9 d_final=0.0
 Retrying in 1 seconds
 Retrying in 1 seconds
 Retrying in 1 seconds
[shaping_diag] success_cum_shaping=287.70 T=497 d_init=95.9 d_final=0.0
Warning: Vehicle 'other3' performs emergency braking on lane ':center_7_0' with decel=9.00, wished=5.00, severity=1.00, time=9.20.
 Retrying in 1 seconds
 Retrying in 1 seconds
 Retrying in 1 seconds
 Retrying in 1 seconds
 Retrying in 1 seconds
 Retrying in 1 seconds
 Retrying in 1 seconds
 Retrying in 1 seconds
 Retrying in 1 seconds
  step=final: return=+44.84, coll=0.00, score=44.84
  Keeping final checkpoint (best_step=400000, margin=0.00)
Training complete. Metrics in results/ablation/tier1/2_dense_right_left_eikonal_aux_nointent_s123/train_eikonal_aux_2_dense_right_left.csv
=== EVAL ===
Eval seed=1123 [deterministic]...
 Retrying in 1 seconds
 Retrying in 1 seconds
 Retrying in 1 seconds
 Retrying in 1 seconds
 Retrying in 1 seconds
 Retrying in 1 seconds
 Retrying in 1 seconds
 Retrying in 1 seconds
 Retrying in 1 seconds
 Retrying in 1 seconds
 Retrying in 1 seconds
 Retrying in 1 seconds
[shaping_diag] success_cum_shaping=287.70 T=446 d_init=95.9 d_final=0.0
 Retrying in 1 seconds
 Retrying in 1 seconds
[shaping_diag] success_cum_shaping=287.70 T=219 d_init=95.9 d_final=0.0
Warning: Collision of person 'ped0' and person 'ped2', lane='right_out_0', time=2.00.
Warning: Collision of person 'ped0' and person 'ped2', lane='right_out_0', time=2.10.
 Retrying in 1 seconds
 Retrying in 1 seconds
 Retrying in 1 seconds
 Retrying in 1 seconds
 Retrying in 1 seconds
 Retrying in 1 seconds
[shaping_diag] success_cum_shaping=287.70 T=245 d_init=95.9 d_final=0.0
Warning: Vehicle 'other3' performs emergency braking on lane ':center_7_0' with decel=9.00, wished=5.00, severity=1.00, time=10.50.
 Retrying in 1 seconds
 Retrying in 1 seconds
 Retrying in 1 seconds
[shaping_diag] success_cum_shaping=287.70 T=257 d_init=95.9 d_final=0.0
Warning: Vehicle 'other3' performs emergency braking on lane ':center_7_0' with decel=9.00, wished=6.00, severity=1.00, time=9.20.
Warning: Vehicle 'other3' collision with person 'ped0', lane=':center_13_0', time=9.70, stage=move.
 Retrying in 1 seconds
 Retrying in 1 seconds
 Retrying in 1 seconds
 Retrying in 1 seconds
 Retrying in 1 seconds
 Retrying in 1 seconds
[shaping_diag] success_cum_shaping=287.70 T=284 d_init=95.9 d_final=0.0
Warning: Vehicle 'other2' performs emergency braking on lane ':center_7_0' with decel=9.00, wished=5.00, severity=1.00, time=10.50.
 Retrying in 1 seconds
 Retrying in 1 seconds
 Retrying in 1 seconds
 Retrying in 1 seconds
 Retrying in 1 seconds
 Retrying in 1 seconds
 Retrying in 1 seconds
 Retrying in 1 seconds
 Retrying in 1 seconds
 Retrying in 1 seconds
 Retrying in 1 seconds
 Retrying in 1 seconds
 Retrying in 1 seconds
 Retrying in 1 seconds
 Retrying in 1 seconds
 Retrying in 1 seconds
 Retrying in 1 seconds
 Retrying in 1 seconds
 Retrying in 1 seconds
 Retrying in 1 seconds
[shaping_diag] success_cum_shaping=287.70 T=381 d_init=95.9 d_final=0.0
Warning: Vehicle 'other2' performs emergency braking on lane ':center_7_0' with decel=9.00, wished=3.00, severity=1.00, time=12.60.
 Retrying in 1 seconds
 Retrying in 1 seconds
 Retrying in 1 seconds
 Retrying in 1 seconds
 Retrying in 1 seconds
 Retrying in 1 seconds
 Retrying in 1 seconds
 Retrying in 1 seconds
[shaping_diag] success_cum_shaping=287.70 T=358 d_init=95.9 d_final=0.0
 Retrying in 1 seconds
 Retrying in 1 seconds
 Retrying in 1 seconds
 Retrying in 1 seconds
 Retrying in 1 seconds
 Retrying in 1 seconds
 Retrying in 1 seconds
[shaping_diag] success_cum_shaping=287.70 T=264 d_init=95.9 d_final=0.0
 Retrying in 1 seconds
[shaping_diag] success_cum_shaping=287.70 T=344 d_init=95.9 d_final=0.0
Warning: Collision of person 'ped0' and person 'ped2', lane='left_in_0', time=1.70.
Warning: Collision of person 'ped0' and person 'ped2', lane='left_in_0', time=1.80.
 Retrying in 1 seconds
 Retrying in 1 seconds
 Retrying in 1 seconds
 Retrying in 1 seconds
 Retrying in 1 seconds
 Retrying in 1 seconds
 Retrying in 1 seconds
[shaping_diag] success_cum_shaping=287.70 T=496 d_init=95.9 d_final=0.0
 Retrying in 1 seconds
[shaping_diag] success_cum_shaping=287.70 T=288 d_init=95.9 d_final=0.0
 Retrying in 1 seconds
[shaping_diag] success_cum_shaping=287.70 T=465 d_init=95.9 d_final=0.0
 Retrying in 1 seconds
 Retrying in 1 seconds
 Retrying in 1 seconds
 Retrying in 1 seconds
 Retrying in 1 seconds
 Retrying in 1 seconds
[shaping_diag] success_cum_shaping=287.70 T=267 d_init=95.9 d_final=0.0
 Retrying in 1 seconds
 Retrying in 1 seconds
[shaping_diag] success_cum_shaping=287.70 T=285 d_init=95.9 d_final=0.0
 Retrying in 1 seconds
 Retrying in 1 seconds
 Retrying in 1 seconds
[shaping_diag] success_cum_shaping=287.70 T=275 d_init=95.9 d_final=0.0
Warning: Vehicle 'other2' performs emergency braking on lane ':center_7_0' with decel=9.00, wished=4.00, severity=1.00, time=13.00.
 Retrying in 1 seconds
 Retrying in 1 seconds
 Retrying in 1 seconds
 Retrying in 1 seconds
 Retrying in 1 seconds
 Retrying in 1 seconds
 Retrying in 1 seconds
 Retrying in 1 seconds
[shaping_diag] success_cum_shaping=287.70 T=306 d_init=95.9 d_final=0.0
 Retrying in 1 seconds
 Retrying in 1 seconds
 Retrying in 1 seconds
 Retrying in 1 seconds
[shaping_diag] success_cum_shaping=287.70 T=294 d_init=95.9 d_final=0.0
Warning: Vehicle 'other2' performs emergency braking on lane ':center_7_0' with decel=9.00, wished=4.00, severity=1.00, time=11.30.
Warning: Collision of person 'ped0' and person 'ped2', lane='right_out_0', time=2.00.
Warning: Collision of person 'ped0' and person 'ped2', lane='right_out_0', time=2.10.
Warning: Vehicle 'other3' performs emergency braking on lane ':center_7_0' with decel=9.00, wished=5.00, severity=1.00, time=10.50.
Warning: Vehicle 'other3' performs emergency braking on lane ':center_7_0' with decel=9.00, wished=6.00, severity=1.00, time=9.20.
Warning: Vehicle 'other3' collision with person 'ped0', lane=':center_13_0', time=9.70, stage=move.
Warning: Vehicle 'other2' performs emergency braking on lane ':center_7_0' with decel=9.00, wished=3.00, severity=1.00, time=12.60.
Warning: Collision of person 'ped0' and person 'ped2', lane='left_in_0', time=1.70.
Warning: Collision of person 'ped0' and person 'ped2', lane='left_in_0', time=1.80.
 Retrying in 1 seconds
 Retrying in 1 seconds
 Retrying in 1 seconds
  return=53.09 coll=0.000 success=0.170 ttc=8.38 ent=1.09 brakes=0.1
Eval seed=1123 [stochastic]...
 Retrying in 1 seconds
 Retrying in 1 seconds
 Retrying in 1 seconds
 Retrying in 1 seconds
 Retrying in 1 seconds
 Retrying in 1 seconds
 Retrying in 1 seconds
 Retrying in 1 seconds
 Retrying in 1 seconds
 Retrying in 1 seconds
 Retrying in 1 seconds
 Retrying in 1 seconds
 Retrying in 1 seconds
 Retrying in 1 seconds
 Retrying in 1 seconds
 Retrying in 1 seconds
 Retrying in 1 seconds
 Retrying in 1 seconds
 Retrying in 1 seconds
 Retrying in 1 seconds
 Retrying in 1 seconds
 Retrying in 1 seconds
 Retrying in 1 seconds
 Retrying in 1 seconds
 Retrying in 1 seconds
 Retrying in 1 seconds
 Retrying in 1 seconds
 Retrying in 1 seconds
 Retrying in 1 seconds
 Retrying in 1 seconds
 Retrying in 1 seconds
 Retrying in 1 seconds
 Retrying in 1 seconds
 Retrying in 1 seconds
 Retrying in 1 seconds
 Retrying in 1 seconds
 Retrying in 1 seconds
 Retrying in 1 seconds
 Retrying in 1 seconds
 Retrying in 1 seconds
 Retrying in 1 seconds
 Retrying in 1 seconds
 Retrying in 1 seconds
 Retrying in 1 seconds
 Retrying in 1 seconds
 Retrying in 1 seconds
 Retrying in 1 seconds
 Retrying in 1 seconds
 Retrying in 1 seconds
 Retrying in 1 seconds
 Retrying in 1 seconds
 Retrying in 1 seconds
 Retrying in 1 seconds
 Retrying in 1 seconds
 Retrying in 1 seconds
 Retrying in 1 seconds
 Retrying in 1 seconds
 Retrying in 1 seconds
 Retrying in 1 seconds
 Retrying in 1 seconds
 Retrying in 1 seconds
 Retrying in 1 seconds
 Retrying in 1 seconds
 Retrying in 1 seconds
 Retrying in 1 seconds
 Retrying in 1 seconds
 Retrying in 1 seconds
 Retrying in 1 seconds
 Retrying in 1 seconds
 Retrying in 1 seconds
 Retrying in 1 seconds
 Retrying in 1 seconds
 Retrying in 1 seconds
 Retrying in 1 seconds
 Retrying in 1 seconds
 Retrying in 1 seconds
 Retrying in 1 seconds
 Retrying in 1 seconds
 Retrying in 1 seconds
 Retrying in 1 seconds
[shaping_diag] success_cum_shaping=287.70 T=463 d_init=95.9 d_final=0.0
Warning: Vehicle 'other2' performs emergency braking on lane ':center_7_0' with decel=9.00, wished=4.00, severity=1.00, time=13.00.
Warning: Vehicle 'other2' performs emergency braking on lane ':center_7_0' with decel=9.00, wished=4.00, severity=1.00, time=11.30.
 Retrying in 1 seconds
 Retrying in 1 seconds
 Retrying in 1 seconds
 Retrying in 1 seconds
 Retrying in 1 seconds
 Retrying in 1 seconds
 Retrying in 1 seconds
 Retrying in 1 seconds
 Retrying in 1 seconds
 Retrying in 1 seconds
 Retrying in 1 seconds
 Retrying in 1 seconds
 Retrying in 1 seconds
 Retrying in 1 seconds
 Retrying in 1 seconds
 Retrying in 1 seconds
 Retrying in 1 seconds
 Retrying in 1 seconds
 Retrying in 1 seconds
 Retrying in 1 seconds
  return=11.94 coll=0.000 success=0.010 ttc=12.50 ent=1.57 brakes=0.0
Eval seed=2123 [deterministic]...
 Retrying in 1 seconds
 Retrying in 1 seconds
 Retrying in 1 seconds
 Retrying in 1 seconds
[shaping_diag] success_cum_shaping=287.70 T=205 d_init=95.9 d_final=0.0
 Retrying in 1 seconds
 Retrying in 1 seconds
 Retrying in 1 seconds
 Retrying in 1 seconds
 Retrying in 1 seconds
 Retrying in 1 seconds
[shaping_diag] success_cum_shaping=287.70 T=303 d_init=95.9 d_final=0.0
 Retrying in 1 seconds
[shaping_diag] success_cum_shaping=287.70 T=280 d_init=95.9 d_final=0.0
 Retrying in 1 seconds
 Retrying in 1 seconds
 Retrying in 1 seconds
 Retrying in 1 seconds
 Retrying in 1 seconds
 Retrying in 1 seconds
 Retrying in 1 seconds
[shaping_diag] success_cum_shaping=287.70 T=278 d_init=95.9 d_final=0.0
 Retrying in 1 seconds
[shaping_diag] success_cum_shaping=287.70 T=321 d_init=95.9 d_final=0.0
 Retrying in 1 seconds
[shaping_diag] success_cum_shaping=287.70 T=264 d_init=95.9 d_final=0.0
Warning: Vehicle 'other2' performs emergency braking on lane ':center_7_0' with decel=9.00, wished=4.00, severity=1.00, time=11.20.
 Retrying in 1 seconds
 Retrying in 1 seconds
 Retrying in 1 seconds
 Retrying in 1 seconds
 Retrying in 1 seconds
 Retrying in 1 seconds
 Retrying in 1 seconds
 Retrying in 1 seconds
 Retrying in 1 seconds
 Retrying in 1 seconds
[shaping_diag] success_cum_shaping=287.70 T=274 d_init=95.9 d_final=0.0
Warning: Vehicle 'other3' performs emergency braking on lane ':center_7_0' with decel=9.00, wished=4.00, severity=1.00, time=9.10.
 Retrying in 1 seconds
 Retrying in 1 seconds
 Retrying in 1 seconds
 Retrying in 1 seconds
 Retrying in 1 seconds
 Retrying in 1 seconds
[shaping_diag] success_cum_shaping=287.70 T=448 d_init=95.9 d_final=0.0
 Retrying in 1 seconds
 Retrying in 1 seconds
 Retrying in 1 seconds
 Retrying in 1 seconds
[shaping_diag] success_cum_shaping=287.70 T=266 d_init=95.9 d_final=0.0
 Retrying in 1 seconds
 Retrying in 1 seconds
 Retrying in 1 seconds
 Retrying in 1 seconds
 Retrying in 1 seconds
[shaping_diag] success_cum_shaping=287.70 T=277 d_init=95.9 d_final=0.0
Warning: Vehicle 'other2' performs emergency braking on lane ':center_7_0' with decel=9.00, wished=7.00, severity=1.00, time=10.40.
 Retrying in 1 seconds
 Retrying in 1 seconds
 Retrying in 1 seconds
 Retrying in 1 seconds
[shaping_diag] success_cum_shaping=287.70 T=298 d_init=95.9 d_final=0.0
 Retrying in 1 seconds
[shaping_diag] success_cum_shaping=287.70 T=252 d_init=95.9 d_final=0.0
 Retrying in 1 seconds
 Retrying in 1 seconds
[shaping_diag] success_cum_shaping=287.70 T=270 d_init=95.9 d_final=0.0
 Retrying in 1 seconds
 Retrying in 1 seconds
 Retrying in 1 seconds
[shaping_diag] success_cum_shaping=287.70 T=288 d_init=95.9 d_final=0.0
 Retrying in 1 seconds
[shaping_diag] success_cum_shaping=287.70 T=261 d_init=95.9 d_final=0.0
 Retrying in 1 seconds
[shaping_diag] success_cum_shaping=287.70 T=386 d_init=95.9 d_final=0.0
 Retrying in 1 seconds
[shaping_diag] success_cum_shaping=287.70 T=289 d_init=95.9 d_final=0.0
Warning: Vehicle 'other2' performs emergency braking on lane ':center_7_0' with decel=9.00, wished=6.00, severity=1.00, time=8.70.
 Retrying in 1 seconds
 Retrying in 1 seconds
 Retrying in 1 seconds
 Retrying in 1 seconds
 Retrying in 1 seconds
 Retrying in 1 seconds
 Retrying in 1 seconds
 Retrying in 1 seconds
 Retrying in 1 seconds
[shaping_diag] success_cum_shaping=287.70 T=421 d_init=95.9 d_final=0.0
 Retrying in 1 seconds
 Retrying in 1 seconds
 Retrying in 1 seconds
[shaping_diag] success_cum_shaping=287.70 T=214 d_init=95.9 d_final=0.0
 Retrying in 1 seconds
 Retrying in 1 seconds
 Retrying in 1 seconds
 Retrying in 1 seconds
 Retrying in 1 seconds
 Retrying in 1 seconds
 Retrying in 1 seconds
 Retrying in 1 seconds
 Retrying in 1 seconds
 Retrying in 1 seconds
 Retrying in 1 seconds
[shaping_diag] success_cum_shaping=287.70 T=462 d_init=95.9 d_final=0.0
Warning: Collision of person 'ped0' and person 'ped2', lane='left_in_0', time=1.50.
 Retrying in 1 seconds
 Retrying in 1 seconds
 Retrying in 1 seconds
 Retrying in 1 seconds
 Retrying in 1 seconds
 Retrying in 1 seconds
 Retrying in 1 seconds
 Retrying in 1 seconds
 Retrying in 1 seconds
 Retrying in 1 seconds
 Retrying in 1 seconds
[shaping_diag] success_cum_shaping=287.70 T=310 d_init=95.9 d_final=0.0
Warning: Vehicle 'other3' performs emergency braking on lane ':center_7_0' with decel=9.00, wished=5.00, severity=1.00, time=9.80.
 Retrying in 1 seconds
 Retrying in 1 seconds
 Retrying in 1 seconds
 Retrying in 1 seconds
[shaping_diag] success_cum_shaping=287.70 T=313 d_init=95.9 d_final=0.0
 Retrying in 1 seconds
[shaping_diag] success_cum_shaping=287.70 T=296 d_init=95.9 d_final=0.0
 Retrying in 1 seconds
 Retrying in 1 seconds
 Retrying in 1 seconds
  return=61.11 coll=0.000 success=0.230 ttc=10.50 ent=1.08 brakes=0.2
Eval seed=2123 [stochastic]...
 Retrying in 1 seconds
 Retrying in 1 seconds
 Retrying in 1 seconds
 Retrying in 1 seconds
 Retrying in 1 seconds
 Retrying in 1 seconds
 Retrying in 1 seconds
 Retrying in 1 seconds
 Retrying in 1 seconds
 Retrying in 1 seconds
 Retrying in 1 seconds
 Retrying in 1 seconds
 Retrying in 1 seconds
 Retrying in 1 seconds
[shaping_diag] success_cum_shaping=287.70 T=453 d_init=95.9 d_final=0.0
 Retrying in 1 seconds
 Retrying in 1 seconds
 Retrying in 1 seconds
 Retrying in 1 seconds
 Retrying in 1 seconds
 Retrying in 1 seconds
[shaping_diag] success_cum_shaping=287.70 T=399 d_init=95.9 d_final=0.0
Warning: Vehicle 'other2' performs emergency braking on lane ':center_7_0' with decel=9.00, wished=4.00, severity=1.00, time=11.20.
Warning: Vehicle 'other' performs emergency braking on lane ':center_7_0' with decel=9.00, wished=4.00, severity=1.00, time=9.60.
Warning: Vehicle 'other3' performs emergency braking on lane ':center_7_0' with decel=9.00, wished=4.00, severity=1.00, time=9.10.
Warning: Vehicle 'other2' performs emergency braking on lane ':center_7_0' with decel=9.00, wished=7.00, severity=1.00, time=10.40.
Warning: Vehicle 'other2' performs emergency braking on lane ':center_7_0' with decel=9.00, wished=6.00, severity=1.00, time=8.70.
Warning: Collision of person 'ped0' and person 'ped2', lane='left_in_0', time=1.50.
Warning: Vehicle 'other3' performs emergency braking on lane ':center_7_0' with decel=9.00, wished=5.00, severity=1.00, time=9.80.
Warning: Vehicle 'other3' performs emergency braking on lane ':center_7_0' with decel=9.00, wished=3.00, severity=1.00, time=14.00.
 Retrying in 1 seconds
 Retrying in 1 seconds
 Retrying in 1 seconds
 Retrying in 1 seconds
 Retrying in 1 seconds
 Retrying in 1 seconds
 Retrying in 1 seconds
 Retrying in 1 seconds
 Retrying in 1 seconds
 Retrying in 1 seconds
 Retrying in 1 seconds
 Retrying in 1 seconds
 Retrying in 1 seconds
 Retrying in 1 seconds
 Retrying in 1 seconds
 Retrying in 1 seconds
 Retrying in 1 seconds
 Retrying in 1 seconds
 Retrying in 1 seconds
 Retrying in 1 seconds
 Retrying in 1 seconds
 Retrying in 1 seconds
 Retrying in 1 seconds
 Retrying in 1 seconds
 Retrying in 1 seconds
 Retrying in 1 seconds
 Retrying in 1 seconds
 Retrying in 1 seconds
 Retrying in 1 seconds
 Retrying in 1 seconds
 Retrying in 1 seconds
 Retrying in 1 seconds
 Retrying in 1 seconds
 Retrying in 1 seconds
 Retrying in 1 seconds
 Retrying in 1 seconds
 Retrying in 1 seconds
 Retrying in 1 seconds
 Retrying in 1 seconds
 Retrying in 1 seconds
 Retrying in 1 seconds
 Retrying in 1 seconds
 Retrying in 1 seconds
 Retrying in 1 seconds
 Retrying in 1 seconds
 Retrying in 1 seconds
 Retrying in 1 seconds
 Retrying in 1 seconds
 Retrying in 1 seconds
 Retrying in 1 seconds
 Retrying in 1 seconds
 Retrying in 1 seconds
 Retrying in 1 seconds
 Retrying in 1 seconds
 Retrying in 1 seconds
 Retrying in 1 seconds
 Retrying in 1 seconds
 Retrying in 1 seconds
 Retrying in 1 seconds
 Retrying in 1 seconds
 Retrying in 1 seconds
 Retrying in 1 seconds
 Retrying in 1 seconds
 Retrying in 1 seconds
 Retrying in 1 seconds
 Retrying in 1 seconds
 Retrying in 1 seconds
 Retrying in 1 seconds
 Retrying in 1 seconds
 Retrying in 1 seconds
 Retrying in 1 seconds
 Retrying in 1 seconds
 Retrying in 1 seconds
 Retrying in 1 seconds
 Retrying in 1 seconds
 Retrying in 1 seconds
 Retrying in 1 seconds
 Retrying in 1 seconds
 Retrying in 1 seconds
 Retrying in 1 seconds
  return=16.06 coll=0.000 success=0.020 ttc=12.07 ent=1.56 brakes=0.0
Eval seed=3123 [deterministic]...
 Retrying in 1 seconds
 Retrying in 1 seconds
 Retrying in 1 seconds
[shaping_diag] success_cum_shaping=287.70 T=495 d_init=95.9 d_final=0.0
 Retrying in 1 seconds
 Retrying in 1 seconds
 Retrying in 1 seconds
 Retrying in 1 seconds
 Retrying in 1 seconds
 Retrying in 1 seconds
 Retrying in 1 seconds
[shaping_diag] success_cum_shaping=287.70 T=342 d_init=95.9 d_final=0.0
Warning: Vehicle 'other2' performs emergency braking on lane ':center_7_0' with decel=9.00, wished=6.00, severity=1.00, time=8.50.
 Retrying in 1 seconds
 Retrying in 1 seconds
 Retrying in 1 seconds
 Retrying in 1 seconds
 Retrying in 1 seconds
 Retrying in 1 seconds
 Retrying in 1 seconds
 Retrying in 1 seconds
 Retrying in 1 seconds
 Retrying in 1 seconds
[shaping_diag] success_cum_shaping=287.70 T=293 d_init=95.9 d_final=0.0
 Retrying in 1 seconds
 Retrying in 1 seconds
 Retrying in 1 seconds
 Retrying in 1 seconds
[shaping_diag] success_cum_shaping=287.70 T=272 d_init=95.9 d_final=0.0
 Retrying in 1 seconds
 Retrying in 1 seconds
 Retrying in 1 seconds
 Retrying in 1 seconds
 Retrying in 1 seconds
 Retrying in 1 seconds
[shaping_diag] success_cum_shaping=287.70 T=339 d_init=95.9 d_final=0.0
 Retrying in 1 seconds
 Retrying in 1 seconds
 Retrying in 1 seconds
 Retrying in 1 seconds
 Retrying in 1 seconds
 Retrying in 1 seconds
 Retrying in 1 seconds
 Retrying in 1 seconds
 Retrying in 1 seconds
 Retrying in 1 seconds
 Retrying in 1 seconds
[shaping_diag] success_cum_shaping=287.70 T=388 d_init=95.9 d_final=0.0
 Retrying in 1 seconds
 Retrying in 1 seconds
[shaping_diag] success_cum_shaping=287.70 T=273 d_init=95.9 d_final=0.0
 Retrying in 1 seconds
[shaping_diag] success_cum_shaping=287.70 T=372 d_init=95.9 d_final=0.0
Warning: Vehicle 'other2' performs emergency braking on lane ':center_7_0' with decel=9.00, wished=6.00, severity=1.00, time=7.80.
 Retrying in 1 seconds
 Retrying in 1 seconds
 Retrying in 1 seconds
 Retrying in 1 seconds
 Retrying in 1 seconds
 Retrying in 1 seconds
 Retrying in 1 seconds
 Retrying in 1 seconds
 Retrying in 1 seconds
 Retrying in 1 seconds
 Retrying in 1 seconds
 Retrying in 1 seconds
[shaping_diag] success_cum_shaping=287.70 T=391 d_init=95.9 d_final=0.0
Warning: Vehicle 'other3' performs emergency braking on lane ':center_7_0' with decel=9.00, wished=4.00, severity=1.00, time=8.90.
 Retrying in 1 seconds
 Retrying in 1 seconds
 Retrying in 1 seconds
 Retrying in 1 seconds
 Retrying in 1 seconds
 Retrying in 1 seconds
 Retrying in 1 seconds
 Retrying in 1 seconds
 Retrying in 1 seconds
 Retrying in 1 seconds
 Retrying in 1 seconds
 Retrying in 1 seconds
[shaping_diag] success_cum_shaping=287.70 T=234 d_init=95.9 d_final=0.0
 Retrying in 1 seconds
 Retrying in 1 seconds
 Retrying in 1 seconds
 Retrying in 1 seconds
 Retrying in 1 seconds
[shaping_diag] success_cum_shaping=287.70 T=308 d_init=95.9 d_final=0.0
Warning: Vehicle 'other2' performs emergency braking on lane ':center_7_0' with decel=9.00, wished=6.00, severity=1.00, time=9.70.
 Retrying in 1 seconds
 Retrying in 1 seconds
 Retrying in 1 seconds
 Retrying in 1 seconds
[shaping_diag] success_cum_shaping=287.70 T=416 d_init=95.9 d_final=0.0
 Retrying in 1 seconds
 Retrying in 1 seconds
 Retrying in 1 seconds
 Retrying in 1 seconds
 Retrying in 1 seconds
 Retrying in 1 seconds
 Retrying in 1 seconds
 Retrying in 1 seconds
[shaping_diag] success_cum_shaping=287.70 T=447 d_init=95.9 d_final=0.0
Warning: Vehicle 'other2' performs emergency braking on lane ':center_7_0' with decel=9.00, wished=4.00, severity=1.00, time=20.90.
 Retrying in 1 seconds
 Retrying in 1 seconds
 Retrying in 1 seconds
 Retrying in 1 seconds
 Retrying in 1 seconds
 Retrying in 1 seconds
 Retrying in 1 seconds
 Retrying in 1 seconds
 Retrying in 1 seconds
 Retrying in 1 seconds
 Retrying in 1 seconds
 Retrying in 1 seconds
[shaping_diag] success_cum_shaping=287.70 T=255 d_init=95.9 d_final=0.0
Warning: Vehicle 'other2' performs emergency braking on lane ':center_7_0' with decel=9.00, wished=6.00, severity=1.00, time=8.50.
Warning: Vehicle 'other' performs emergency braking on lane ':center_7_0' with decel=9.00, wished=3.00, severity=1.00, time=12.40.
Warning: Vehicle 'other2' performs emergency braking on lane ':center_7_0' with decel=9.00, wished=6.00, severity=1.00, time=7.80.
Warning: Vehicle 'other3' performs emergency braking on lane ':center_7_0' with decel=9.00, wished=4.00, severity=1.00, time=8.90.
Warning: Vehicle 'other2' performs emergency braking on lane ':center_7_0' with decel=9.00, wished=6.00, severity=1.00, time=9.70.
Warning: Vehicle 'other2' performs emergency braking on lane ':center_7_0' with decel=9.00, wished=4.00, severity=1.00, time=20.90.
 Retrying in 1 seconds
 Retrying in 1 seconds
 Retrying in 1 seconds
  return=51.01 coll=0.000 success=0.140 ttc=9.09 ent=1.07 brakes=0.1
Eval seed=3123 [stochastic]...
 Retrying in 1 seconds
 Retrying in 1 seconds
 Retrying in 1 seconds
 Retrying in 1 seconds
 Retrying in 1 seconds
 Retrying in 1 seconds
 Retrying in 1 seconds
 Retrying in 1 seconds
 Retrying in 1 seconds
 Retrying in 1 seconds
 Retrying in 1 seconds
 Retrying in 1 seconds
 Retrying in 1 seconds
 Retrying in 1 seconds
 Retrying in 1 seconds
 Retrying in 1 seconds
 Retrying in 1 seconds
 Retrying in 1 seconds
 Retrying in 1 seconds
 Retrying in 1 seconds
 Retrying in 1 seconds
 Retrying in 1 seconds
 Retrying in 1 seconds
 Retrying in 1 seconds
 Retrying in 1 seconds
 Retrying in 1 seconds
 Retrying in 1 seconds
 Retrying in 1 seconds
 Retrying in 1 seconds
 Retrying in 1 seconds
 Retrying in 1 seconds
 Retrying in 1 seconds
 Retrying in 1 seconds
 Retrying in 1 seconds
 Retrying in 1 seconds
 Retrying in 1 seconds
 Retrying in 1 seconds
 Retrying in 1 seconds
 Retrying in 1 seconds
 Retrying in 1 seconds
 Retrying in 1 seconds
 Retrying in 1 seconds
 Retrying in 1 seconds
 Retrying in 1 seconds
 Retrying in 1 seconds
 Retrying in 1 seconds
 Retrying in 1 seconds
 Retrying in 1 seconds
 Retrying in 1 seconds
 Retrying in 1 seconds
 Retrying in 1 seconds
 Retrying in 1 seconds
 Retrying in 1 seconds
 Retrying in 1 seconds
 Retrying in 1 seconds
 Retrying in 1 seconds
 Retrying in 1 seconds
 Retrying in 1 seconds
 Retrying in 1 seconds
 Retrying in 1 seconds
 Retrying in 1 seconds
 Retrying in 1 seconds
 Retrying in 1 seconds
 Retrying in 1 seconds
 Retrying in 1 seconds
 Retrying in 1 seconds
 Retrying in 1 seconds
 Retrying in 1 seconds
 Retrying in 1 seconds
 Retrying in 1 seconds
 Retrying in 1 seconds
 Retrying in 1 seconds
 Retrying in 1 seconds
 Retrying in 1 seconds
 Retrying in 1 seconds
 Retrying in 1 seconds
 Retrying in 1 seconds
 Retrying in 1 seconds
 Retrying in 1 seconds
 Retrying in 1 seconds
 Retrying in 1 seconds
 Retrying in 1 seconds
 Retrying in 1 seconds
 Retrying in 1 seconds
 Retrying in 1 seconds
 Retrying in 1 seconds
 Retrying in 1 seconds
 Retrying in 1 seconds
 Retrying in 1 seconds
 Retrying in 1 seconds
 Retrying in 1 seconds
 Retrying in 1 seconds
 Retrying in 1 seconds
 Retrying in 1 seconds
 Retrying in 1 seconds
 Retrying in 1 seconds
 Retrying in 1 seconds
 Retrying in 1 seconds
 Retrying in 1 seconds
[shaping_diag] success_cum_shaping=287.70 T=490 d_init=95.9 d_final=0.0
 Retrying in 1 seconds
  return=9.77 coll=0.000 success=0.010 ttc=12.13 ent=1.56 brakes=0.0
Saved results/ablation/tier1/2_dense_right_left_eikonal_aux_nointent_s123/eval_eikonal_aux_2_dense_right_left.csv
